// Jest Snapshot v1, https://goo.gl/fbAQLP

exports[`applybuffstack works for SD Lantern Buff 1`] = `
Array [
  Object {
    "abilityID": 340433,
    "eventType": "ApplyBuffStack",
    "stacks": 2,
    "targetPlayerID": 1,
    "timestamp": 11578032,
  },
  Object {
    "abilityID": 340433,
    "eventType": "ApplyBuffStack",
    "stacks": 2,
    "targetPlayerID": 1,
    "timestamp": 11578032,
  },
  Object {
    "abilityID": 340433,
    "eventType": "ApplyBuffStack",
    "stacks": 2,
    "targetPlayerID": 1,
    "timestamp": 11578032,
  },
  Object {
    "abilityID": 340433,
    "eventType": "ApplyBuffStack",
    "stacks": 2,
    "targetPlayerID": 1,
    "timestamp": 11578032,
  },
  Object {
    "abilityID": 340433,
    "eventType": "ApplyBuffStack",
    "stacks": 2,
    "targetPlayerID": 1,
    "timestamp": 11578032,
  },
  Object {
    "abilityID": 340433,
    "eventType": "ApplyBuffStack",
    "stacks": 3,
    "targetPlayerID": 1,
    "timestamp": 11578435,
  },
  Object {
    "abilityID": 340433,
    "eventType": "ApplyBuffStack",
    "stacks": 3,
    "targetPlayerID": 1,
    "timestamp": 11578435,
  },
  Object {
    "abilityID": 340433,
    "eventType": "ApplyBuffStack",
    "stacks": 3,
    "targetPlayerID": 1,
    "timestamp": 11578435,
  },
  Object {
    "abilityID": 340433,
    "eventType": "ApplyBuffStack",
    "stacks": 3,
    "targetPlayerID": 1,
    "timestamp": 11578435,
  },
  Object {
    "abilityID": 340433,
    "eventType": "ApplyBuffStack",
    "stacks": 3,
    "targetPlayerID": 1,
    "timestamp": 11578435,
  },
  Object {
    "abilityID": 340433,
    "eventType": "ApplyBuffStack",
    "stacks": 4,
    "targetPlayerID": 1,
    "timestamp": 11578528,
  },
  Object {
    "abilityID": 340433,
    "eventType": "ApplyBuffStack",
    "stacks": 4,
    "targetPlayerID": 1,
    "timestamp": 11578528,
  },
  Object {
    "abilityID": 340433,
    "eventType": "ApplyBuffStack",
    "stacks": 4,
    "targetPlayerID": 1,
    "timestamp": 11578528,
  },
  Object {
    "abilityID": 340433,
    "eventType": "ApplyBuffStack",
    "stacks": 4,
    "targetPlayerID": 1,
    "timestamp": 11578528,
  },
  Object {
    "abilityID": 340433,
    "eventType": "ApplyBuffStack",
    "stacks": 4,
    "targetPlayerID": 1,
    "timestamp": 11578528,
  },
  Object {
    "abilityID": 340433,
    "eventType": "ApplyBuffStack",
    "stacks": 5,
    "targetPlayerID": 1,
    "timestamp": 11583194,
  },
  Object {
    "abilityID": 340433,
    "eventType": "ApplyBuffStack",
    "stacks": 5,
    "targetPlayerID": 1,
    "timestamp": 11583194,
  },
  Object {
    "abilityID": 340433,
    "eventType": "ApplyBuffStack",
    "stacks": 5,
    "targetPlayerID": 1,
    "timestamp": 11583194,
  },
  Object {
    "abilityID": 340433,
    "eventType": "ApplyBuffStack",
    "stacks": 5,
    "targetPlayerID": 1,
    "timestamp": 11583194,
  },
  Object {
    "abilityID": 340433,
    "eventType": "ApplyBuffStack",
    "stacks": 5,
    "targetPlayerID": 1,
    "timestamp": 11583194,
  },
  Object {
    "abilityID": 340433,
    "eventType": "ApplyBuffStack",
    "stacks": 6,
    "targetPlayerID": 1,
    "timestamp": 11585639,
  },
  Object {
    "abilityID": 340433,
    "eventType": "ApplyBuffStack",
    "stacks": 6,
    "targetPlayerID": 1,
    "timestamp": 11585639,
  },
  Object {
    "abilityID": 340433,
    "eventType": "ApplyBuffStack",
    "stacks": 6,
    "targetPlayerID": 1,
    "timestamp": 11585639,
  },
  Object {
    "abilityID": 340433,
    "eventType": "ApplyBuffStack",
    "stacks": 6,
    "targetPlayerID": 1,
    "timestamp": 11585639,
  },
  Object {
    "abilityID": 340433,
    "eventType": "ApplyBuffStack",
    "stacks": 6,
    "targetPlayerID": 1,
    "timestamp": 11585639,
  },
  Object {
    "abilityID": 340433,
    "eventType": "ApplyBuffStack",
    "stacks": 7,
    "targetPlayerID": 1,
    "timestamp": 11590332,
  },
  Object {
    "abilityID": 340433,
    "eventType": "ApplyBuffStack",
    "stacks": 7,
    "targetPlayerID": 1,
    "timestamp": 11590332,
  },
  Object {
    "abilityID": 340433,
    "eventType": "ApplyBuffStack",
    "stacks": 7,
    "targetPlayerID": 1,
    "timestamp": 11590332,
  },
  Object {
    "abilityID": 340433,
    "eventType": "ApplyBuffStack",
    "stacks": 7,
    "targetPlayerID": 1,
    "timestamp": 11590332,
  },
  Object {
    "abilityID": 340433,
    "eventType": "ApplyBuffStack",
    "stacks": 7,
    "targetPlayerID": 1,
    "timestamp": 11590332,
  },
  Object {
    "abilityID": 340433,
    "eventType": "ApplyBuffStack",
    "stacks": 8,
    "targetPlayerID": 1,
    "timestamp": 11594225,
  },
  Object {
    "abilityID": 340433,
    "eventType": "ApplyBuffStack",
    "stacks": 8,
    "targetPlayerID": 1,
    "timestamp": 11594225,
  },
  Object {
    "abilityID": 340433,
    "eventType": "ApplyBuffStack",
    "stacks": 8,
    "targetPlayerID": 1,
    "timestamp": 11594225,
  },
  Object {
    "abilityID": 340433,
    "eventType": "ApplyBuffStack",
    "stacks": 8,
    "targetPlayerID": 1,
    "timestamp": 11594225,
  },
  Object {
    "abilityID": 340433,
    "eventType": "ApplyBuffStack",
    "stacks": 8,
    "targetPlayerID": 1,
    "timestamp": 11594225,
  },
  Object {
    "abilityID": 340433,
    "eventType": "ApplyBuffStack",
    "stacks": 9,
    "targetPlayerID": 1,
    "timestamp": 11594335,
  },
  Object {
    "abilityID": 340433,
    "eventType": "ApplyBuffStack",
    "stacks": 9,
    "targetPlayerID": 1,
    "timestamp": 11594335,
  },
  Object {
    "abilityID": 340433,
    "eventType": "ApplyBuffStack",
    "stacks": 9,
    "targetPlayerID": 1,
    "timestamp": 11594335,
  },
  Object {
    "abilityID": 340433,
    "eventType": "ApplyBuffStack",
    "stacks": 9,
    "targetPlayerID": 1,
    "timestamp": 11594335,
  },
  Object {
    "abilityID": 340433,
    "eventType": "ApplyBuffStack",
    "stacks": 9,
    "targetPlayerID": 1,
    "timestamp": 11594335,
  },
  Object {
    "abilityID": 340433,
    "eventType": "ApplyBuffStack",
    "stacks": 10,
    "targetPlayerID": 1,
    "timestamp": 11596689,
  },
  Object {
    "abilityID": 340433,
    "eventType": "ApplyBuffStack",
    "stacks": 10,
    "targetPlayerID": 1,
    "timestamp": 11596689,
  },
  Object {
    "abilityID": 340433,
    "eventType": "ApplyBuffStack",
    "stacks": 10,
    "targetPlayerID": 1,
    "timestamp": 11596689,
  },
  Object {
    "abilityID": 340433,
    "eventType": "ApplyBuffStack",
    "stacks": 10,
    "targetPlayerID": 1,
    "timestamp": 11596689,
  },
  Object {
    "abilityID": 340433,
    "eventType": "ApplyBuffStack",
    "stacks": 10,
    "targetPlayerID": 1,
    "timestamp": 11596689,
  },
  Object {
    "abilityID": 340433,
    "eventType": "ApplyBuffStack",
    "stacks": 2,
    "targetPlayerID": 1,
    "timestamp": 12270637,
  },
  Object {
    "abilityID": 340433,
    "eventType": "ApplyBuffStack",
    "stacks": 2,
    "targetPlayerID": 1,
    "timestamp": 12270637,
  },
  Object {
    "abilityID": 340433,
    "eventType": "ApplyBuffStack",
    "stacks": 2,
    "targetPlayerID": 1,
    "timestamp": 12270637,
  },
  Object {
    "abilityID": 340433,
    "eventType": "ApplyBuffStack",
    "stacks": 2,
    "targetPlayerID": 1,
    "timestamp": 12270637,
  },
  Object {
    "abilityID": 340433,
    "eventType": "ApplyBuffStack",
    "stacks": 2,
    "targetPlayerID": 1,
    "timestamp": 12270637,
  },
  Object {
    "abilityID": 340433,
    "eventType": "ApplyBuffStack",
    "stacks": 3,
    "targetPlayerID": 1,
    "timestamp": 12270637,
  },
  Object {
    "abilityID": 340433,
    "eventType": "ApplyBuffStack",
    "stacks": 3,
    "targetPlayerID": 1,
    "timestamp": 12270637,
  },
  Object {
    "abilityID": 340433,
    "eventType": "ApplyBuffStack",
    "stacks": 3,
    "targetPlayerID": 1,
    "timestamp": 12270637,
  },
  Object {
    "abilityID": 340433,
    "eventType": "ApplyBuffStack",
    "stacks": 3,
    "targetPlayerID": 1,
    "timestamp": 12270637,
  },
  Object {
    "abilityID": 340433,
    "eventType": "ApplyBuffStack",
    "stacks": 3,
    "targetPlayerID": 1,
    "timestamp": 12270637,
  },
  Object {
    "abilityID": 340433,
    "eventType": "ApplyBuffStack",
    "stacks": 4,
    "targetPlayerID": 1,
    "timestamp": 12271043,
  },
  Object {
    "abilityID": 340433,
    "eventType": "ApplyBuffStack",
    "stacks": 4,
    "targetPlayerID": 1,
    "timestamp": 12271043,
  },
  Object {
    "abilityID": 340433,
    "eventType": "ApplyBuffStack",
    "stacks": 4,
    "targetPlayerID": 1,
    "timestamp": 12271043,
  },
  Object {
    "abilityID": 340433,
    "eventType": "ApplyBuffStack",
    "stacks": 4,
    "targetPlayerID": 1,
    "timestamp": 12271043,
  },
  Object {
    "abilityID": 340433,
    "eventType": "ApplyBuffStack",
    "stacks": 4,
    "targetPlayerID": 1,
    "timestamp": 12271043,
  },
  Object {
    "abilityID": 340433,
    "eventType": "ApplyBuffStack",
    "stacks": 5,
    "targetPlayerID": 1,
    "timestamp": 12271214,
  },
  Object {
    "abilityID": 340433,
    "eventType": "ApplyBuffStack",
    "stacks": 5,
    "targetPlayerID": 1,
    "timestamp": 12271214,
  },
  Object {
    "abilityID": 340433,
    "eventType": "ApplyBuffStack",
    "stacks": 5,
    "targetPlayerID": 1,
    "timestamp": 12271214,
  },
  Object {
    "abilityID": 340433,
    "eventType": "ApplyBuffStack",
    "stacks": 5,
    "targetPlayerID": 1,
    "timestamp": 12271214,
  },
  Object {
    "abilityID": 340433,
    "eventType": "ApplyBuffStack",
    "stacks": 5,
    "targetPlayerID": 1,
    "timestamp": 12271214,
  },
  Object {
    "abilityID": 340433,
    "eventType": "ApplyBuffStack",
    "stacks": 6,
    "targetPlayerID": 1,
    "timestamp": 12277302,
  },
  Object {
    "abilityID": 340433,
    "eventType": "ApplyBuffStack",
    "stacks": 6,
    "targetPlayerID": 1,
    "timestamp": 12277302,
  },
  Object {
    "abilityID": 340433,
    "eventType": "ApplyBuffStack",
    "stacks": 6,
    "targetPlayerID": 1,
    "timestamp": 12277302,
  },
  Object {
    "abilityID": 340433,
    "eventType": "ApplyBuffStack",
    "stacks": 6,
    "targetPlayerID": 1,
    "timestamp": 12277302,
  },
  Object {
    "abilityID": 340433,
    "eventType": "ApplyBuffStack",
    "stacks": 6,
    "targetPlayerID": 1,
    "timestamp": 12277302,
  },
  Object {
    "abilityID": 340433,
    "eventType": "ApplyBuffStack",
    "stacks": 7,
    "targetPlayerID": 1,
    "timestamp": 12279309,
  },
  Object {
    "abilityID": 340433,
    "eventType": "ApplyBuffStack",
    "stacks": 7,
    "targetPlayerID": 1,
    "timestamp": 12279309,
  },
  Object {
    "abilityID": 340433,
    "eventType": "ApplyBuffStack",
    "stacks": 7,
    "targetPlayerID": 1,
    "timestamp": 12279309,
  },
  Object {
    "abilityID": 340433,
    "eventType": "ApplyBuffStack",
    "stacks": 7,
    "targetPlayerID": 1,
    "timestamp": 12279309,
  },
  Object {
    "abilityID": 340433,
    "eventType": "ApplyBuffStack",
    "stacks": 7,
    "targetPlayerID": 1,
    "timestamp": 12279309,
  },
  Object {
    "abilityID": 340433,
    "eventType": "ApplyBuffStack",
    "stacks": 8,
    "targetPlayerID": 1,
    "timestamp": 12287914,
  },
  Object {
    "abilityID": 340433,
    "eventType": "ApplyBuffStack",
    "stacks": 8,
    "targetPlayerID": 1,
    "timestamp": 12287914,
  },
  Object {
    "abilityID": 340433,
    "eventType": "ApplyBuffStack",
    "stacks": 8,
    "targetPlayerID": 1,
    "timestamp": 12287914,
  },
  Object {
    "abilityID": 340433,
    "eventType": "ApplyBuffStack",
    "stacks": 8,
    "targetPlayerID": 1,
    "timestamp": 12287914,
  },
  Object {
    "abilityID": 340433,
    "eventType": "ApplyBuffStack",
    "stacks": 8,
    "targetPlayerID": 1,
    "timestamp": 12287914,
  },
  Object {
    "abilityID": 340433,
    "eventType": "ApplyBuffStack",
    "stacks": 9,
    "targetPlayerID": 1,
    "timestamp": 12291261,
  },
  Object {
    "abilityID": 340433,
    "eventType": "ApplyBuffStack",
    "stacks": 9,
    "targetPlayerID": 1,
    "timestamp": 12291261,
  },
  Object {
    "abilityID": 340433,
    "eventType": "ApplyBuffStack",
    "stacks": 9,
    "targetPlayerID": 1,
    "timestamp": 12291261,
  },
  Object {
    "abilityID": 340433,
    "eventType": "ApplyBuffStack",
    "stacks": 9,
    "targetPlayerID": 1,
    "timestamp": 12291278,
  },
  Object {
    "abilityID": 340433,
    "eventType": "ApplyBuffStack",
    "stacks": 9,
    "targetPlayerID": 1,
    "timestamp": 12291278,
  },
  Object {
    "abilityID": 340433,
    "eventType": "ApplyBuffStack",
    "stacks": 2,
    "targetPlayerID": 1,
    "timestamp": 12640578,
  },
  Object {
    "abilityID": 340433,
    "eventType": "ApplyBuffStack",
    "stacks": 2,
    "targetPlayerID": 1,
    "timestamp": 12640578,
  },
  Object {
    "abilityID": 340433,
    "eventType": "ApplyBuffStack",
    "stacks": 2,
    "targetPlayerID": 1,
    "timestamp": 12640578,
  },
  Object {
    "abilityID": 340433,
    "eventType": "ApplyBuffStack",
    "stacks": 2,
    "targetPlayerID": 1,
    "timestamp": 12640578,
  },
  Object {
    "abilityID": 340433,
    "eventType": "ApplyBuffStack",
    "stacks": 2,
    "targetPlayerID": 1,
    "timestamp": 12640578,
  },
  Object {
    "abilityID": 340433,
    "eventType": "ApplyBuffStack",
    "stacks": 3,
    "targetPlayerID": 1,
    "timestamp": 12641866,
  },
  Object {
    "abilityID": 340433,
    "eventType": "ApplyBuffStack",
    "stacks": 3,
    "targetPlayerID": 1,
    "timestamp": 12641866,
  },
  Object {
    "abilityID": 340433,
    "eventType": "ApplyBuffStack",
    "stacks": 3,
    "targetPlayerID": 1,
    "timestamp": 12641866,
  },
  Object {
    "abilityID": 340433,
    "eventType": "ApplyBuffStack",
    "stacks": 3,
    "targetPlayerID": 1,
    "timestamp": 12641866,
  },
  Object {
    "abilityID": 340433,
    "eventType": "ApplyBuffStack",
    "stacks": 3,
    "targetPlayerID": 1,
    "timestamp": 12641866,
  },
  Object {
    "abilityID": 340433,
    "eventType": "ApplyBuffStack",
    "stacks": 4,
    "targetPlayerID": 1,
    "timestamp": 12653658,
  },
  Object {
    "abilityID": 340433,
    "eventType": "ApplyBuffStack",
    "stacks": 4,
    "targetPlayerID": 1,
    "timestamp": 12653658,
  },
  Object {
    "abilityID": 340433,
    "eventType": "ApplyBuffStack",
    "stacks": 4,
    "targetPlayerID": 1,
    "timestamp": 12653658,
  },
  Object {
    "abilityID": 340433,
    "eventType": "ApplyBuffStack",
    "stacks": 4,
    "targetPlayerID": 1,
    "timestamp": 12653658,
  },
  Object {
    "abilityID": 340433,
    "eventType": "ApplyBuffStack",
    "stacks": 4,
    "targetPlayerID": 1,
    "timestamp": 12653658,
  },
  Object {
    "abilityID": 340433,
    "eventType": "ApplyBuffStack",
    "stacks": 5,
    "targetPlayerID": 1,
    "timestamp": 12653658,
  },
  Object {
    "abilityID": 340433,
    "eventType": "ApplyBuffStack",
    "stacks": 5,
    "targetPlayerID": 1,
    "timestamp": 12653658,
  },
  Object {
    "abilityID": 340433,
    "eventType": "ApplyBuffStack",
    "stacks": 5,
    "targetPlayerID": 1,
    "timestamp": 12653658,
  },
  Object {
    "abilityID": 340433,
    "eventType": "ApplyBuffStack",
    "stacks": 5,
    "targetPlayerID": 1,
    "timestamp": 12653658,
  },
  Object {
    "abilityID": 340433,
    "eventType": "ApplyBuffStack",
    "stacks": 5,
    "targetPlayerID": 1,
    "timestamp": 12653658,
  },
  Object {
    "abilityID": 340433,
    "eventType": "ApplyBuffStack",
    "stacks": 6,
    "targetPlayerID": 1,
    "timestamp": 12655096,
  },
  Object {
    "abilityID": 340433,
    "eventType": "ApplyBuffStack",
    "stacks": 6,
    "targetPlayerID": 1,
    "timestamp": 12655096,
  },
  Object {
    "abilityID": 340433,
    "eventType": "ApplyBuffStack",
    "stacks": 6,
    "targetPlayerID": 1,
    "timestamp": 12655096,
  },
  Object {
    "abilityID": 340433,
    "eventType": "ApplyBuffStack",
    "stacks": 6,
    "targetPlayerID": 1,
    "timestamp": 12655096,
  },
  Object {
    "abilityID": 340433,
    "eventType": "ApplyBuffStack",
    "stacks": 6,
    "targetPlayerID": 1,
    "timestamp": 12655096,
  },
  Object {
    "abilityID": 340433,
    "eventType": "ApplyBuffStack",
    "stacks": 2,
    "targetPlayerID": 1,
    "timestamp": 13483430,
  },
  Object {
    "abilityID": 340433,
    "eventType": "ApplyBuffStack",
    "stacks": 2,
    "targetPlayerID": 1,
    "timestamp": 13483430,
  },
  Object {
    "abilityID": 340433,
    "eventType": "ApplyBuffStack",
    "stacks": 2,
    "targetPlayerID": 1,
    "timestamp": 13483430,
  },
  Object {
    "abilityID": 340433,
    "eventType": "ApplyBuffStack",
    "stacks": 2,
    "targetPlayerID": 1,
    "timestamp": 13483430,
  },
  Object {
    "abilityID": 340433,
    "eventType": "ApplyBuffStack",
    "stacks": 2,
    "targetPlayerID": 1,
    "timestamp": 13483430,
  },
  Object {
    "abilityID": 340433,
    "eventType": "ApplyBuffStack",
    "stacks": 3,
    "targetPlayerID": 1,
    "timestamp": 13483981,
  },
  Object {
    "abilityID": 340433,
    "eventType": "ApplyBuffStack",
    "stacks": 3,
    "targetPlayerID": 1,
    "timestamp": 13483981,
  },
  Object {
    "abilityID": 340433,
    "eventType": "ApplyBuffStack",
    "stacks": 3,
    "targetPlayerID": 1,
    "timestamp": 13483981,
  },
  Object {
    "abilityID": 340433,
    "eventType": "ApplyBuffStack",
    "stacks": 3,
    "targetPlayerID": 1,
    "timestamp": 13483981,
  },
  Object {
    "abilityID": 340433,
    "eventType": "ApplyBuffStack",
    "stacks": 3,
    "targetPlayerID": 1,
    "timestamp": 13483981,
  },
  Object {
    "abilityID": 340433,
    "eventType": "ApplyBuffStack",
    "stacks": 4,
    "targetPlayerID": 1,
    "timestamp": 13484475,
  },
  Object {
    "abilityID": 340433,
    "eventType": "ApplyBuffStack",
    "stacks": 4,
    "targetPlayerID": 1,
    "timestamp": 13484475,
  },
  Object {
    "abilityID": 340433,
    "eventType": "ApplyBuffStack",
    "stacks": 4,
    "targetPlayerID": 1,
    "timestamp": 13484475,
  },
  Object {
    "abilityID": 340433,
    "eventType": "ApplyBuffStack",
    "stacks": 4,
    "targetPlayerID": 1,
    "timestamp": 13484475,
  },
  Object {
    "abilityID": 340433,
    "eventType": "ApplyBuffStack",
    "stacks": 4,
    "targetPlayerID": 1,
    "timestamp": 13484475,
  },
  Object {
    "abilityID": 340433,
    "eventType": "ApplyBuffStack",
    "stacks": 5,
    "targetPlayerID": 1,
    "timestamp": 13484569,
  },
  Object {
    "abilityID": 340433,
    "eventType": "ApplyBuffStack",
    "stacks": 5,
    "targetPlayerID": 1,
    "timestamp": 13484569,
  },
  Object {
    "abilityID": 340433,
    "eventType": "ApplyBuffStack",
    "stacks": 5,
    "targetPlayerID": 1,
    "timestamp": 13484569,
  },
  Object {
    "abilityID": 340433,
    "eventType": "ApplyBuffStack",
    "stacks": 5,
    "targetPlayerID": 1,
    "timestamp": 13484569,
  },
  Object {
    "abilityID": 340433,
    "eventType": "ApplyBuffStack",
    "stacks": 5,
    "targetPlayerID": 1,
    "timestamp": 13484569,
  },
  Object {
    "abilityID": 340433,
    "eventType": "ApplyBuffStack",
    "stacks": 6,
    "targetPlayerID": 1,
    "timestamp": 13485163,
  },
  Object {
    "abilityID": 340433,
    "eventType": "ApplyBuffStack",
    "stacks": 6,
    "targetPlayerID": 1,
    "timestamp": 13485163,
  },
  Object {
    "abilityID": 340433,
    "eventType": "ApplyBuffStack",
    "stacks": 6,
    "targetPlayerID": 1,
    "timestamp": 13485163,
  },
  Object {
    "abilityID": 340433,
    "eventType": "ApplyBuffStack",
    "stacks": 6,
    "targetPlayerID": 1,
    "timestamp": 13485163,
  },
  Object {
    "abilityID": 340433,
    "eventType": "ApplyBuffStack",
    "stacks": 6,
    "targetPlayerID": 1,
    "timestamp": 13485163,
  },
  Object {
    "abilityID": 340433,
    "eventType": "ApplyBuffStack",
    "stacks": 7,
    "targetPlayerID": 1,
    "timestamp": 13485163,
  },
  Object {
    "abilityID": 340433,
    "eventType": "ApplyBuffStack",
    "stacks": 7,
    "targetPlayerID": 1,
    "timestamp": 13485163,
  },
  Object {
    "abilityID": 340433,
    "eventType": "ApplyBuffStack",
    "stacks": 7,
    "targetPlayerID": 1,
    "timestamp": 13485163,
  },
  Object {
    "abilityID": 340433,
    "eventType": "ApplyBuffStack",
    "stacks": 7,
    "targetPlayerID": 1,
    "timestamp": 13485163,
  },
  Object {
    "abilityID": 340433,
    "eventType": "ApplyBuffStack",
    "stacks": 7,
    "targetPlayerID": 1,
    "timestamp": 13485163,
  },
  Object {
    "abilityID": 340433,
    "eventType": "ApplyBuffStack",
    "stacks": 8,
    "targetPlayerID": 1,
    "timestamp": 13485246,
  },
  Object {
    "abilityID": 340433,
    "eventType": "ApplyBuffStack",
    "stacks": 8,
    "targetPlayerID": 1,
    "timestamp": 13485246,
  },
  Object {
    "abilityID": 340433,
    "eventType": "ApplyBuffStack",
    "stacks": 8,
    "targetPlayerID": 1,
    "timestamp": 13485246,
  },
  Object {
    "abilityID": 340433,
    "eventType": "ApplyBuffStack",
    "stacks": 8,
    "targetPlayerID": 1,
    "timestamp": 13485246,
  },
  Object {
    "abilityID": 340433,
    "eventType": "ApplyBuffStack",
    "stacks": 8,
    "targetPlayerID": 1,
    "timestamp": 13485246,
  },
  Object {
    "abilityID": 340433,
    "eventType": "ApplyBuffStack",
    "stacks": 9,
    "targetPlayerID": 1,
    "timestamp": 13485565,
  },
  Object {
    "abilityID": 340433,
    "eventType": "ApplyBuffStack",
    "stacks": 9,
    "targetPlayerID": 1,
    "timestamp": 13485565,
  },
  Object {
    "abilityID": 340433,
    "eventType": "ApplyBuffStack",
    "stacks": 9,
    "targetPlayerID": 1,
    "timestamp": 13485565,
  },
  Object {
    "abilityID": 340433,
    "eventType": "ApplyBuffStack",
    "stacks": 9,
    "targetPlayerID": 1,
    "timestamp": 13485565,
  },
  Object {
    "abilityID": 340433,
    "eventType": "ApplyBuffStack",
    "stacks": 9,
    "targetPlayerID": 1,
    "timestamp": 13485565,
  },
  Object {
    "abilityID": 340433,
    "eventType": "ApplyBuffStack",
    "stacks": 10,
    "targetPlayerID": 1,
    "timestamp": 13487006,
  },
  Object {
    "abilityID": 340433,
    "eventType": "ApplyBuffStack",
    "stacks": 10,
    "targetPlayerID": 1,
    "timestamp": 13487006,
  },
  Object {
    "abilityID": 340433,
    "eventType": "ApplyBuffStack",
    "stacks": 10,
    "targetPlayerID": 1,
    "timestamp": 13487006,
  },
  Object {
    "abilityID": 340433,
    "eventType": "ApplyBuffStack",
    "stacks": 10,
    "targetPlayerID": 1,
    "timestamp": 13487006,
  },
  Object {
    "abilityID": 340433,
    "eventType": "ApplyBuffStack",
    "stacks": 10,
    "targetPlayerID": 1,
    "timestamp": 13487029,
  },
]
`;
