// Jest Snapshot v1, https://goo.gl/fbAQLP

exports[`getBurstingEvents works 1`] = `
Array [
  Object {
    "abilityGameID": 243237,
    "absorbed": 1408,
    "amount": 434085,
    "hitType": 3,
    "mitigated": 185,
    "pin": "0",
    "sourceID": -1,
    "targetID": 5,
    "timestamp": 6025978,
    "type": "damage",
    "unmitigatedAmount": 1593,
  },
  Object {
    "abilityGameID": 243237,
    "absorbed": 1387,
    "amount": 496157,
    "hitType": 3,
    "mitigated": 206,
    "pin": "0",
    "sourceID": -1,
    "sourceMarker": 2,
    "targetID": 72,
    "targetMarker": 2,
    "timestamp": 6025978,
    "type": "damage",
    "unmitigatedAmount": 1593,
  },
  Object {
    "abilityGameID": 243237,
    "amount": 325053,
    "hitType": 1,
    "mitigated": 689,
    "pin": "0",
    "sourceID": -1,
    "targetID": 3,
    "timestamp": 6025978,
    "type": "damage",
    "unmitigatedAmount": 1593,
  },
  Object {
    "abilityGameID": 243237,
    "amount": 526264,
    "hitType": 1,
    "mitigated": 162,
    "pin": "0",
    "sourceID": -1,
    "targetID": 1,
    "timestamp": 6025978,
    "type": "damage",
    "unmitigatedAmount": 1593,
  },
  Object {
    "abilityGameID": 243237,
    "amount": 482183,
    "hitType": 1,
    "mitigated": 214,
    "pin": "0",
    "sourceID": -1,
    "targetID": 71,
    "timestamp": 6025978,
    "type": "damage",
    "unmitigatedAmount": 1593,
  },
]
`;
