// Jest Snapshot v1, https://goo.gl/fbAQLP

exports[`getGrievousEvents works 1`] = `
Array [
  Object {
    "abilityGameID": 240559,
    "amount": 97447,
    "hitType": 1,
    "mitigated": 357,
    "pin": "0",
    "sourceID": -1,
    "sourceMarker": 7,
    "targetID": 4,
    "targetMarker": 7,
    "tick": true,
    "timestamp": 14239445,
    "type": "damage",
    "unmitigatedAmount": 1115,
  },
  Object {
    "abilityGameID": 240559,
    "amount": 106548,
    "hitType": 1,
    "mitigated": 96,
    "pin": "0",
    "sourceID": -1,
    "targetID": 9,
    "tick": true,
    "timestamp": 14263472,
    "type": "damage",
    "unmitigatedAmount": 1115,
  },
  Object {
    "abilityGameID": 240559,
    "amount": 50796,
    "hitType": 1,
    "mitigated": 205,
    "pin": "0",
    "sourceID": -1,
    "sourceMarker": 2,
    "targetID": 1,
    "targetMarker": 2,
    "tick": true,
    "timestamp": 14264299,
    "type": "damage",
    "unmitigatedAmount": 1115,
  },
  Object {
    "abilityGameID": 240559,
    "amount": 85964,
    "hitType": 1,
    "mitigated": 91,
    "pin": "0",
    "sourceID": -1,
    "targetID": 8,
    "tick": true,
    "timestamp": 14264324,
    "type": "damage",
    "unmitigatedAmount": 1115,
  },
  Object {
    "abilityGameID": 240559,
    "amount": 103521,
    "hitType": 1,
    "mitigated": 95,
    "pin": "0",
    "sourceID": -1,
    "targetID": 88,
    "tick": true,
    "timestamp": 14264324,
    "type": "damage",
    "unmitigatedAmount": 1115,
  },
]
`;
