// Jest Snapshot v1, https://goo.gl/fbAQLP

exports[`interrupt tracks interrupts by quaking 1`] = `
Array [
  Object {
    "abilityID": 240448,
    "eventType": "Interrupt",
    "interruptedAbilityID": 212084,
    "sourcePlayerID": 1,
    "targetPlayerID": 1,
    "timestamp": 11468002,
  },
  Object {
    "abilityID": 240448,
    "eventType": "Interrupt",
    "interruptedAbilityID": 5782,
    "sourcePlayerID": 1,
    "targetPlayerID": 1,
    "timestamp": 11547988,
  },
  Object {
    "abilityID": 240448,
    "eventType": "Interrupt",
    "interruptedAbilityID": 320674,
    "sourcePlayerID": 1,
    "targetPlayerID": 1,
    "timestamp": 11607974,
  },
  Object {
    "abilityID": 240448,
    "eventType": "Interrupt",
    "interruptedAbilityID": 212084,
    "sourcePlayerID": 1,
    "targetPlayerID": 1,
    "timestamp": 11648002,
  },
  Object {
    "abilityID": 240448,
    "eventType": "Interrupt",
    "interruptedAbilityID": 323764,
    "sourcePlayerID": 1,
    "targetPlayerID": 1,
    "timestamp": 11747990,
  },
  Object {
    "abilityID": 240448,
    "eventType": "Interrupt",
    "interruptedAbilityID": 190984,
    "sourcePlayerID": 1,
    "targetPlayerID": 1,
    "timestamp": 11767998,
  },
  Object {
    "abilityID": 240448,
    "eventType": "Interrupt",
    "interruptedAbilityID": 194153,
    "sourcePlayerID": 1,
    "targetPlayerID": 1,
    "timestamp": 11907980,
  },
  Object {
    "abilityID": 240448,
    "eventType": "Interrupt",
    "interruptedAbilityID": 51505,
    "sourcePlayerID": 1,
    "targetPlayerID": 1,
    "timestamp": 12007992,
  },
  Object {
    "abilityID": 240448,
    "eventType": "Interrupt",
    "interruptedAbilityID": 51505,
    "sourcePlayerID": 1,
    "targetPlayerID": 1,
    "timestamp": 12027977,
  },
  Object {
    "abilityID": 240448,
    "eventType": "Interrupt",
    "interruptedAbilityID": 116858,
    "sourcePlayerID": 1,
    "targetPlayerID": 1,
    "timestamp": 12167977,
  },
  Object {
    "abilityID": 240448,
    "eventType": "Interrupt",
    "interruptedAbilityID": 48018,
    "sourcePlayerID": 1,
    "targetPlayerID": 1,
    "timestamp": 12447979,
  },
  Object {
    "abilityID": 240448,
    "eventType": "Interrupt",
    "interruptedAbilityID": 190984,
    "sourcePlayerID": 1,
    "targetPlayerID": 1,
    "timestamp": 12527973,
  },
  Object {
    "abilityID": 240448,
    "eventType": "Interrupt",
    "interruptedAbilityID": 8004,
    "sourcePlayerID": 1,
    "targetPlayerID": 1,
    "timestamp": 12567974,
  },
  Object {
    "abilityID": 240448,
    "eventType": "Interrupt",
    "interruptedAbilityID": 51505,
    "sourcePlayerID": 1,
    "targetPlayerID": 1,
    "timestamp": 12867983,
  },
  Object {
    "abilityID": 240448,
    "eventType": "Interrupt",
    "interruptedAbilityID": 212084,
    "sourcePlayerID": 1,
    "targetPlayerID": 1,
    "timestamp": 12987977,
  },
]
`;
