// Jest Snapshot v1, https://goo.gl/fbAQLP

exports[`necrotic getHighestNecroticStack 1`] = `
Array [
  Object {
    "abilityGameID": 209858,
    "sourceID": 11,
    "sourceInstance": 14,
    "stack": 40,
    "targetID": 5,
    "targetMarker": 7,
    "timestamp": 529122,
    "type": "applydebuffstack",
  },
]
`;
