// Jest Snapshot v1, https://goo.gl/fbAQLP

exports[`getNWEvents works 1`] = `
Array [
  Object {
    "abilityGameID": 344421,
    "amount": 98205,
    "hitType": 1,
    "pin": "0",
    "sourceID": 1,
    "sourceMarker": 2,
    "targetID": 10,
    "targetInstance": 10,
    "timestamp": 1913816,
    "type": "damage",
    "unmitigatedAmount": 4922,
  },
  Object {
    "abilityGameID": 344421,
    "amount": 102873,
    "hitType": 2,
    "pin": "0",
    "sourceID": 9,
    "targetID": 10,
    "targetInstance": 10,
    "timestamp": 1915015,
    "type": "damage",
    "unmitigatedAmount": 5282,
  },
  Object {
    "abilityGameID": 344421,
    "amount": 106175,
    "hitType": 1,
    "overkill": 229,
    "pin": "0",
    "sourceID": 4,
    "sourceMarker": 7,
    "targetID": 10,
    "targetInstance": 8,
    "timestamp": 1916508,
    "type": "damage",
    "unmitigatedAmount": 5333,
  },
  Object {
    "abilityGameID": 344421,
    "amount": 60626,
    "hitType": 1,
    "pin": "0",
    "sourceID": 8,
    "targetID": 10,
    "targetInstance": 10,
    "timestamp": 1927087,
    "type": "damage",
    "unmitigatedAmount": 4728,
  },
  Object {
    "abilityGameID": 344421,
    "amount": 73018,
    "hitType": 2,
    "pin": "0",
    "sourceID": 2,
    "targetID": 10,
    "targetInstance": 10,
    "timestamp": 1928443,
    "type": "damage",
    "unmitigatedAmount": 4821,
  },
  Object {
    "abilityGameID": 344422,
    "amount": 54149,
    "hitType": 1,
    "overheal": 95456,
    "pin": "0",
    "sourceID": 1,
    "sourceMarker": 2,
    "targetID": 1,
    "targetMarker": 2,
    "timestamp": 1913800,
    "type": "heal",
  },
  Object {
    "abilityGameID": 344422,
    "amount": 63747,
    "hitType": 2,
    "overheal": 131191,
    "pin": "0",
    "sourceID": 9,
    "targetID": 9,
    "timestamp": 1915001,
    "type": "heal",
  },
  Object {
    "abilityGameID": 344422,
    "amount": 47270,
    "hitType": 1,
    "overheal": 107811,
    "pin": "0",
    "sourceID": 4,
    "sourceMarker": 7,
    "targetID": 4,
    "targetMarker": 7,
    "timestamp": 1916507,
    "type": "heal",
  },
  Object {
    "abilityGameID": 344422,
    "amount": 5902,
    "hitType": 1,
    "overheal": 114954,
    "pin": "0",
    "sourceID": 8,
    "targetID": 8,
    "timestamp": 1923089,
    "type": "heal",
  },
  Object {
    "abilityGameID": 344422,
    "amount": 53236,
    "hitType": 1,
    "overheal": 89835,
    "pin": "0",
    "sourceID": 2,
    "targetID": 2,
    "timestamp": 1924449,
    "type": "heal",
  },
]
`;
