// Jest Snapshot v1, https://goo.gl/fbAQLP

exports[`other filterProfessionEvents 1`] = `
Array [
  Object {
    "abilityGameID": 307195,
    "sourceID": 1859,
    "sourceMarker": 6,
    "targetID": 1859,
    "targetMarker": 6,
    "timestamp": 12294824,
    "type": "applybuff",
  },
  Object {
    "abilityGameID": 321422,
    "sourceID": 4,
    "targetID": 4,
    "timestamp": 12295325,
    "type": "applybuff",
  },
  Object {
    "abilityGameID": 321422,
    "sourceID": 1846,
    "sourceMarker": 2,
    "targetID": 1846,
    "targetMarker": 2,
    "timestamp": 12297167,
    "type": "applybuff",
  },
  Object {
    "abilityGameID": 345130,
    "sourceID": 5,
    "targetID": 103,
    "timestamp": 2826042,
    "type": "cast",
  },
]
`;
