// Jest Snapshot v1, https://goo.gl/fbAQLP

exports[`getPFEvents works 1`] = `
Array [
  Object {
    "abilityGameID": 0,
    "pin": "0",
    "sourceID": -1,
    "targetID": 161,
    "targetInstance": 4,
    "timestamp": 9399646,
    "type": "death",
  },
  Object {
    "abilityGameID": 0,
    "pin": "0",
    "sourceID": -1,
    "targetID": 161,
    "targetInstance": 5,
    "timestamp": 9400225,
    "type": "death",
  },
  Object {
    "abilityGameID": 0,
    "pin": "0",
    "sourceID": -1,
    "targetID": 162,
    "targetInstance": 1,
    "timestamp": 9400225,
    "type": "death",
  },
  Object {
    "abilityGameID": 0,
    "pin": "0",
    "sourceID": -1,
    "targetID": 161,
    "targetInstance": 6,
    "timestamp": 9430006,
    "type": "death",
  },
  Object {
    "abilityGameID": 0,
    "pin": "0",
    "sourceID": -1,
    "targetID": 163,
    "targetInstance": 1,
    "timestamp": 9486481,
    "type": "death",
  },
  Object {
    "abilityGameID": 0,
    "pin": "0",
    "sourceID": -1,
    "targetID": 163,
    "targetInstance": 2,
    "timestamp": 9769975,
    "type": "death",
  },
  Object {
    "abilityGameID": 0,
    "pin": "0",
    "sourceID": -1,
    "targetID": 162,
    "targetInstance": 2,
    "timestamp": 9770061,
    "type": "death",
  },
  Object {
    "abilityGameID": 0,
    "pin": "0",
    "sourceID": -1,
    "targetID": 163,
    "targetInstance": 3,
    "timestamp": 11090607,
    "type": "death",
  },
  Object {
    "abilityGameID": 0,
    "pin": "0",
    "sourceID": -1,
    "targetID": 161,
    "targetInstance": 7,
    "timestamp": 11099140,
    "type": "death",
  },
  Object {
    "abilityGameID": 340210,
    "pin": "0",
    "sourceID": 65,
    "targetID": 65,
    "timestamp": 4006933,
    "type": "applybuff",
  },
  Object {
    "abilityGameID": 340210,
    "pin": "0",
    "sourceID": 63,
    "targetID": 63,
    "timestamp": 4076733,
    "type": "applybuff",
  },
  Object {
    "abilityGameID": 340210,
    "pin": "0",
    "sourceID": 65,
    "targetID": 65,
    "timestamp": 4563925,
    "type": "applybuff",
  },
  Object {
    "abilityGameID": 340210,
    "pin": "0",
    "sourceID": 63,
    "targetID": 63,
    "timestamp": 5260722,
    "type": "applybuff",
  },
  Object {
    "abilityGameID": 340225,
    "pin": "0",
    "sourceID": 65,
    "targetID": 65,
    "timestamp": 4563925,
    "type": "applybuff",
  },
  Object {
    "abilityGameID": 340225,
    "pin": "0",
    "sourceID": 65,
    "targetID": 65,
    "timestamp": 4979920,
    "type": "applybuff",
  },
  Object {
    "abilityGameID": 340271,
    "pin": "0",
    "sourceID": 65,
    "targetID": 65,
    "timestamp": 4622916,
    "type": "applybuff",
  },
  Object {
    "abilityGameID": 340271,
    "pin": "0",
    "sourceID": 65,
    "targetID": 65,
    "timestamp": 4978916,
    "type": "applybuff",
  },
  Object {
    "abilityGameID": 328501,
    "amount": 7781258,
    "hitType": 1,
    "pin": "0",
    "sourceID": 165,
    "sourceInstance": 4,
    "targetID": 160,
    "targetInstance": 2,
    "timestamp": 9074155,
    "type": "damage",
    "unmitigatedAmount": 70987,
  },
]
`;
