// Jest Snapshot v1, https://goo.gl/fbAQLP

exports[`getSanguineEvents works 1`] = `
Array [
  Object {
    "abilityGameID": 226510,
    "amount": 2265944,
    "hitType": 1,
    "overheal": 83228,
    "pin": "0",
    "sourceID": -1,
    "targetID": 1076,
    "targetInstance": 3,
    "tick": true,
    "timestamp": 12878155,
    "type": "heal",
  },
  Object {
    "abilityGameID": 226512,
    "amount": 10522,
    "hitType": 1,
    "mitigated": 165,
    "pin": "0",
    "sourceID": -1,
    "sourceMarker": 2,
    "targetID": 294,
    "targetMarker": 2,
    "tick": true,
    "timestamp": 12897350,
    "type": "damage",
    "unmitigatedAmount": 5426,
  },
  Object {
    "abilityGameID": 226512,
    "amount": 46138,
    "hitType": 1,
    "mitigated": 8212,
    "pin": "0",
    "sourceID": -1,
    "sourceMarker": 6,
    "targetID": 330,
    "targetMarker": 6,
    "tick": true,
    "timestamp": 13129280,
    "type": "damage",
    "unmitigatedAmount": 16354,
  },
  Object {
    "abilityGameID": 226512,
    "amount": 6006,
    "hitType": 1,
    "mitigated": 328,
    "pin": "0",
    "sourceID": -1,
    "targetID": 320,
    "tick": true,
    "timestamp": 13553089,
    "type": "damage",
    "unmitigatedAmount": 6334,
  },
  Object {
    "abilityGameID": 226512,
    "absorbed": 5417,
    "amount": 5417,
    "hitType": 3,
    "mitigated": 447,
    "pin": "0",
    "sourceID": -1,
    "targetID": 307,
    "tick": true,
    "timestamp": 14138169,
    "type": "damage",
    "unmitigatedAmount": 5864,
  },
]
`;
