// Jest Snapshot v1, https://goo.gl/fbAQLP

exports[`spiteful getSpitefulDamageTakenEvents 1`] = `
Array [
  Object {
    "abilityGameID": 350163,
    "amount": 23786,
    "buffs": "24858.",
    "hitType": 1,
    "mitigated": 15619,
    "sourceID": 146,
    "sourceInstance": 1,
    "targetID": 106,
    "timestamp": 10665220,
    "type": "damage",
    "unmitigatedAmount": 39405,
  },
  Object {
    "abilityGameID": 350163,
    "absorbed": 7408,
    "amount": 22987,
    "buffs": "55342.235313.334131.",
    "hitType": 1,
    "mitigated": 18538,
    "sourceID": 146,
    "sourceInstance": 13,
    "targetID": 106,
    "timestamp": 10884138,
    "type": "damage",
    "unmitigatedAmount": 48933,
  },
]
`;
