// Jest Snapshot v1, https://goo.gl/fbAQLP

exports[`storming getStormingDamageTakenEvents 1`] = `
Array [
  Object {
    "abilityGameID": 343520,
    "absorbed": 3856,
    "amount": 2611,
    "buffs": "108366.",
    "hitType": 1,
    "mitigated": 605,
    "sourceID": -1,
    "targetID": 11,
    "timestamp": 15890552,
    "type": "damage",
    "unmitigatedAmount": 7072,
  },
  Object {
    "abilityGameID": 343520,
    "amount": 5948,
    "buffs": "24858.",
    "hitType": 1,
    "mitigated": 489,
    "sourceID": -1,
    "targetID": 122,
    "timestamp": 15890609,
    "type": "damage",
    "unmitigatedAmount": 6437,
  },
  Object {
    "abilityGameID": 343520,
    "absorbed": 4383,
    "amount": 0,
    "buffs": "55342.235313.",
    "hitType": 3,
    "mitigated": 1428,
    "sourceID": -1,
    "targetID": 117,
    "timestamp": 15892388,
    "type": "damage",
    "unmitigatedAmount": 5811,
  },
  Object {
    "abilityGameID": 343520,
    "amount": 6131,
    "buffs": "337547.203981.328900.",
    "hitType": 1,
    "mitigated": 3781,
    "sourceID": -1,
    "sourceMarker": 6,
    "targetID": 121,
    "targetMarker": 6,
    "timestamp": 15912889,
    "type": "damage",
    "unmitigatedAmount": 9912,
  },
  Object {
    "abilityGameID": 343520,
    "absorbed": 5480,
    "amount": 0,
    "buffs": "235313.",
    "hitType": 3,
    "mitigated": 331,
    "sourceID": -1,
    "targetID": 117,
    "timestamp": 15979100,
    "type": "damage",
    "unmitigatedAmount": 5811,
  },
  Object {
    "abilityGameID": 343520,
    "amount": 6131,
    "buffs": "337547.258920.203819.203981.328900.",
    "hitType": 1,
    "mitigated": 3781,
    "sourceID": -1,
    "sourceMarker": 6,
    "targetID": 121,
    "targetMarker": 6,
    "timestamp": 16009965,
    "type": "damage",
    "unmitigatedAmount": 9912,
  },
  Object {
    "abilityGameID": 343520,
    "absorbed": 382,
    "amount": 5309,
    "hitType": 1,
    "mitigated": 489,
    "sourceID": -1,
    "sourceMarker": 2,
    "targetID": 360,
    "targetMarker": 2,
    "timestamp": 16018382,
    "type": "damage",
    "unmitigatedAmount": 6180,
  },
  Object {
    "abilityGameID": 343520,
    "amount": 6131,
    "buffs": "337547.258920.203981.328900.",
    "hitType": 1,
    "mitigated": 3781,
    "sourceID": -1,
    "targetID": 121,
    "timestamp": 16128563,
    "type": "damage",
    "unmitigatedAmount": 9912,
  },
  Object {
    "abilityGameID": 343520,
    "absorbed": 382,
    "amount": 5309,
    "buffs": "108291.",
    "hitType": 1,
    "mitigated": 489,
    "sourceID": -1,
    "sourceMarker": 2,
    "targetID": 360,
    "targetMarker": 2,
    "timestamp": 16158421,
    "type": "damage",
    "unmitigatedAmount": 6180,
  },
  Object {
    "abilityGameID": 343520,
    "absorbed": 4816,
    "amount": 1232,
    "buffs": "108366.",
    "hitType": 1,
    "mitigated": 566,
    "sourceID": -1,
    "targetID": 11,
    "timestamp": 16169492,
    "type": "damage",
    "unmitigatedAmount": 6614,
  },
  Object {
    "abilityGameID": 343520,
    "amount": 5582,
    "hitType": 1,
    "mitigated": 480,
    "sourceID": -1,
    "sourceMarker": 2,
    "targetID": 360,
    "targetMarker": 2,
    "timestamp": 16169492,
    "type": "damage",
    "unmitigatedAmount": 6062,
  },
  Object {
    "abilityGameID": 343520,
    "amount": 6131,
    "buffs": "337547.258920.203981.328900.328908.",
    "hitType": 1,
    "mitigated": 3781,
    "sourceID": -1,
    "targetID": 121,
    "timestamp": 16231101,
    "type": "damage",
    "unmitigatedAmount": 9912,
  },
  Object {
    "abilityGameID": 343520,
    "absorbed": 5480,
    "amount": 0,
    "buffs": "235313.",
    "hitType": 3,
    "mitigated": 331,
    "sourceID": -1,
    "targetID": 117,
    "timestamp": 16231627,
    "type": "damage",
    "unmitigatedAmount": 5811,
  },
  Object {
    "abilityGameID": 343520,
    "absorbed": 2773,
    "amount": 3814,
    "buffs": "108366.",
    "hitType": 1,
    "mitigated": 616,
    "sourceID": -1,
    "targetID": 11,
    "timestamp": 16323372,
    "type": "damage",
    "unmitigatedAmount": 7203,
  },
  Object {
    "abilityGameID": 343520,
    "amount": 7817,
    "buffs": "337547.203819.203981.328900.187827.328908.",
    "hitType": 1,
    "mitigated": 4820,
    "sourceID": -1,
    "targetID": 121,
    "timestamp": 16323919,
    "type": "damage",
    "unmitigatedAmount": 12637,
  },
  Object {
    "abilityGameID": 343520,
    "amount": 5474,
    "hitType": 1,
    "mitigated": 470,
    "sourceID": -1,
    "sourceMarker": 2,
    "targetID": 360,
    "targetMarker": 2,
    "timestamp": 16324978,
    "type": "damage",
    "unmitigatedAmount": 5944,
  },
  Object {
    "abilityGameID": 343520,
    "amount": 7817,
    "buffs": "337547.258920.203981.328900.187827.",
    "hitType": 1,
    "mitigated": 4820,
    "sourceID": -1,
    "targetID": 121,
    "timestamp": 16328804,
    "type": "damage",
    "unmitigatedAmount": 12637,
  },
  Object {
    "abilityGameID": 343520,
    "amount": 5474,
    "hitType": 1,
    "mitigated": 470,
    "sourceID": -1,
    "sourceMarker": 2,
    "targetID": 360,
    "targetMarker": 2,
    "timestamp": 16338802,
    "type": "damage",
    "unmitigatedAmount": 5944,
  },
  Object {
    "abilityGameID": 343520,
    "amount": 6131,
    "buffs": "337547.258920.203819.203981.328900.328908.",
    "hitType": 1,
    "mitigated": 3781,
    "sourceID": -1,
    "targetID": 121,
    "timestamp": 16407368,
    "type": "damage",
    "unmitigatedAmount": 9912,
  },
  Object {
    "abilityGameID": 343520,
    "amount": 6131,
    "buffs": "337547.203981.328900.328908.",
    "hitType": 1,
    "mitigated": 3781,
    "sourceID": -1,
    "targetID": 121,
    "timestamp": 16460902,
    "type": "damage",
    "unmitigatedAmount": 9912,
  },
  Object {
    "abilityGameID": 343520,
    "amount": 5473,
    "hitType": 1,
    "mitigated": 471,
    "sourceID": -1,
    "targetID": 360,
    "timestamp": 16464767,
    "type": "damage",
    "unmitigatedAmount": 5944,
  },
  Object {
    "abilityGameID": 343520,
    "amount": 5473,
    "hitType": 1,
    "mitigated": 471,
    "sourceID": -1,
    "targetID": 360,
    "timestamp": 16479614,
    "type": "damage",
    "unmitigatedAmount": 5944,
  },
  Object {
    "abilityGameID": 343520,
    "amount": 5135,
    "hitType": 1,
    "mitigated": 422,
    "sourceID": -1,
    "targetID": 122,
    "timestamp": 16499223,
    "type": "damage",
    "unmitigatedAmount": 5557,
  },
  Object {
    "abilityGameID": 343520,
    "absorbed": 4598,
    "amount": 1390,
    "buffs": "108366.",
    "hitType": 1,
    "mitigated": 560,
    "sourceID": -1,
    "targetID": 11,
    "timestamp": 16546098,
    "type": "damage",
    "unmitigatedAmount": 6548,
  },
  Object {
    "abilityGameID": 343520,
    "amount": 7357,
    "buffs": "337547.258920.328900.187827.102342.328908.",
    "hitType": 1,
    "mitigated": 7510,
    "sourceID": -1,
    "targetID": 121,
    "timestamp": 16547186,
    "type": "damage",
    "unmitigatedAmount": 14867,
  },
  Object {
    "abilityGameID": 343520,
    "absorbed": 4384,
    "amount": 0,
    "buffs": "55342.235313.",
    "hitType": 3,
    "mitigated": 1427,
    "sourceID": -1,
    "targetID": 117,
    "timestamp": 16548020,
    "type": "damage",
    "unmitigatedAmount": 5811,
  },
  Object {
    "abilityGameID": 343520,
    "absorbed": 4247,
    "amount": 136,
    "buffs": "55342.235313.",
    "hitType": 1,
    "mitigated": 1428,
    "sourceID": -1,
    "targetID": 117,
    "timestamp": 16550539,
    "type": "damage",
    "unmitigatedAmount": 5811,
  },
  Object {
    "abilityGameID": 343520,
    "absorbed": 1588,
    "amount": 4879,
    "buffs": "108366.",
    "hitType": 1,
    "mitigated": 605,
    "sourceID": -1,
    "targetID": 11,
    "timestamp": 16551846,
    "type": "damage",
    "unmitigatedAmount": 7072,
  },
  Object {
    "abilityGameID": 343520,
    "amount": 4384,
    "buffs": "55342.",
    "hitType": 1,
    "mitigated": 1427,
    "sourceID": -1,
    "targetID": 117,
    "timestamp": 16553307,
    "type": "damage",
    "unmitigatedAmount": 5811,
  },
  Object {
    "abilityGameID": 343520,
    "amount": 9197,
    "buffs": "337547.212084.328900.187827.",
    "hitType": 1,
    "mitigated": 5670,
    "sourceID": -1,
    "targetID": 121,
    "timestamp": 16556389,
    "type": "damage",
    "unmitigatedAmount": 14867,
  },
  Object {
    "abilityGameID": 343520,
    "amount": 2192,
    "buffs": "55342.",
    "hitType": 1,
    "mitigated": 3619,
    "sourceID": -1,
    "targetID": 117,
    "timestamp": 16558330,
    "type": "damage",
    "unmitigatedAmount": 5811,
  },
  Object {
    "abilityGameID": 343520,
    "amount": 6132,
    "buffs": "337547.328900.",
    "hitType": 1,
    "mitigated": 3780,
    "sourceID": -1,
    "targetID": 121,
    "timestamp": 16594874,
    "type": "damage",
    "unmitigatedAmount": 9912,
  },
  Object {
    "abilityGameID": 343520,
    "amount": 6131,
    "buffs": "337547.258920.328900.328908.",
    "hitType": 1,
    "mitigated": 3781,
    "sourceID": -1,
    "targetID": 121,
    "timestamp": 16598710,
    "type": "damage",
    "unmitigatedAmount": 9912,
  },
  Object {
    "abilityGameID": 343520,
    "amount": 5419,
    "hitType": 1,
    "mitigated": 467,
    "sourceID": -1,
    "targetID": 360,
    "timestamp": 16599686,
    "type": "damage",
    "unmitigatedAmount": 5886,
  },
  Object {
    "abilityGameID": 343520,
    "amount": 6131,
    "buffs": "337547.258920.203819.203981.328900.",
    "hitType": 1,
    "mitigated": 3781,
    "sourceID": -1,
    "targetID": 121,
    "timestamp": 16756833,
    "type": "damage",
    "unmitigatedAmount": 9912,
  },
  Object {
    "abilityGameID": 343520,
    "amount": 6131,
    "buffs": "337547.203981.328900.",
    "hitType": 1,
    "mitigated": 3781,
    "sourceID": -1,
    "targetID": 121,
    "timestamp": 16762579,
    "type": "damage",
    "unmitigatedAmount": 9912,
  },
  Object {
    "abilityGameID": 343520,
    "amount": 6131,
    "buffs": "337547.203981.328900.",
    "hitType": 1,
    "mitigated": 3781,
    "sourceID": -1,
    "targetID": 121,
    "timestamp": 16788063,
    "type": "damage",
    "unmitigatedAmount": 9912,
  },
  Object {
    "abilityGameID": 343520,
    "amount": 5496,
    "hitType": 1,
    "mitigated": 448,
    "sourceID": -1,
    "targetID": 360,
    "timestamp": 16877415,
    "type": "damage",
    "unmitigatedAmount": 5944,
  },
  Object {
    "abilityGameID": 343520,
    "amount": 5479,
    "hitType": 1,
    "mitigated": 332,
    "sourceID": -1,
    "targetID": 117,
    "timestamp": 16882096,
    "type": "damage",
    "unmitigatedAmount": 5811,
  },
  Object {
    "abilityGameID": 343520,
    "amount": 5479,
    "hitType": 1,
    "mitigated": 332,
    "sourceID": -1,
    "targetID": 117,
    "timestamp": 16906184,
    "type": "damage",
    "unmitigatedAmount": 5811,
  },
  Object {
    "abilityGameID": 343520,
    "amount": 6131,
    "buffs": "337547.258920.203819.203981.328900.",
    "hitType": 1,
    "mitigated": 3781,
    "sourceID": -1,
    "targetID": 121,
    "timestamp": 16913045,
    "type": "damage",
    "unmitigatedAmount": 9912,
  },
  Object {
    "abilityGameID": 343520,
    "amount": 6131,
    "buffs": "337547.258920.203819.203981.328900.",
    "hitType": 1,
    "mitigated": 3781,
    "sourceID": -1,
    "targetID": 121,
    "timestamp": 16915044,
    "type": "damage",
    "unmitigatedAmount": 9912,
  },
  Object {
    "abilityGameID": 343520,
    "absorbed": 379,
    "amount": 5988,
    "buffs": "108291.",
    "hitType": 1,
    "mitigated": 519,
    "sourceID": -1,
    "targetID": 360,
    "timestamp": 16917408,
    "type": "damage",
    "unmitigatedAmount": 6886,
  },
  Object {
    "abilityGameID": 343520,
    "amount": 6131,
    "buffs": "337547.328900.",
    "hitType": 1,
    "mitigated": 3781,
    "sourceID": -1,
    "targetID": 121,
    "timestamp": 16918611,
    "type": "damage",
    "unmitigatedAmount": 9912,
  },
  Object {
    "abilityGameID": 343520,
    "amount": 9197,
    "buffs": "337547.203819.328900.187827.",
    "hitType": 1,
    "mitigated": 5670,
    "sourceID": -1,
    "targetID": 121,
    "timestamp": 16929822,
    "type": "damage",
    "unmitigatedAmount": 14867,
  },
  Object {
    "abilityGameID": 343520,
    "amount": 5156,
    "buffs": "24858.",
    "hitType": 1,
    "mitigated": 401,
    "sourceID": -1,
    "targetID": 122,
    "timestamp": 16934991,
    "type": "damage",
    "unmitigatedAmount": 5557,
  },
  Object {
    "abilityGameID": 343520,
    "amount": 6158,
    "buffs": "337547.203981.328900.",
    "hitType": 1,
    "mitigated": 3754,
    "sourceID": -1,
    "targetID": 121,
    "timestamp": 17068900,
    "type": "damage",
    "unmitigatedAmount": 9912,
  },
  Object {
    "abilityGameID": 343520,
    "amount": 6158,
    "buffs": "337547.258920.203981.328900.",
    "hitType": 1,
    "mitigated": 3754,
    "sourceID": -1,
    "targetID": 121,
    "timestamp": 17213333,
    "type": "damage",
    "unmitigatedAmount": 9912,
  },
  Object {
    "abilityGameID": 343520,
    "amount": 9237,
    "buffs": "337547.203981.328900.187827.",
    "hitType": 1,
    "mitigated": 5630,
    "sourceID": -1,
    "targetID": 121,
    "timestamp": 17371212,
    "type": "damage",
    "unmitigatedAmount": 14867,
  },
  Object {
    "abilityGameID": 343520,
    "amount": 6158,
    "buffs": "337547.258920.203981.328900.328908.",
    "hitType": 1,
    "mitigated": 3754,
    "sourceID": -1,
    "targetID": 121,
    "timestamp": 17522158,
    "type": "damage",
    "unmitigatedAmount": 9912,
  },
  Object {
    "abilityGameID": 343520,
    "amount": 6158,
    "buffs": "337547.258920.203981.328900.",
    "hitType": 1,
    "mitigated": 3754,
    "sourceID": -1,
    "targetID": 121,
    "timestamp": 17544504,
    "type": "damage",
    "unmitigatedAmount": 9912,
  },
  Object {
    "abilityGameID": 343520,
    "amount": 6158,
    "buffs": "337547.258920.203819.328900.",
    "hitType": 1,
    "mitigated": 3754,
    "sourceID": -1,
    "targetID": 121,
    "timestamp": 17675764,
    "type": "damage",
    "unmitigatedAmount": 9912,
  },
  Object {
    "abilityGameID": 343520,
    "amount": 5207,
    "buffs": "24858.",
    "hitType": 1,
    "mitigated": 405,
    "sourceID": -1,
    "targetID": 122,
    "timestamp": 17794517,
    "type": "damage",
    "unmitigatedAmount": 5612,
  },
  Object {
    "abilityGameID": 343520,
    "absorbed": 4384,
    "amount": 0,
    "buffs": "55342.235313.",
    "hitType": 3,
    "mitigated": 1427,
    "sourceID": -1,
    "targetID": 117,
    "timestamp": 17795363,
    "type": "damage",
    "unmitigatedAmount": 5811,
  },
  Object {
    "abilityGameID": 343520,
    "amount": 6158,
    "buffs": "337547.258920.328900.",
    "hitType": 1,
    "mitigated": 3754,
    "sourceID": -1,
    "targetID": 121,
    "timestamp": 17796684,
    "type": "damage",
    "unmitigatedAmount": 9912,
  },
  Object {
    "abilityGameID": 343520,
    "absorbed": 4247,
    "amount": 137,
    "buffs": "55342.235313.",
    "hitType": 1,
    "mitigated": 1427,
    "sourceID": -1,
    "targetID": 117,
    "timestamp": 17799674,
    "type": "damage",
    "unmitigatedAmount": 5811,
  },
  Object {
    "abilityGameID": 343520,
    "amount": 5206,
    "buffs": "24858.",
    "hitType": 1,
    "mitigated": 406,
    "sourceID": -1,
    "targetID": 122,
    "timestamp": 17799904,
    "type": "damage",
    "unmitigatedAmount": 5612,
  },
]
`;
