// Jest Snapshot v1, https://goo.gl/fbAQLP

exports[`getTormentedEvents works 1`] = `
Array [
  Object {
    "abilityGameID": 357865,
    "amount": 271095,
    "hitType": 1,
    "pin": "0",
    "sourceID": 3,
    "sourceMarker": 7,
    "targetID": 61,
    "targetInstance": 5,
    "timestamp": 3270126,
    "type": "damage",
    "unmitigatedAmount": 2780,
  },
  Object {
    "abilityGameID": 357708,
    "amount": 792735,
    "hitType": 1,
    "pin": "0",
    "sourceID": 5,
    "targetID": 61,
    "targetInstance": 5,
    "timestamp": 3277294,
    "type": "damage",
    "unmitigatedAmount": 9881,
  },
  Object {
    "abilityGameID": 357708,
    "amount": 302083,
    "hitType": 2,
    "pin": "0",
    "sourceID": 1,
    "targetID": 61,
    "targetInstance": 5,
    "timestamp": 3288394,
    "type": "damage",
    "unmitigatedAmount": 8748,
  },
  Object {
    "abilityGameID": 357708,
    "amount": 600163,
    "hitType": 1,
    "pin": "0",
    "sourceID": 2,
    "targetID": 61,
    "targetInstance": 5,
    "timestamp": 3289276,
    "type": "damage",
    "unmitigatedAmount": 10108,
  },
  Object {
    "abilityGameID": 356414,
    "absorbed": 27446,
    "amount": 0,
    "hitType": 3,
    "mitigated": 3362,
    "pin": "0",
    "sourceID": 22,
    "targetID": 5,
    "timestamp": 3483009,
    "type": "damage",
    "unmitigatedAmount": 30808,
  },
  Object {
    "abilityGameID": 356414,
    "amount": 16768,
    "hitType": 1,
    "mitigated": 14040,
    "pin": "0",
    "sourceID": 22,
    "targetID": 3,
    "targetMarker": 7,
    "timestamp": 3504055,
    "type": "damage",
    "unmitigatedAmount": 30808,
  },
  Object {
    "abilityGameID": 356414,
    "amount": 1,
    "hitType": 1,
    "mitigated": 3769,
    "overkill": 27038,
    "pin": "0",
    "sourceID": 22,
    "targetID": 2,
    "timestamp": 3514978,
    "type": "damage",
    "unmitigatedAmount": 30808,
  },
  Object {
    "abilityGameID": 356667,
    "absorbed": 665,
    "amount": 2689,
    "hitType": 1,
    "mitigated": 2191,
    "pin": "0",
    "sourceID": 22,
    "targetID": 3,
    "targetMarker": 7,
    "tick": true,
    "timestamp": 3479151,
    "type": "damage",
    "unmitigatedAmount": 5545,
  },
  Object {
    "abilityGameID": 356667,
    "absorbed": 4256,
    "amount": 29401,
    "hitType": 1,
    "mitigated": 828,
    "pin": "0",
    "sourceID": 22,
    "targetID": 5,
    "tick": true,
    "timestamp": 3479170,
    "type": "damage",
    "unmitigatedAmount": 9242,
  },
  Object {
    "abilityGameID": 356667,
    "absorbed": 4378,
    "amount": -29235,
    "hitType": 1,
    "mitigated": 952,
    "pin": "0",
    "sourceID": 22,
    "targetID": 2,
    "tick": true,
    "timestamp": 3479394,
    "type": "damage",
    "unmitigatedAmount": 9242,
  },
  Object {
    "abilityGameID": 356667,
    "amount": 23593,
    "hitType": 1,
    "mitigated": 1377,
    "pin": "0",
    "sourceID": 22,
    "targetID": 60,
    "tick": true,
    "timestamp": 3497512,
    "type": "damage",
    "unmitigatedAmount": 9242,
  },
  Object {
    "abilityGameID": 356667,
    "absorbed": 4489,
    "amount": 38628,
    "hitType": 1,
    "mitigated": 202,
    "pin": "0",
    "sourceID": 22,
    "targetID": 1,
    "tick": true,
    "timestamp": 3497587,
    "type": "damage",
    "unmitigatedAmount": 9242,
  },
  Object {
    "abilityGameID": 356923,
    "absorbed": 9576,
    "amount": 104043,
    "hitType": 1,
    "mitigated": 20544,
    "pin": "0",
    "sourceID": 24,
    "targetID": 3,
    "targetMarker": 7,
    "timestamp": 3187640,
    "type": "damage",
    "unmitigatedAmount": 42359,
  },
  Object {
    "abilityGameID": 356925,
    "absorbed": 9872,
    "amount": 37572,
    "hitType": 1,
    "mitigated": 2706,
    "pin": "0",
    "sourceID": 24,
    "targetID": 1,
    "timestamp": 3179758,
    "type": "damage",
    "unmitigatedAmount": 18676,
  },
  Object {
    "abilityGameID": 356925,
    "absorbed": 428,
    "amount": 86596,
    "hitType": 1,
    "mitigated": 6681,
    "pin": "0",
    "sourceID": 24,
    "targetID": 60,
    "timestamp": 3197963,
    "type": "damage",
    "unmitigatedAmount": 19254,
  },
]
`;
