// Jest Snapshot v1, https://goo.gl/fbAQLP

exports[`processEvents snapshot 1`] = `
Array [
  Object {
    "abilityID": 228626,
    "eventType": "ApplyDebuff",
    "targetPlayerID": null,
    "timestamp": 647832,
  },
  Object {
    "abilityID": 228626,
    "eventType": "ApplyDebuff",
    "targetPlayerID": null,
    "timestamp": 1286270,
  },
  Object {
    "abilityID": 228626,
    "eventType": "ApplyDebuff",
    "targetPlayerID": null,
    "timestamp": 1286270,
  },
  Object {
    "abilityID": 228626,
    "eventType": "ApplyDebuff",
    "targetPlayerID": null,
    "timestamp": 1286270,
  },
  Object {
    "abilityID": 228626,
    "eventType": "ApplyDebuff",
    "targetPlayerID": null,
    "timestamp": 1286270,
  },
  Object {
    "abilityID": 228626,
    "eventType": "ApplyDebuff",
    "targetPlayerID": null,
    "timestamp": 1286270,
  },
  Object {
    "abilityID": 228626,
    "eventType": "ApplyDebuff",
    "targetPlayerID": null,
    "timestamp": 1286270,
  },
  Object {
    "abilityID": 339917,
    "eventType": "ApplyDebuff",
    "targetPlayerID": null,
    "timestamp": 11913707,
  },
  Object {
    "abilityID": 339917,
    "eventType": "ApplyDebuff",
    "targetPlayerID": null,
    "timestamp": 11913707,
  },
  Object {
    "abilityID": 339917,
    "eventType": "ApplyDebuff",
    "targetPlayerID": null,
    "timestamp": 11913707,
  },
  Object {
    "abilityID": 339917,
    "eventType": "ApplyDebuff",
    "targetPlayerID": null,
    "timestamp": 11913707,
  },
  Object {
    "abilityID": 339917,
    "eventType": "ApplyDebuff",
    "targetPlayerID": null,
    "timestamp": 11913707,
  },
  Object {
    "abilityID": 339917,
    "eventType": "ApplyDebuff",
    "targetPlayerID": null,
    "timestamp": 11913707,
  },
  Object {
    "abilityID": 339917,
    "eventType": "ApplyDebuff",
    "targetPlayerID": null,
    "timestamp": 11913707,
  },
  Object {
    "abilityID": 339917,
    "eventType": "ApplyDebuff",
    "targetPlayerID": null,
    "timestamp": 11913707,
  },
  Object {
    "abilityID": 339917,
    "eventType": "ApplyDebuff",
    "targetPlayerID": null,
    "timestamp": 11913879,
  },
  Object {
    "abilityID": 339917,
    "eventType": "ApplyDebuff",
    "targetPlayerID": null,
    "timestamp": 12840160,
  },
  Object {
    "abilityID": 323881,
    "eventType": "ApplyDebuff",
    "targetPlayerID": null,
    "timestamp": 35495540,
  },
  Object {
    "abilityID": 323881,
    "eventType": "ApplyDebuff",
    "targetPlayerID": null,
    "timestamp": 35495540,
  },
  Object {
    "abilityID": 323881,
    "eventType": "ApplyDebuff",
    "targetPlayerID": null,
    "timestamp": 35495540,
  },
  Object {
    "abilityID": 323881,
    "eventType": "ApplyDebuff",
    "targetPlayerID": null,
    "timestamp": 35495540,
  },
  Object {
    "abilityID": 323881,
    "eventType": "ApplyDebuff",
    "targetPlayerID": null,
    "timestamp": 35495540,
  },
  Object {
    "abilityID": 357900,
    "eventType": "ApplyBuff",
    "targetPlayerID": null,
    "timestamp": 4094243,
  },
  Object {
    "abilityID": 357897,
    "eventType": "ApplyBuff",
    "targetPlayerID": null,
    "timestamp": 4095304,
  },
  Object {
    "abilityID": 357575,
    "eventType": "ApplyBuff",
    "targetPlayerID": null,
    "timestamp": 4096033,
  },
  Object {
    "abilityID": 357575,
    "eventType": "ApplyBuff",
    "targetPlayerID": null,
    "timestamp": 4096613,
  },
  Object {
    "abilityID": 357575,
    "eventType": "ApplyBuff",
    "targetPlayerID": null,
    "timestamp": 4098344,
  },
  Object {
    "abilityID": 357817,
    "eventType": "ApplyBuff",
    "targetPlayerID": null,
    "timestamp": 4498851,
  },
  Object {
    "abilityID": 357814,
    "eventType": "ApplyBuff",
    "targetPlayerID": null,
    "timestamp": 4500940,
  },
  Object {
    "abilityID": 357825,
    "eventType": "ApplyBuff",
    "targetPlayerID": null,
    "timestamp": 4504750,
  },
  Object {
    "abilityID": 357815,
    "eventType": "ApplyBuff",
    "targetPlayerID": null,
    "timestamp": 4506129,
  },
  Object {
    "abilityID": 357825,
    "eventType": "ApplyBuff",
    "targetPlayerID": null,
    "timestamp": 4510612,
  },
  Object {
    "abilityID": 357706,
    "eventType": "ApplyBuff",
    "targetPlayerID": null,
    "timestamp": 4741467,
  },
  Object {
    "abilityID": 357863,
    "eventType": "ApplyBuff",
    "targetPlayerID": null,
    "timestamp": 4741845,
  },
  Object {
    "abilityID": 357575,
    "eventType": "ApplyBuffStack",
    "targetPlayerID": null,
    "timestamp": 4742709,
  },
  Object {
    "abilityID": 357575,
    "eventType": "ApplyBuffStack",
    "targetPlayerID": null,
    "timestamp": 4743923,
  },
  Object {
    "abilityID": 357747,
    "eventType": "ApplyBuff",
    "targetPlayerID": null,
    "timestamp": 4749497,
  },
  Object {
    "abilityID": 357897,
    "eventType": "ApplyBuff",
    "targetPlayerID": null,
    "timestamp": 5090742,
  },
  Object {
    "abilityID": 356828,
    "eventType": "ApplyBuff",
    "targetPlayerID": null,
    "timestamp": 5461614,
  },
  Object {
    "abilityID": 357524,
    "eventType": "ApplyBuff",
    "targetPlayerID": null,
    "timestamp": 5463026,
  },
  Object {
    "abilityID": 357524,
    "eventType": "ApplyBuff",
    "targetPlayerID": null,
    "timestamp": 5463652,
  },
  Object {
    "abilityID": 357556,
    "eventType": "ApplyBuff",
    "targetPlayerID": null,
    "timestamp": 5465915,
  },
  Object {
    "abilityID": 356828,
    "eventType": "ApplyBuff",
    "targetPlayerID": null,
    "timestamp": 5466022,
  },
]
`;
