// Jest Snapshot v1, https://goo.gl/fbAQLP

exports[`getVolcanicEvents works 1`] = `
Array [
  Object {
    "abilityGameID": 209862,
    "absorbed": 7284,
    "amount": 36422,
    "fight": 3,
    "hitType": 3,
    "mitigated": 1108,
    "pin": "0",
    "sourceID": -1,
    "targetID": 5,
    "timestamp": 619235,
    "type": "damage",
    "unmitigatedAmount": 8392,
  },
  Object {
    "abilityGameID": 209862,
    "amount": 39693,
    "fight": 3,
    "hitType": 1,
    "mitigated": 2688,
    "pin": "0",
    "sourceID": -1,
    "targetID": 3,
    "timestamp": 945376,
    "type": "damage",
    "unmitigatedAmount": 10615,
  },
  Object {
    "abilityGameID": 209862,
    "amount": 80215,
    "fight": 3,
    "hitType": 1,
    "mitigated": 954,
    "pin": "0",
    "sourceID": -1,
    "targetID": 1,
    "targetMarker": 2,
    "timestamp": 995245,
    "type": "damage",
    "unmitigatedAmount": 8424,
  },
  Object {
    "abilityGameID": 209862,
    "amount": 14272,
    "fight": 3,
    "hitType": 1,
    "mitigated": 856,
    "pin": "0",
    "sourceID": -1,
    "targetID": 4,
    "timestamp": 1019230,
    "type": "damage",
    "unmitigatedAmount": 8412,
  },
]
`;
