// Jest Snapshot v1, https://goo.gl/fbAQLP

exports[`applydebuffstack tracks Necrotic stacks 1`] = `
[
  {
    "abilityID": 209858,
    "eventType": "ApplyDebuffStack",
    "stacks": 11,
    "targetPlayerID": 1,
    "timestamp": 23360,
  },
  {
    "abilityID": 209858,
    "eventType": "ApplyDebuffStack",
    "stacks": 12,
    "targetPlayerID": 1,
    "timestamp": 24411,
  },
  {
    "abilityID": 209858,
    "eventType": "ApplyDebuffStack",
    "stacks": 13,
    "targetPlayerID": 1,
    "timestamp": 24929,
  },
  {
    "abilityID": 209858,
    "eventType": "ApplyDebuffStack",
    "stacks": 14,
    "targetPlayerID": 1,
    "timestamp": 25626,
  },
  {
    "abilityID": 209858,
    "eventType": "ApplyDebuffStack",
    "stacks": 15,
    "targetPlayerID": 1,
    "timestamp": 26719,
  },
  {
    "abilityID": 209858,
    "eventType": "ApplyDebuffStack",
    "stacks": 16,
    "targetPlayerID": 1,
    "timestamp": 26774,
  },
  {
    "abilityID": 209858,
    "eventType": "ApplyDebuffStack",
    "stacks": 17,
    "targetPlayerID": 1,
    "timestamp": 27277,
  },
  {
    "abilityID": 209858,
    "eventType": "ApplyDebuffStack",
    "stacks": 18,
    "targetPlayerID": 1,
    "timestamp": 28057,
  },
  {
    "abilityID": 209858,
    "eventType": "ApplyDebuffStack",
    "stacks": 19,
    "targetPlayerID": 1,
    "timestamp": 29928,
  },
  {
    "abilityID": 209858,
    "eventType": "ApplyDebuffStack",
    "stacks": 20,
    "targetPlayerID": 1,
    "timestamp": 30143,
  },
  {
    "abilityID": 209858,
    "eventType": "ApplyDebuffStack",
    "stacks": 21,
    "targetPlayerID": 1,
    "timestamp": 31422,
  },
  {
    "abilityID": 209858,
    "eventType": "ApplyDebuffStack",
    "stacks": 22,
    "targetPlayerID": 1,
    "timestamp": 31846,
  },
  {
    "abilityID": 209858,
    "eventType": "ApplyDebuffStack",
    "stacks": 23,
    "targetPlayerID": 1,
    "timestamp": 32492,
  },
  {
    "abilityID": 209858,
    "eventType": "ApplyDebuffStack",
    "stacks": 11,
    "targetPlayerID": 1,
    "timestamp": 78747,
  },
  {
    "abilityID": 209858,
    "eventType": "ApplyDebuffStack",
    "stacks": 12,
    "targetPlayerID": 1,
    "timestamp": 78997,
  },
  {
    "abilityID": 209858,
    "eventType": "ApplyDebuffStack",
    "stacks": 13,
    "targetPlayerID": 1,
    "timestamp": 79130,
  },
  {
    "abilityID": 209858,
    "eventType": "ApplyDebuffStack",
    "stacks": 14,
    "targetPlayerID": 1,
    "timestamp": 79876,
  },
  {
    "abilityID": 209858,
    "eventType": "ApplyDebuffStack",
    "stacks": 15,
    "targetPlayerID": 1,
    "timestamp": 81102,
  },
  {
    "abilityID": 209858,
    "eventType": "ApplyDebuffStack",
    "stacks": 16,
    "targetPlayerID": 1,
    "timestamp": 81102,
  },
  {
    "abilityID": 209858,
    "eventType": "ApplyDebuffStack",
    "stacks": 17,
    "targetPlayerID": 1,
    "timestamp": 81347,
  },
  {
    "abilityID": 209858,
    "eventType": "ApplyDebuffStack",
    "stacks": 18,
    "targetPlayerID": 1,
    "timestamp": 81493,
  },
  {
    "abilityID": 209858,
    "eventType": "ApplyDebuffStack",
    "stacks": 19,
    "targetPlayerID": 1,
    "timestamp": 82231,
  },
  {
    "abilityID": 209858,
    "eventType": "ApplyDebuffStack",
    "stacks": 20,
    "targetPlayerID": 1,
    "timestamp": 82231,
  },
  {
    "abilityID": 209858,
    "eventType": "ApplyDebuffStack",
    "stacks": 21,
    "targetPlayerID": 1,
    "timestamp": 83450,
  },
  {
    "abilityID": 209858,
    "eventType": "ApplyDebuffStack",
    "stacks": 22,
    "targetPlayerID": 1,
    "timestamp": 83705,
  },
  {
    "abilityID": 209858,
    "eventType": "ApplyDebuffStack",
    "stacks": 23,
    "targetPlayerID": 1,
    "timestamp": 84592,
  },
  {
    "abilityID": 209858,
    "eventType": "ApplyDebuffStack",
    "stacks": 24,
    "targetPlayerID": 1,
    "timestamp": 85806,
  },
  {
    "abilityID": 209858,
    "eventType": "ApplyDebuffStack",
    "stacks": 25,
    "targetPlayerID": 1,
    "timestamp": 86061,
  },
  {
    "abilityID": 209858,
    "eventType": "ApplyDebuffStack",
    "stacks": 26,
    "targetPlayerID": 1,
    "timestamp": 86198,
  },
  {
    "abilityID": 209858,
    "eventType": "ApplyDebuffStack",
    "stacks": 27,
    "targetPlayerID": 1,
    "timestamp": 86628,
  },
  {
    "abilityID": 209858,
    "eventType": "ApplyDebuffStack",
    "stacks": 28,
    "targetPlayerID": 1,
    "timestamp": 88550,
  },
  {
    "abilityID": 209858,
    "eventType": "ApplyDebuffStack",
    "stacks": 29,
    "targetPlayerID": 1,
    "timestamp": 88563,
  },
  {
    "abilityID": 209858,
    "eventType": "ApplyDebuffStack",
    "stacks": 30,
    "targetPlayerID": 1,
    "timestamp": 90547,
  },
  {
    "abilityID": 209858,
    "eventType": "ApplyDebuffStack",
    "stacks": 31,
    "targetPlayerID": 1,
    "timestamp": 90561,
  },
  {
    "abilityID": 209858,
    "eventType": "ApplyDebuffStack",
    "stacks": 32,
    "targetPlayerID": 1,
    "timestamp": 91939,
  },
  {
    "abilityID": 209858,
    "eventType": "ApplyDebuffStack",
    "stacks": 33,
    "targetPlayerID": 1,
    "timestamp": 92091,
  },
  {
    "abilityID": 209858,
    "eventType": "ApplyDebuffStack",
    "stacks": 34,
    "targetPlayerID": 1,
    "timestamp": 92563,
  },
  {
    "abilityID": 209858,
    "eventType": "ApplyDebuffStack",
    "stacks": 35,
    "targetPlayerID": 1,
    "timestamp": 99337,
  },
  {
    "abilityID": 209858,
    "eventType": "ApplyDebuffStack",
    "stacks": 36,
    "targetPlayerID": 1,
    "timestamp": 99828,
  },
  {
    "abilityID": 209858,
    "eventType": "ApplyDebuffStack",
    "stacks": 37,
    "targetPlayerID": 1,
    "timestamp": 101684,
  },
  {
    "abilityID": 209858,
    "eventType": "ApplyDebuffStack",
    "stacks": 11,
    "targetPlayerID": 1,
    "timestamp": 171812,
  },
  {
    "abilityID": 209858,
    "eventType": "ApplyDebuffStack",
    "stacks": 12,
    "targetPlayerID": 1,
    "timestamp": 173313,
  },
  {
    "abilityID": 209858,
    "eventType": "ApplyDebuffStack",
    "stacks": 13,
    "targetPlayerID": 1,
    "timestamp": 174172,
  },
  {
    "abilityID": 209858,
    "eventType": "ApplyDebuffStack",
    "stacks": 14,
    "targetPlayerID": 1,
    "timestamp": 179731,
  },
  {
    "abilityID": 209858,
    "eventType": "ApplyDebuffStack",
    "stacks": 15,
    "targetPlayerID": 1,
    "timestamp": 183796,
  },
  {
    "abilityID": 209858,
    "eventType": "ApplyDebuffStack",
    "stacks": 16,
    "targetPlayerID": 1,
    "timestamp": 187171,
  },
  {
    "abilityID": 209858,
    "eventType": "ApplyDebuffStack",
    "stacks": 11,
    "targetPlayerID": 1,
    "timestamp": 273330,
  },
  {
    "abilityID": 209858,
    "eventType": "ApplyDebuffStack",
    "stacks": 12,
    "targetPlayerID": 1,
    "timestamp": 273770,
  },
  {
    "abilityID": 209858,
    "eventType": "ApplyDebuffStack",
    "stacks": 13,
    "targetPlayerID": 1,
    "timestamp": 276134,
  },
  {
    "abilityID": 209858,
    "eventType": "ApplyDebuffStack",
    "stacks": 14,
    "targetPlayerID": 1,
    "timestamp": 278493,
  },
  {
    "abilityID": 209858,
    "eventType": "ApplyDebuffStack",
    "stacks": 11,
    "targetPlayerID": 1,
    "timestamp": 337936,
  },
  {
    "abilityID": 209858,
    "eventType": "ApplyDebuffStack",
    "stacks": 12,
    "targetPlayerID": 1,
    "timestamp": 338343,
  },
  {
    "abilityID": 209858,
    "eventType": "ApplyDebuffStack",
    "stacks": 13,
    "targetPlayerID": 1,
    "timestamp": 339156,
  },
  {
    "abilityID": 209858,
    "eventType": "ApplyDebuffStack",
    "stacks": 14,
    "targetPlayerID": 1,
    "timestamp": 339269,
  },
  {
    "abilityID": 209858,
    "eventType": "ApplyDebuffStack",
    "stacks": 15,
    "targetPlayerID": 1,
    "timestamp": 339269,
  },
  {
    "abilityID": 209858,
    "eventType": "ApplyDebuffStack",
    "stacks": 16,
    "targetPlayerID": 1,
    "timestamp": 340365,
  },
  {
    "abilityID": 209858,
    "eventType": "ApplyDebuffStack",
    "stacks": 17,
    "targetPlayerID": 1,
    "timestamp": 341618,
  },
  {
    "abilityID": 209858,
    "eventType": "ApplyDebuffStack",
    "stacks": 18,
    "targetPlayerID": 1,
    "timestamp": 341979,
  },
  {
    "abilityID": 209858,
    "eventType": "ApplyDebuffStack",
    "stacks": 19,
    "targetPlayerID": 1,
    "timestamp": 342026,
  },
  {
    "abilityID": 209858,
    "eventType": "ApplyDebuffStack",
    "stacks": 20,
    "targetPlayerID": 1,
    "timestamp": 342095,
  },
  {
    "abilityID": 209858,
    "eventType": "ApplyDebuffStack",
    "stacks": 21,
    "targetPlayerID": 1,
    "timestamp": 342336,
  },
  {
    "abilityID": 209858,
    "eventType": "ApplyDebuffStack",
    "stacks": 22,
    "targetPlayerID": 1,
    "timestamp": 342351,
  },
  {
    "abilityID": 209858,
    "eventType": "ApplyDebuffStack",
    "stacks": 23,
    "targetPlayerID": 1,
    "timestamp": 342367,
  },
  {
    "abilityID": 209858,
    "eventType": "ApplyDebuffStack",
    "stacks": 24,
    "targetPlayerID": 1,
    "timestamp": 343641,
  },
  {
    "abilityID": 209858,
    "eventType": "ApplyDebuffStack",
    "stacks": 25,
    "targetPlayerID": 1,
    "timestamp": 343979,
  },
  {
    "abilityID": 209858,
    "eventType": "ApplyDebuffStack",
    "stacks": 26,
    "targetPlayerID": 1,
    "timestamp": 343996,
  },
  {
    "abilityID": 209858,
    "eventType": "ApplyDebuffStack",
    "stacks": 27,
    "targetPlayerID": 1,
    "timestamp": 344355,
  },
  {
    "abilityID": 209858,
    "eventType": "ApplyDebuffStack",
    "stacks": 28,
    "targetPlayerID": 1,
    "timestamp": 344392,
  },
  {
    "abilityID": 209858,
    "eventType": "ApplyDebuffStack",
    "stacks": 29,
    "targetPlayerID": 1,
    "timestamp": 344687,
  },
  {
    "abilityID": 209858,
    "eventType": "ApplyDebuffStack",
    "stacks": 30,
    "targetPlayerID": 1,
    "timestamp": 344687,
  },
  {
    "abilityID": 209858,
    "eventType": "ApplyDebuffStack",
    "stacks": 31,
    "targetPlayerID": 1,
    "timestamp": 344687,
  },
  {
    "abilityID": 209858,
    "eventType": "ApplyDebuffStack",
    "stacks": 32,
    "targetPlayerID": 1,
    "timestamp": 344705,
  },
  {
    "abilityID": 209858,
    "eventType": "ApplyDebuffStack",
    "stacks": 33,
    "targetPlayerID": 1,
    "timestamp": 345180,
  },
  {
    "abilityID": 209858,
    "eventType": "ApplyDebuffStack",
    "stacks": 11,
    "targetPlayerID": 1,
    "timestamp": 349098,
  },
  {
    "abilityID": 209858,
    "eventType": "ApplyDebuffStack",
    "stacks": 12,
    "targetPlayerID": 1,
    "timestamp": 349403,
  },
  {
    "abilityID": 209858,
    "eventType": "ApplyDebuffStack",
    "stacks": 13,
    "targetPlayerID": 1,
    "timestamp": 349403,
  },
  {
    "abilityID": 209858,
    "eventType": "ApplyDebuffStack",
    "stacks": 14,
    "targetPlayerID": 1,
    "timestamp": 349536,
  },
  {
    "abilityID": 209858,
    "eventType": "ApplyDebuffStack",
    "stacks": 15,
    "targetPlayerID": 1,
    "timestamp": 350185,
  },
  {
    "abilityID": 209858,
    "eventType": "ApplyDebuffStack",
    "stacks": 16,
    "targetPlayerID": 1,
    "timestamp": 350772,
  },
  {
    "abilityID": 209858,
    "eventType": "ApplyDebuffStack",
    "stacks": 17,
    "targetPlayerID": 1,
    "timestamp": 351056,
  },
  {
    "abilityID": 209858,
    "eventType": "ApplyDebuffStack",
    "stacks": 18,
    "targetPlayerID": 1,
    "timestamp": 351776,
  },
  {
    "abilityID": 209858,
    "eventType": "ApplyDebuffStack",
    "stacks": 19,
    "targetPlayerID": 1,
    "timestamp": 351889,
  },
  {
    "abilityID": 209858,
    "eventType": "ApplyDebuffStack",
    "stacks": 20,
    "targetPlayerID": 1,
    "timestamp": 352039,
  },
  {
    "abilityID": 209858,
    "eventType": "ApplyDebuffStack",
    "stacks": 21,
    "targetPlayerID": 1,
    "timestamp": 352039,
  },
  {
    "abilityID": 209858,
    "eventType": "ApplyDebuffStack",
    "stacks": 22,
    "targetPlayerID": 1,
    "timestamp": 352531,
  },
  {
    "abilityID": 209858,
    "eventType": "ApplyDebuffStack",
    "stacks": 23,
    "targetPlayerID": 1,
    "timestamp": 352546,
  },
  {
    "abilityID": 209858,
    "eventType": "ApplyDebuffStack",
    "stacks": 11,
    "targetPlayerID": 1,
    "timestamp": 425625,
  },
  {
    "abilityID": 209858,
    "eventType": "ApplyDebuffStack",
    "stacks": 12,
    "targetPlayerID": 1,
    "timestamp": 427414,
  },
  {
    "abilityID": 209858,
    "eventType": "ApplyDebuffStack",
    "stacks": 13,
    "targetPlayerID": 1,
    "timestamp": 427994,
  },
  {
    "abilityID": 209858,
    "eventType": "ApplyDebuffStack",
    "stacks": 14,
    "targetPlayerID": 1,
    "timestamp": 430343,
  },
  {
    "abilityID": 209858,
    "eventType": "ApplyDebuffStack",
    "stacks": 15,
    "targetPlayerID": 1,
    "timestamp": 432704,
  },
  {
    "abilityID": 209858,
    "eventType": "ApplyDebuffStack",
    "stacks": 11,
    "targetPlayerID": 1,
    "timestamp": 495488,
  },
  {
    "abilityID": 209858,
    "eventType": "ApplyDebuffStack",
    "stacks": 12,
    "targetPlayerID": 1,
    "timestamp": 502908,
  },
  {
    "abilityID": 209858,
    "eventType": "ApplyDebuffStack",
    "stacks": 13,
    "targetPlayerID": 1,
    "timestamp": 503134,
  },
  {
    "abilityID": 209858,
    "eventType": "ApplyDebuffStack",
    "stacks": 14,
    "targetPlayerID": 1,
    "timestamp": 504092,
  },
  {
    "abilityID": 209858,
    "eventType": "ApplyDebuffStack",
    "stacks": 15,
    "targetPlayerID": 1,
    "timestamp": 505932,
  },
  {
    "abilityID": 209858,
    "eventType": "ApplyDebuffStack",
    "stacks": 16,
    "targetPlayerID": 1,
    "timestamp": 505962,
  },
  {
    "abilityID": 209858,
    "eventType": "ApplyDebuffStack",
    "stacks": 17,
    "targetPlayerID": 1,
    "timestamp": 506463,
  },
  {
    "abilityID": 209858,
    "eventType": "ApplyDebuffStack",
    "stacks": 18,
    "targetPlayerID": 1,
    "timestamp": 507980,
  },
  {
    "abilityID": 209858,
    "eventType": "ApplyDebuffStack",
    "stacks": 19,
    "targetPlayerID": 1,
    "timestamp": 508525,
  },
  {
    "abilityID": 209858,
    "eventType": "ApplyDebuffStack",
    "stacks": 20,
    "targetPlayerID": 1,
    "timestamp": 509124,
  },
  {
    "abilityID": 209858,
    "eventType": "ApplyDebuffStack",
    "stacks": 21,
    "targetPlayerID": 1,
    "timestamp": 509799,
  },
  {
    "abilityID": 209858,
    "eventType": "ApplyDebuffStack",
    "stacks": 22,
    "targetPlayerID": 1,
    "timestamp": 509827,
  },
  {
    "abilityID": 209858,
    "eventType": "ApplyDebuffStack",
    "stacks": 23,
    "targetPlayerID": 1,
    "timestamp": 510339,
  },
  {
    "abilityID": 209858,
    "eventType": "ApplyDebuffStack",
    "stacks": 24,
    "targetPlayerID": 1,
    "timestamp": 510873,
  },
  {
    "abilityID": 209858,
    "eventType": "ApplyDebuffStack",
    "stacks": 25,
    "targetPlayerID": 1,
    "timestamp": 510946,
  },
  {
    "abilityID": 209858,
    "eventType": "ApplyDebuffStack",
    "stacks": 26,
    "targetPlayerID": 1,
    "timestamp": 511549,
  },
  {
    "abilityID": 209858,
    "eventType": "ApplyDebuffStack",
    "stacks": 27,
    "targetPlayerID": 1,
    "timestamp": 512144,
  },
  {
    "abilityID": 209858,
    "eventType": "ApplyDebuffStack",
    "stacks": 28,
    "targetPlayerID": 1,
    "timestamp": 512687,
  },
]
`;
