// Jest Snapshot v1, https://goo.gl/fbAQLP

exports[`begincast tracks SD Lantern Opening 1`] = `
[
  {
    "abilityID": 340013,
    "eventType": "BeginCast",
    "sourcePlayerID": 1,
    "timestamp": 11555435,
  },
  {
    "abilityID": 340013,
    "eventType": "BeginCast",
    "sourcePlayerID": 1,
    "timestamp": 12245987,
  },
  {
    "abilityID": 340013,
    "eventType": "BeginCast",
    "sourcePlayerID": 1,
    "timestamp": 12595765,
  },
  {
    "abilityID": 340013,
    "eventType": "BeginCast",
    "sourcePlayerID": 1,
    "timestamp": 13469368,
  },
  {
    "abilityID": 340013,
    "eventType": "BeginCast",
    "sourcePlayerID": 1,
    "timestamp": 13472946,
  },
]
`;
