// Jest Snapshot v1, https://goo.gl/fbAQLP

exports[`getDOSEvents works 1`] = `
Array [
  Object {
    "abilityGameID": 228626,
    "fight": 2,
    "pin": "0",
    "sourceID": 5,
    "targetID": 35,
    "targetInstance": 1,
    "timestamp": 647832,
    "type": "applydebuff",
  },
  Object {
    "abilityGameID": 228626,
    "fight": 2,
    "pin": "0",
    "sourceID": 1,
    "targetID": 16,
    "targetInstance": 2,
    "targetMarker": 8,
    "timestamp": 1286270,
    "type": "applydebuff",
  },
  Object {
    "abilityGameID": 228626,
    "fight": 2,
    "pin": "0",
    "sourceID": 1,
    "targetID": 10,
    "targetInstance": 8,
    "timestamp": 1286270,
    "type": "applydebuff",
  },
  Object {
    "abilityGameID": 228626,
    "fight": 2,
    "pin": "0",
    "sourceID": 1,
    "targetID": 17,
    "targetInstance": 7,
    "timestamp": 1286270,
    "type": "applydebuff",
  },
  Object {
    "abilityGameID": 228626,
    "fight": 2,
    "pin": "0",
    "sourceID": 1,
    "targetID": 9,
    "targetInstance": 7,
    "timestamp": 1286270,
    "type": "applydebuff",
  },
  Object {
    "abilityGameID": 228626,
    "fight": 2,
    "pin": "0",
    "sourceID": 1,
    "targetID": 9,
    "targetInstance": 5,
    "timestamp": 1286270,
    "type": "applydebuff",
  },
  Object {
    "abilityGameID": 228626,
    "fight": 2,
    "pin": "0",
    "sourceID": 1,
    "targetID": 9,
    "targetInstance": 6,
    "timestamp": 1286270,
    "type": "applydebuff",
  },
  Object {
    "abilityGameID": 340004,
    "sourceID": 104,
    "targetID": -1,
    "timestamp": 2364699,
    "type": "begincast",
  },
]
`;
