// Jest Snapshot v1, https://goo.gl/fbAQLP

exports[`heal skips event with 0 healing 1`] = `
Array [
  null,
  null,
  null,
  null,
  null,
  null,
  null,
  null,
  null,
  null,
  null,
  null,
  null,
  null,
  null,
  null,
  null,
  null,
  null,
  null,
  null,
  null,
  null,
  null,
  null,
  null,
  null,
  null,
  null,
  null,
  null,
  null,
  null,
  null,
  null,
  null,
  null,
  null,
  null,
  null,
  null,
  null,
  null,
  null,
  null,
  null,
  null,
  null,
  null,
  null,
  null,
  null,
  null,
  null,
  null,
  null,
  null,
  null,
  null,
  null,
  null,
  null,
  null,
  null,
  null,
  null,
  null,
  null,
  null,
  null,
  null,
  null,
  null,
  null,
  null,
  null,
  null,
  null,
  null,
  null,
  null,
  null,
  null,
  null,
  null,
  null,
  null,
  null,
  null,
  null,
  null,
  null,
  null,
  null,
  null,
  null,
  null,
  null,
  null,
  null,
  null,
  null,
  null,
  null,
  null,
  null,
  null,
  null,
  null,
  null,
  null,
  null,
  null,
  null,
  null,
  null,
  null,
  null,
  null,
  null,
  null,
  null,
  null,
  null,
  null,
  null,
  null,
  null,
  null,
  null,
  null,
  null,
  null,
  null,
  null,
  null,
  null,
  null,
  null,
  null,
  null,
  null,
  null,
  null,
  null,
  null,
  null,
  null,
  null,
  null,
  null,
  null,
  null,
  null,
  null,
  null,
  null,
  null,
  null,
  null,
  null,
  null,
  null,
  null,
  null,
  null,
  null,
  null,
  null,
  null,
  null,
  null,
  null,
  null,
  null,
  null,
  null,
  null,
  null,
  null,
  null,
  null,
  null,
  null,
  null,
  null,
  null,
  null,
  null,
  null,
  null,
  null,
  null,
  null,
  null,
  null,
  null,
  null,
  null,
  null,
  null,
  null,
  null,
  null,
  null,
  null,
  null,
  null,
  null,
  null,
  null,
  null,
  null,
  null,
  null,
  null,
  null,
  null,
  null,
  null,
  null,
  null,
  null,
  null,
  null,
  null,
  null,
  null,
  null,
  null,
  null,
  null,
  null,
  null,
  null,
  null,
  null,
  null,
  null,
  null,
  null,
  null,
  null,
  null,
  null,
  null,
  null,
  null,
  null,
  null,
  null,
  null,
  null,
  null,
  null,
  null,
  null,
  null,
  null,
  null,
  null,
  null,
  null,
  null,
  null,
  null,
  null,
  null,
  null,
  null,
  null,
  null,
  null,
  null,
  null,
  null,
  null,
  null,
  null,
  null,
  null,
  null,
  null,
  null,
  null,
  null,
  null,
  null,
  null,
  null,
  null,
  null,
  null,
  null,
  null,
  null,
  null,
  null,
  null,
  null,
  null,
  null,
  null,
  null,
  null,
  null,
  null,
  null,
  null,
  null,
  null,
  null,
  null,
  null,
  null,
  null,
  null,
  null,
  null,
  null,
  null,
  null,
  null,
  null,
  null,
  null,
  null,
  null,
  null,
  null,
  null,
  null,
  null,
  null,
  null,
  null,
  null,
  null,
  null,
  null,
  null,
  null,
]
`;

exports[`heal tracks NW Kyrian Orb heal events 1`] = `
Array [
  null,
  null,
  Object {
    "abilityID": 344422,
    "eventType": "HealingDone",
    "healingDone": 3169,
    "sourcePlayerID": 1,
    "targetPlayerID": 1,
    "timestamp": 1913816,
  },
  null,
  Object {
    "abilityID": 344422,
    "eventType": "HealingDone",
    "healingDone": 2685,
    "sourcePlayerID": 1,
    "targetPlayerID": 1,
    "timestamp": 1915015,
  },
  null,
  Object {
    "abilityID": 344422,
    "eventType": "HealingDone",
    "healingDone": 2973,
    "sourcePlayerID": 1,
    "targetPlayerID": 1,
    "timestamp": 1915015,
  },
  Object {
    "abilityID": 344422,
    "eventType": "HealingDone",
    "healingDone": 3301,
    "sourcePlayerID": 1,
    "targetPlayerID": 1,
    "timestamp": 1916507,
  },
  null,
  null,
  Object {
    "abilityID": 344422,
    "eventType": "HealingDone",
    "healingDone": 2625,
    "sourcePlayerID": 1,
    "targetPlayerID": 1,
    "timestamp": 1917790,
  },
  Object {
    "abilityID": 344422,
    "eventType": "HealingDone",
    "healingDone": 2643,
    "sourcePlayerID": 1,
    "targetPlayerID": 1,
    "timestamp": 1919008,
  },
  null,
  null,
  Object {
    "abilityID": 344422,
    "eventType": "HealingDone",
    "healingDone": 5945,
    "sourcePlayerID": 1,
    "targetPlayerID": 1,
    "timestamp": 1919008,
  },
  Object {
    "abilityID": 344422,
    "eventType": "HealingDone",
    "healingDone": 3301,
    "sourcePlayerID": 1,
    "targetPlayerID": 1,
    "timestamp": 1920502,
  },
  null,
  null,
  null,
  Object {
    "abilityID": 344422,
    "eventType": "HealingDone",
    "healingDone": 790,
    "sourcePlayerID": 1,
    "targetPlayerID": 1,
    "timestamp": 1920502,
  },
  null,
  null,
  Object {
    "abilityID": 344422,
    "eventType": "HealingDone",
    "healingDone": 3047,
    "sourcePlayerID": 1,
    "targetPlayerID": 1,
    "timestamp": 1921799,
  },
  null,
  null,
  Object {
    "abilityID": 344422,
    "eventType": "HealingDone",
    "healingDone": 5945,
    "sourcePlayerID": 1,
    "targetPlayerID": 1,
    "timestamp": 1923003,
  },
  Object {
    "abilityID": 344422,
    "eventType": "HealingDone",
    "healingDone": 2641,
    "sourcePlayerID": 1,
    "targetPlayerID": 1,
    "timestamp": 1923089,
  },
  null,
  null,
  Object {
    "abilityID": 344422,
    "eventType": "HealingDone",
    "healingDone": 2695,
    "sourcePlayerID": 1,
    "targetPlayerID": 1,
    "timestamp": 1924449,
  },
  Object {
    "abilityID": 344422,
    "eventType": "HealingDone",
    "healingDone": 3301,
    "sourcePlayerID": 1,
    "targetPlayerID": 1,
    "timestamp": 1924512,
  },
  null,
  null,
  null,
  null,
  null,
  null,
  null,
  null,
  Object {
    "abilityID": 344422,
    "eventType": "HealingDone",
    "healingDone": 2973,
    "sourcePlayerID": 1,
    "targetPlayerID": 1,
    "timestamp": 1927003,
  },
  null,
  null,
  null,
  null,
  null,
  null,
  null,
  null,
  null,
  Object {
    "abilityID": 344422,
    "eventType": "HealingDone",
    "healingDone": 2984,
    "sourcePlayerID": 1,
    "targetPlayerID": 1,
    "timestamp": 1928443,
  },
  Object {
    "abilityID": 344422,
    "eventType": "HealingDone",
    "healingDone": 3301,
    "sourcePlayerID": 1,
    "targetPlayerID": 1,
    "timestamp": 1928511,
  },
  null,
  null,
  null,
  null,
  null,
  null,
  null,
  null,
  Object {
    "abilityID": 344422,
    "eventType": "HealingDone",
    "healingDone": 1702,
    "sourcePlayerID": 1,
    "targetPlayerID": 1,
    "timestamp": 1929804,
  },
  null,
  null,
  null,
  null,
  null,
  null,
  null,
  null,
  null,
  null,
  null,
  null,
  null,
  null,
  Object {
    "abilityID": 344422,
    "eventType": "HealingDone",
    "healingDone": 2983,
    "sourcePlayerID": 1,
    "targetPlayerID": 1,
    "timestamp": 1932443,
  },
  Object {
    "abilityID": 344422,
    "eventType": "HealingDone",
    "healingDone": 2793,
    "sourcePlayerID": 1,
    "targetPlayerID": 1,
    "timestamp": 1932495,
  },
  null,
  null,
  null,
  null,
  null,
  null,
  null,
  null,
  Object {
    "abilityID": 344422,
    "eventType": "HealingDone",
    "healingDone": 3169,
    "sourcePlayerID": 1,
    "targetPlayerID": 1,
    "timestamp": 1933804,
  },
  null,
  null,
  null,
  Object {
    "abilityID": 344422,
    "eventType": "HealingDone",
    "healingDone": 1933,
    "sourcePlayerID": 1,
    "targetPlayerID": 1,
    "timestamp": 1935000,
  },
  null,
  null,
  null,
  null,
  null,
  null,
  null,
  null,
  Object {
    "abilityID": 344422,
    "eventType": "HealingDone",
    "healingDone": 2984,
    "sourcePlayerID": 1,
    "targetPlayerID": 1,
    "timestamp": 1936450,
  },
  Object {
    "abilityID": 344422,
    "eventType": "HealingDone",
    "healingDone": 3300,
    "sourcePlayerID": 1,
    "targetPlayerID": 1,
    "timestamp": 1936498,
  },
  null,
  null,
  null,
  null,
  null,
  null,
  null,
  null,
  Object {
    "abilityID": 344422,
    "eventType": "HealingDone",
    "healingDone": 6337,
    "sourcePlayerID": 1,
    "targetPlayerID": 1,
    "timestamp": 1937799,
  },
  null,
  null,
  null,
  null,
  Object {
    "abilityID": 344422,
    "eventType": "HealingDone",
    "healingDone": 5945,
    "sourcePlayerID": 1,
    "targetPlayerID": 1,
    "timestamp": 1939008,
  },
  null,
  null,
  null,
  null,
  Object {
    "abilityID": 344422,
    "eventType": "HealingDone",
    "healingDone": 2927,
    "sourcePlayerID": 1,
    "targetPlayerID": 1,
    "timestamp": 1939095,
  },
  Object {
    "abilityID": 344422,
    "eventType": "HealingDone",
    "healingDone": 2695,
    "sourcePlayerID": 1,
    "targetPlayerID": 1,
    "timestamp": 1940449,
  },
  Object {
    "abilityID": 344422,
    "eventType": "HealingDone",
    "healingDone": 5435,
    "sourcePlayerID": 1,
    "targetPlayerID": 1,
    "timestamp": 1940449,
  },
  Object {
    "abilityID": 344422,
    "eventType": "HealingDone",
    "healingDone": 2694,
    "sourcePlayerID": 1,
    "targetPlayerID": 1,
    "timestamp": 1940449,
  },
  Object {
    "abilityID": 344422,
    "eventType": "HealingDone",
    "healingDone": 2654,
    "sourcePlayerID": 1,
    "targetPlayerID": 1,
    "timestamp": 1940449,
  },
  Object {
    "abilityID": 344422,
    "eventType": "HealingDone",
    "healingDone": 2983,
    "sourcePlayerID": 1,
    "targetPlayerID": 1,
    "timestamp": 1940449,
  },
  Object {
    "abilityID": 344422,
    "eventType": "HealingDone",
    "healingDone": 3301,
    "sourcePlayerID": 1,
    "targetPlayerID": 1,
    "timestamp": 1940505,
  },
  Object {
    "abilityID": 344422,
    "eventType": "HealingDone",
    "healingDone": 2982,
    "sourcePlayerID": 1,
    "targetPlayerID": 1,
    "timestamp": 1940505,
  },
  Object {
    "abilityID": 344422,
    "eventType": "HealingDone",
    "healingDone": 2981,
    "sourcePlayerID": 1,
    "targetPlayerID": 1,
    "timestamp": 1940505,
  },
  Object {
    "abilityID": 344422,
    "eventType": "HealingDone",
    "healingDone": 2798,
    "sourcePlayerID": 1,
    "targetPlayerID": 1,
    "timestamp": 1940505,
  },
  null,
  null,
  null,
  Object {
    "abilityID": 344422,
    "eventType": "HealingDone",
    "healingDone": 5371,
    "sourcePlayerID": 1,
    "targetPlayerID": 1,
    "timestamp": 1943011,
  },
  null,
  null,
  null,
  null,
  Object {
    "abilityID": 344422,
    "eventType": "HealingDone",
    "healingDone": 334,
    "sourcePlayerID": 1,
    "targetPlayerID": 1,
    "timestamp": 1943088,
  },
  null,
  null,
  null,
  null,
  null,
  null,
  null,
  null,
  null,
  null,
  null,
  null,
  null,
  Object {
    "abilityID": 344422,
    "eventType": "HealingDone",
    "healingDone": 963,
    "sourcePlayerID": 1,
    "targetPlayerID": 1,
    "timestamp": 1945790,
  },
  Object {
    "abilityID": 344422,
    "eventType": "HealingDone",
    "healingDone": 743,
    "sourcePlayerID": 1,
    "targetPlayerID": 1,
    "timestamp": 1945790,
  },
  null,
  null,
  Object {
    "abilityID": 344422,
    "eventType": "HealingDone",
    "healingDone": 3168,
    "sourcePlayerID": 1,
    "targetPlayerID": 1,
    "timestamp": 1945790,
  },
  null,
  null,
  null,
  null,
  Object {
    "abilityID": 344422,
    "eventType": "HealingDone",
    "healingDone": 3573,
    "sourcePlayerID": 1,
    "targetPlayerID": 1,
    "timestamp": 1947003,
  },
  null,
  null,
  null,
  null,
  null,
  Object {
    "abilityID": 344422,
    "eventType": "HealingDone",
    "healingDone": 1060,
    "sourcePlayerID": 1,
    "targetPlayerID": 1,
    "timestamp": 1948436,
  },
  Object {
    "abilityID": 344422,
    "eventType": "HealingDone",
    "healingDone": 1091,
    "sourcePlayerID": 1,
    "targetPlayerID": 1,
    "timestamp": 1948436,
  },
  null,
  Object {
    "abilityID": 344422,
    "eventType": "HealingDone",
    "healingDone": 2983,
    "sourcePlayerID": 1,
    "targetPlayerID": 1,
    "timestamp": 1948436,
  },
  Object {
    "abilityID": 344422,
    "eventType": "HealingDone",
    "healingDone": 5518,
    "sourcePlayerID": 1,
    "targetPlayerID": 1,
    "timestamp": 1948507,
  },
  null,
  Object {
    "abilityID": 344422,
    "eventType": "HealingDone",
    "healingDone": 520,
    "sourcePlayerID": 1,
    "targetPlayerID": 1,
    "timestamp": 1948507,
  },
  null,
  null,
  Object {
    "abilityID": 344422,
    "eventType": "HealingDone",
    "healingDone": 1139,
    "sourcePlayerID": 1,
    "targetPlayerID": 1,
    "timestamp": 1949803,
  },
  Object {
    "abilityID": 344422,
    "eventType": "HealingDone",
    "healingDone": 1661,
    "sourcePlayerID": 1,
    "targetPlayerID": 1,
    "timestamp": 1949803,
  },
  Object {
    "abilityID": 344422,
    "eventType": "HealingDone",
    "healingDone": 961,
    "sourcePlayerID": 1,
    "targetPlayerID": 1,
    "timestamp": 1949803,
  },
  Object {
    "abilityID": 344422,
    "eventType": "HealingDone",
    "healingDone": 3047,
    "sourcePlayerID": 1,
    "targetPlayerID": 1,
    "timestamp": 1949805,
  },
  null,
  null,
  null,
  null,
  Object {
    "abilityID": 344422,
    "eventType": "HealingDone",
    "healingDone": 5879,
    "sourcePlayerID": 1,
    "targetPlayerID": 1,
    "timestamp": 1951013,
  },
  null,
  null,
  null,
  null,
  null,
  Object {
    "abilityID": 344422,
    "eventType": "HealingDone",
    "healingDone": 2632,
    "sourcePlayerID": 1,
    "targetPlayerID": 1,
    "timestamp": 1952459,
  },
  Object {
    "abilityID": 344422,
    "eventType": "HealingDone",
    "healingDone": 2652,
    "sourcePlayerID": 1,
    "targetPlayerID": 1,
    "timestamp": 1952459,
  },
  Object {
    "abilityID": 344422,
    "eventType": "HealingDone",
    "healingDone": 2534,
    "sourcePlayerID": 1,
    "targetPlayerID": 1,
    "timestamp": 1952459,
  },
  null,
  null,
  null,
  Object {
    "abilityID": 344422,
    "eventType": "HealingDone",
    "healingDone": 1306,
    "sourcePlayerID": 1,
    "targetPlayerID": 1,
    "timestamp": 1952501,
  },
  null,
  null,
  Object {
    "abilityID": 344422,
    "eventType": "HealingDone",
    "healingDone": 2234,
    "sourcePlayerID": 1,
    "targetPlayerID": 1,
    "timestamp": 1953798,
  },
  Object {
    "abilityID": 344422,
    "eventType": "HealingDone",
    "healingDone": 2861,
    "sourcePlayerID": 1,
    "targetPlayerID": 1,
    "timestamp": 1953798,
  },
  Object {
    "abilityID": 344422,
    "eventType": "HealingDone",
    "healingDone": 2817,
    "sourcePlayerID": 1,
    "targetPlayerID": 1,
    "timestamp": 1953798,
  },
  Object {
    "abilityID": 344422,
    "eventType": "HealingDone",
    "healingDone": 3168,
    "sourcePlayerID": 1,
    "targetPlayerID": 1,
    "timestamp": 1953798,
  },
  Object {
    "abilityID": 344422,
    "eventType": "HealingDone",
    "healingDone": 287,
    "sourcePlayerID": 1,
    "targetPlayerID": 1,
    "timestamp": 1955000,
  },
  Object {
    "abilityID": 344422,
    "eventType": "HealingDone",
    "healingDone": 3155,
    "sourcePlayerID": 1,
    "targetPlayerID": 1,
    "timestamp": 1955000,
  },
  null,
  Object {
    "abilityID": 344422,
    "eventType": "HealingDone",
    "healingDone": 373,
    "sourcePlayerID": 1,
    "targetPlayerID": 1,
    "timestamp": 1955000,
  },
  null,
  null,
  null,
  null,
  null,
  null,
  Object {
    "abilityID": 344422,
    "eventType": "HealingDone",
    "healingDone": 2695,
    "sourcePlayerID": 1,
    "targetPlayerID": 1,
    "timestamp": 1956432,
  },
  Object {
    "abilityID": 344422,
    "eventType": "HealingDone",
    "healingDone": 2694,
    "sourcePlayerID": 1,
    "targetPlayerID": 1,
    "timestamp": 1956432,
  },
  Object {
    "abilityID": 344422,
    "eventType": "HealingDone",
    "healingDone": 4124,
    "sourcePlayerID": 1,
    "targetPlayerID": 1,
    "timestamp": 1956432,
  },
  Object {
    "abilityID": 344422,
    "eventType": "HealingDone",
    "healingDone": 2664,
    "sourcePlayerID": 1,
    "targetPlayerID": 1,
    "timestamp": 1956432,
  },
  Object {
    "abilityID": 344422,
    "eventType": "HealingDone",
    "healingDone": 2948,
    "sourcePlayerID": 1,
    "targetPlayerID": 1,
    "timestamp": 1956506,
  },
  Object {
    "abilityID": 344422,
    "eventType": "HealingDone",
    "healingDone": 1601,
    "sourcePlayerID": 1,
    "targetPlayerID": 1,
    "timestamp": 1956506,
  },
  Object {
    "abilityID": 344422,
    "eventType": "HealingDone",
    "healingDone": 2948,
    "sourcePlayerID": 1,
    "targetPlayerID": 1,
    "timestamp": 1956506,
  },
  Object {
    "abilityID": 344422,
    "eventType": "HealingDone",
    "healingDone": 280,
    "sourcePlayerID": 1,
    "targetPlayerID": 1,
    "timestamp": 1956506,
  },
  null,
  Object {
    "abilityID": 344422,
    "eventType": "HealingDone",
    "healingDone": 2830,
    "sourcePlayerID": 1,
    "targetPlayerID": 1,
    "timestamp": 1957805,
  },
  Object {
    "abilityID": 344422,
    "eventType": "HealingDone",
    "healingDone": 2861,
    "sourcePlayerID": 1,
    "targetPlayerID": 1,
    "timestamp": 1957805,
  },
  Object {
    "abilityID": 344422,
    "eventType": "HealingDone",
    "healingDone": 2817,
    "sourcePlayerID": 1,
    "targetPlayerID": 1,
    "timestamp": 1957805,
  },
  Object {
    "abilityID": 344422,
    "eventType": "HealingDone",
    "healingDone": 2830,
    "sourcePlayerID": 1,
    "targetPlayerID": 1,
    "timestamp": 1957805,
  },
  Object {
    "abilityID": 344422,
    "eventType": "HealingDone",
    "healingDone": 1796,
    "sourcePlayerID": 1,
    "targetPlayerID": 1,
    "timestamp": 1959004,
  },
  Object {
    "abilityID": 344422,
    "eventType": "HealingDone",
    "healingDone": 5909,
    "sourcePlayerID": 1,
    "targetPlayerID": 1,
    "timestamp": 1959004,
  },
  Object {
    "abilityID": 344422,
    "eventType": "HealingDone",
    "healingDone": 1785,
    "sourcePlayerID": 1,
    "targetPlayerID": 1,
    "timestamp": 1959004,
  },
  Object {
    "abilityID": 344422,
    "eventType": "HealingDone",
    "healingDone": 1923,
    "sourcePlayerID": 1,
    "targetPlayerID": 1,
    "timestamp": 1959004,
  },
  Object {
    "abilityID": 344422,
    "eventType": "HealingDone",
    "healingDone": 2654,
    "sourcePlayerID": 1,
    "targetPlayerID": 1,
    "timestamp": 1959004,
  },
]
`;

exports[`heal tracks Sanguine heal events 1`] = `
Array [
  Object {
    "abilityID": 226510,
    "eventType": "HealingDone",
    "healingDone": 21147,
    "targetNPCID": 1,
    "timestamp": 12878155,
  },
  Object {
    "abilityID": 226510,
    "eventType": "HealingDone",
    "healingDone": 17301,
    "targetNPCID": 1,
    "timestamp": 12878260,
  },
  Object {
    "abilityID": 226510,
    "eventType": "HealingDone",
    "healingDone": 19224,
    "targetNPCID": 1,
    "timestamp": 12878260,
  },
  Object {
    "abilityID": 226510,
    "eventType": "HealingDone",
    "healingDone": 46138,
    "targetNPCID": 1,
    "timestamp": 13123920,
  },
  Object {
    "abilityID": 226510,
    "eventType": "HealingDone",
    "healingDone": 46138,
    "targetNPCID": 1,
    "timestamp": 13124913,
  },
  Object {
    "abilityID": 226510,
    "eventType": "HealingDone",
    "healingDone": 46138,
    "targetNPCID": 1,
    "timestamp": 13139994,
  },
  Object {
    "abilityID": 226510,
    "eventType": "HealingDone",
    "healingDone": 46138,
    "targetNPCID": 1,
    "timestamp": 13140948,
  },
  Object {
    "abilityID": 226510,
    "eventType": "HealingDone",
    "healingDone": 46138,
    "targetNPCID": 1,
    "timestamp": 13141956,
  },
  Object {
    "abilityID": 226510,
    "eventType": "HealingDone",
    "healingDone": 46137,
    "targetNPCID": 1,
    "timestamp": 13142937,
  },
  Object {
    "abilityID": 226510,
    "eventType": "HealingDone",
    "healingDone": 46138,
    "targetNPCID": 1,
    "timestamp": 13143950,
  },
  Object {
    "abilityID": 226510,
    "eventType": "HealingDone",
    "healingDone": 46138,
    "targetNPCID": 1,
    "timestamp": 13144946,
  },
  Object {
    "abilityID": 226510,
    "eventType": "HealingDone",
    "healingDone": 46137,
    "targetNPCID": 1,
    "timestamp": 13145957,
  },
  Object {
    "abilityID": 226510,
    "eventType": "HealingDone",
    "healingDone": 8313,
    "targetNPCID": 1,
    "timestamp": 13146941,
  },
  Object {
    "abilityID": 226510,
    "eventType": "HealingDone",
    "healingDone": 733,
    "targetNPCID": 1,
    "timestamp": 13147951,
  },
  Object {
    "abilityID": 226510,
    "eventType": "HealingDone",
    "healingDone": 21147,
    "targetNPCID": 1,
    "timestamp": 13288706,
  },
  Object {
    "abilityID": 226510,
    "eventType": "HealingDone",
    "healingDone": 21146,
    "targetNPCID": 1,
    "timestamp": 13288706,
  },
  Object {
    "abilityID": 226510,
    "eventType": "HealingDone",
    "healingDone": 11534,
    "targetNPCID": 1,
    "timestamp": 13288725,
  },
  Object {
    "abilityID": 226510,
    "eventType": "HealingDone",
    "healingDone": 11534,
    "targetNPCID": 1,
    "timestamp": 13288725,
  },
  Object {
    "abilityID": 226510,
    "eventType": "HealingDone",
    "healingDone": 11534,
    "targetNPCID": 1,
    "timestamp": 13288725,
  },
  Object {
    "abilityID": 226510,
    "eventType": "HealingDone",
    "healingDone": 17302,
    "targetNPCID": 1,
    "timestamp": 13288827,
  },
  Object {
    "abilityID": 226510,
    "eventType": "HealingDone",
    "healingDone": 19224,
    "targetNPCID": 1,
    "timestamp": 13288827,
  },
  Object {
    "abilityID": 226510,
    "eventType": "HealingDone",
    "healingDone": 17302,
    "targetNPCID": 1,
    "timestamp": 13288955,
  },
  Object {
    "abilityID": 226510,
    "eventType": "HealingDone",
    "healingDone": 21146,
    "targetNPCID": 1,
    "timestamp": 13289712,
  },
  Object {
    "abilityID": 226510,
    "eventType": "HealingDone",
    "healingDone": 21146,
    "targetNPCID": 1,
    "timestamp": 13289712,
  },
  Object {
    "abilityID": 226510,
    "eventType": "HealingDone",
    "healingDone": 11535,
    "targetNPCID": 1,
    "timestamp": 13289712,
  },
  Object {
    "abilityID": 226510,
    "eventType": "HealingDone",
    "healingDone": 11535,
    "targetNPCID": 1,
    "timestamp": 13289712,
  },
  Object {
    "abilityID": 226510,
    "eventType": "HealingDone",
    "healingDone": 11534,
    "targetNPCID": 1,
    "timestamp": 13289712,
  },
  Object {
    "abilityID": 226510,
    "eventType": "HealingDone",
    "healingDone": 17301,
    "targetNPCID": 1,
    "timestamp": 13289831,
  },
  Object {
    "abilityID": 226510,
    "eventType": "HealingDone",
    "healingDone": 17302,
    "targetNPCID": 1,
    "timestamp": 13289925,
  },
  Object {
    "abilityID": 226510,
    "eventType": "HealingDone",
    "healingDone": 21146,
    "targetNPCID": 1,
    "timestamp": 13290706,
  },
  Object {
    "abilityID": 226510,
    "eventType": "HealingDone",
    "healingDone": 21146,
    "targetNPCID": 1,
    "timestamp": 13290706,
  },
  Object {
    "abilityID": 226510,
    "eventType": "HealingDone",
    "healingDone": 11534,
    "targetNPCID": 1,
    "timestamp": 13290730,
  },
  Object {
    "abilityID": 226510,
    "eventType": "HealingDone",
    "healingDone": 11535,
    "targetNPCID": 1,
    "timestamp": 13290730,
  },
  Object {
    "abilityID": 226510,
    "eventType": "HealingDone",
    "healingDone": 11535,
    "targetNPCID": 1,
    "timestamp": 13290730,
  },
  Object {
    "abilityID": 226510,
    "eventType": "HealingDone",
    "healingDone": 17302,
    "targetNPCID": 1,
    "timestamp": 13290832,
  },
  Object {
    "abilityID": 226510,
    "eventType": "HealingDone",
    "healingDone": 17301,
    "targetNPCID": 1,
    "timestamp": 13290931,
  },
  Object {
    "abilityID": 226510,
    "eventType": "HealingDone",
    "healingDone": 11534,
    "targetNPCID": 1,
    "timestamp": 13291714,
  },
  Object {
    "abilityID": 226510,
    "eventType": "HealingDone",
    "healingDone": 11534,
    "targetNPCID": 1,
    "timestamp": 13291714,
  },
  Object {
    "abilityID": 226510,
    "eventType": "HealingDone",
    "healingDone": 17302,
    "targetNPCID": 1,
    "timestamp": 13291839,
  },
  Object {
    "abilityID": 226510,
    "eventType": "HealingDone",
    "healingDone": 17301,
    "targetNPCID": 1,
    "timestamp": 13291934,
  },
  Object {
    "abilityID": 226510,
    "eventType": "HealingDone",
    "healingDone": 21146,
    "targetNPCID": 1,
    "timestamp": 13293319,
  },
  Object {
    "abilityID": 226510,
    "eventType": "HealingDone",
    "healingDone": 21146,
    "targetNPCID": 1,
    "timestamp": 13293319,
  },
  Object {
    "abilityID": 226510,
    "eventType": "HealingDone",
    "healingDone": 19224,
    "targetNPCID": 1,
    "timestamp": 13293713,
  },
  Object {
    "abilityID": 226510,
    "eventType": "HealingDone",
    "healingDone": 11534,
    "targetNPCID": 1,
    "timestamp": 13294113,
  },
  Object {
    "abilityID": 226510,
    "eventType": "HealingDone",
    "healingDone": 21147,
    "targetNPCID": 1,
    "timestamp": 13294302,
  },
  Object {
    "abilityID": 226510,
    "eventType": "HealingDone",
    "healingDone": 21146,
    "targetNPCID": 1,
    "timestamp": 13294302,
  },
  Object {
    "abilityID": 226510,
    "eventType": "HealingDone",
    "healingDone": 11535,
    "targetNPCID": 1,
    "timestamp": 13294512,
  },
  Object {
    "abilityID": 226510,
    "eventType": "HealingDone",
    "healingDone": 19224,
    "targetNPCID": 1,
    "timestamp": 13294713,
  },
  Object {
    "abilityID": 226510,
    "eventType": "HealingDone",
    "healingDone": 19224,
    "targetNPCID": 1,
    "timestamp": 13295703,
  },
  Object {
    "abilityID": 226510,
    "eventType": "HealingDone",
    "healingDone": 19224,
    "targetNPCID": 1,
    "timestamp": 13296716,
  },
  Object {
    "abilityID": 226510,
    "eventType": "HealingDone",
    "healingDone": 17301,
    "targetNPCID": 1,
    "timestamp": 13300578,
  },
  Object {
    "abilityID": 226510,
    "eventType": "HealingDone",
    "healingDone": 11534,
    "targetNPCID": 1,
    "timestamp": 13300616,
  },
  Object {
    "abilityID": 226510,
    "eventType": "HealingDone",
    "healingDone": 17301,
    "targetNPCID": 1,
    "timestamp": 13301548,
  },
  Object {
    "abilityID": 226510,
    "eventType": "HealingDone",
    "healingDone": 17302,
    "targetNPCID": 1,
    "timestamp": 13302568,
  },
  Object {
    "abilityID": 226510,
    "eventType": "HealingDone",
    "healingDone": 17302,
    "targetNPCID": 1,
    "timestamp": 13303538,
  },
  Object {
    "abilityID": 226510,
    "eventType": "HealingDone",
    "healingDone": 17302,
    "targetNPCID": 1,
    "timestamp": 13304540,
  },
  Object {
    "abilityID": 226510,
    "eventType": "HealingDone",
    "healingDone": 17302,
    "targetNPCID": 1,
    "timestamp": 13305544,
  },
  Object {
    "abilityID": 226510,
    "eventType": "HealingDone",
    "healingDone": 19224,
    "targetNPCID": 1,
    "timestamp": 13309101,
  },
  Object {
    "abilityID": 226510,
    "eventType": "HealingDone",
    "healingDone": 19224,
    "targetNPCID": 1,
    "timestamp": 13310108,
  },
  Object {
    "abilityID": 226510,
    "eventType": "HealingDone",
    "healingDone": 17302,
    "targetNPCID": 1,
    "timestamp": 13310339,
  },
  Object {
    "abilityID": 226510,
    "eventType": "HealingDone",
    "healingDone": 38448,
    "targetNPCID": 1,
    "timestamp": 13311095,
  },
  Object {
    "abilityID": 226510,
    "eventType": "HealingDone",
    "healingDone": 17302,
    "targetNPCID": 1,
    "timestamp": 13311342,
  },
  Object {
    "abilityID": 226510,
    "eventType": "HealingDone",
    "healingDone": 21146,
    "targetNPCID": 1,
    "timestamp": 13311830,
  },
  Object {
    "abilityID": 226510,
    "eventType": "HealingDone",
    "healingDone": 17301,
    "targetNPCID": 1,
    "timestamp": 13312354,
  },
  Object {
    "abilityID": 226510,
    "eventType": "HealingDone",
    "healingDone": 17301,
    "targetNPCID": 1,
    "timestamp": 13336662,
  },
  Object {
    "abilityID": 226510,
    "eventType": "HealingDone",
    "healingDone": 17301,
    "targetNPCID": 1,
    "timestamp": 13388406,
  },
  Object {
    "abilityID": 226510,
    "eventType": "HealingDone",
    "healingDone": 21146,
    "targetNPCID": 1,
    "timestamp": 13531242,
  },
  Object {
    "abilityID": 226510,
    "eventType": "HealingDone",
    "healingDone": 21147,
    "targetNPCID": 1,
    "timestamp": 13531403,
  },
  Object {
    "abilityID": 226510,
    "eventType": "HealingDone",
    "healingDone": 19224,
    "targetNPCID": 1,
    "timestamp": 13531403,
  },
  Object {
    "abilityID": 226510,
    "eventType": "HealingDone",
    "healingDone": 21147,
    "targetNPCID": 1,
    "timestamp": 13532218,
  },
  Object {
    "abilityID": 226510,
    "eventType": "HealingDone",
    "healingDone": 21146,
    "targetNPCID": 1,
    "timestamp": 13532393,
  },
  Object {
    "abilityID": 226510,
    "eventType": "HealingDone",
    "healingDone": 19224,
    "targetNPCID": 1,
    "timestamp": 13532393,
  },
  Object {
    "abilityID": 226510,
    "eventType": "HealingDone",
    "healingDone": 19224,
    "targetNPCID": 1,
    "timestamp": 13537009,
  },
  Object {
    "abilityID": 226510,
    "eventType": "HealingDone",
    "healingDone": 19224,
    "targetNPCID": 1,
    "timestamp": 13538024,
  },
  Object {
    "abilityID": 226510,
    "eventType": "HealingDone",
    "healingDone": 19224,
    "targetNPCID": 1,
    "timestamp": 13540756,
  },
  Object {
    "abilityID": 226510,
    "eventType": "HealingDone",
    "healingDone": 19224,
    "targetNPCID": 1,
    "timestamp": 13541737,
  },
  Object {
    "abilityID": 226510,
    "eventType": "HealingDone",
    "healingDone": 19224,
    "targetNPCID": 1,
    "timestamp": 13542737,
  },
  Object {
    "abilityID": 226510,
    "eventType": "HealingDone",
    "healingDone": 19224,
    "targetNPCID": 1,
    "timestamp": 13543730,
  },
  Object {
    "abilityID": 226510,
    "eventType": "HealingDone",
    "healingDone": 11534,
    "targetNPCID": 1,
    "timestamp": 13722433,
  },
  Object {
    "abilityID": 226510,
    "eventType": "HealingDone",
    "healingDone": 17301,
    "targetNPCID": 1,
    "timestamp": 13722510,
  },
  Object {
    "abilityID": 226510,
    "eventType": "HealingDone",
    "healingDone": 11535,
    "targetNPCID": 1,
    "timestamp": 13722510,
  },
  Object {
    "abilityID": 226510,
    "eventType": "HealingDone",
    "healingDone": 17302,
    "targetNPCID": 1,
    "timestamp": 13722510,
  },
  Object {
    "abilityID": 226510,
    "eventType": "HealingDone",
    "healingDone": 11535,
    "targetNPCID": 1,
    "timestamp": 13723434,
  },
  Object {
    "abilityID": 226510,
    "eventType": "HealingDone",
    "healingDone": 11535,
    "targetNPCID": 1,
    "timestamp": 13723496,
  },
  Object {
    "abilityID": 226510,
    "eventType": "HealingDone",
    "healingDone": 17301,
    "targetNPCID": 1,
    "timestamp": 13723496,
  },
  Object {
    "abilityID": 226510,
    "eventType": "HealingDone",
    "healingDone": 17302,
    "targetNPCID": 1,
    "timestamp": 13723496,
  },
  Object {
    "abilityID": 226510,
    "eventType": "HealingDone",
    "healingDone": 11534,
    "targetNPCID": 1,
    "timestamp": 13724415,
  },
  Object {
    "abilityID": 226510,
    "eventType": "HealingDone",
    "healingDone": 17302,
    "targetNPCID": 1,
    "timestamp": 13724498,
  },
  Object {
    "abilityID": 226510,
    "eventType": "HealingDone",
    "healingDone": 17302,
    "targetNPCID": 1,
    "timestamp": 13724498,
  },
  Object {
    "abilityID": 226510,
    "eventType": "HealingDone",
    "healingDone": 11535,
    "targetNPCID": 1,
    "timestamp": 13724944,
  },
  Object {
    "abilityID": 226510,
    "eventType": "HealingDone",
    "healingDone": 11534,
    "targetNPCID": 1,
    "timestamp": 13725415,
  },
  Object {
    "abilityID": 226510,
    "eventType": "HealingDone",
    "healingDone": 17301,
    "targetNPCID": 1,
    "timestamp": 13725510,
  },
  Object {
    "abilityID": 226510,
    "eventType": "HealingDone",
    "healingDone": 17301,
    "targetNPCID": 1,
    "timestamp": 13725510,
  },
  Object {
    "abilityID": 226510,
    "eventType": "HealingDone",
    "healingDone": 17301,
    "targetNPCID": 1,
    "timestamp": 13726518,
  },
  Object {
    "abilityID": 226510,
    "eventType": "HealingDone",
    "healingDone": 17301,
    "targetNPCID": 1,
    "timestamp": 13726518,
  },
  Object {
    "abilityID": 226510,
    "eventType": "HealingDone",
    "healingDone": 17302,
    "targetNPCID": 1,
    "timestamp": 13727502,
  },
  Object {
    "abilityID": 226510,
    "eventType": "HealingDone",
    "healingDone": 17302,
    "targetNPCID": 1,
    "timestamp": 13727502,
  },
  Object {
    "abilityID": 226510,
    "eventType": "HealingDone",
    "healingDone": 17302,
    "targetNPCID": 1,
    "timestamp": 13728491,
  },
  Object {
    "abilityID": 226510,
    "eventType": "HealingDone",
    "healingDone": 17302,
    "targetNPCID": 1,
    "timestamp": 13728507,
  },
  Object {
    "abilityID": 226510,
    "eventType": "HealingDone",
    "healingDone": 17302,
    "targetNPCID": 1,
    "timestamp": 13729495,
  },
  Object {
    "abilityID": 226510,
    "eventType": "HealingDone",
    "healingDone": 17302,
    "targetNPCID": 1,
    "timestamp": 13730525,
  },
  Object {
    "abilityID": 226510,
    "eventType": "HealingDone",
    "healingDone": 17302,
    "targetNPCID": 1,
    "timestamp": 13731506,
  },
  Object {
    "abilityID": 226510,
    "eventType": "HealingDone",
    "healingDone": 17301,
    "targetNPCID": 1,
    "timestamp": 13733931,
  },
  Object {
    "abilityID": 226510,
    "eventType": "HealingDone",
    "healingDone": 19224,
    "targetNPCID": 1,
    "timestamp": 13736130,
  },
  Object {
    "abilityID": 226510,
    "eventType": "HealingDone",
    "healingDone": 19224,
    "targetNPCID": 1,
    "timestamp": 13737121,
  },
  Object {
    "abilityID": 226510,
    "eventType": "HealingDone",
    "healingDone": 38448,
    "targetNPCID": 1,
    "timestamp": 13738127,
  },
  Object {
    "abilityID": 226510,
    "eventType": "HealingDone",
    "healingDone": 21146,
    "targetNPCID": 1,
    "timestamp": 14110882,
  },
  Object {
    "abilityID": 226510,
    "eventType": "HealingDone",
    "healingDone": 21147,
    "targetNPCID": 1,
    "timestamp": 14110882,
  },
  Object {
    "abilityID": 226510,
    "eventType": "HealingDone",
    "healingDone": 21146,
    "targetNPCID": 1,
    "timestamp": 14111007,
  },
  Object {
    "abilityID": 226510,
    "eventType": "HealingDone",
    "healingDone": 19224,
    "targetNPCID": 1,
    "timestamp": 14191875,
  },
  Object {
    "abilityID": 226510,
    "eventType": "HealingDone",
    "healingDone": 19224,
    "targetNPCID": 1,
    "timestamp": 14192861,
  },
  Object {
    "abilityID": 226510,
    "eventType": "HealingDone",
    "healingDone": 19224,
    "targetNPCID": 1,
    "timestamp": 14193889,
  },
  Object {
    "abilityID": 226510,
    "eventType": "HealingDone",
    "healingDone": 19224,
    "targetNPCID": 1,
    "timestamp": 14194881,
  },
  Object {
    "abilityID": 226510,
    "eventType": "HealingDone",
    "healingDone": 19224,
    "targetNPCID": 1,
    "timestamp": 14195883,
  },
]
`;
