// Jest Snapshot v1, https://goo.gl/fbAQLP

exports[`removebuff tracks SD Lantern Buff events 1`] = `
[
  {
    "abilityID": 340433,
    "eventType": "RemoveBuff",
    "targetPlayerID": 1,
    "timestamp": 11682327,
  },
  {
    "abilityID": 340433,
    "eventType": "RemoveBuff",
    "targetPlayerID": 1,
    "timestamp": 11682327,
  },
  {
    "abilityID": 340433,
    "eventType": "RemoveBuff",
    "targetPlayerID": 1,
    "timestamp": 11682327,
  },
  {
    "abilityID": 340433,
    "eventType": "RemoveBuff",
    "targetPlayerID": 1,
    "timestamp": 11682327,
  },
  {
    "abilityID": 340433,
    "eventType": "RemoveBuff",
    "targetPlayerID": 1,
    "timestamp": 11682327,
  },
  {
    "abilityID": 340433,
    "eventType": "RemoveBuff",
    "targetPlayerID": 1,
    "timestamp": 12353696,
  },
  {
    "abilityID": 340433,
    "eventType": "RemoveBuff",
    "targetPlayerID": 1,
    "timestamp": 12366263,
  },
  {
    "abilityID": 340433,
    "eventType": "RemoveBuff",
    "targetPlayerID": 1,
    "timestamp": 12366263,
  },
  {
    "abilityID": 340433,
    "eventType": "RemoveBuff",
    "targetPlayerID": 1,
    "timestamp": 12366263,
  },
  {
    "abilityID": 340433,
    "eventType": "RemoveBuff",
    "targetPlayerID": 1,
    "timestamp": 12366263,
  },
  {
    "abilityID": 340433,
    "eventType": "RemoveBuff",
    "targetPlayerID": 1,
    "timestamp": 12730092,
  },
  {
    "abilityID": 340433,
    "eventType": "RemoveBuff",
    "targetPlayerID": 1,
    "timestamp": 12730092,
  },
  {
    "abilityID": 340433,
    "eventType": "RemoveBuff",
    "targetPlayerID": 1,
    "timestamp": 12730092,
  },
  {
    "abilityID": 340433,
    "eventType": "RemoveBuff",
    "targetPlayerID": 1,
    "timestamp": 12730092,
  },
  {
    "abilityID": 340433,
    "eventType": "RemoveBuff",
    "targetPlayerID": 1,
    "timestamp": 12730092,
  },
  {
    "abilityID": 340433,
    "eventType": "RemoveBuff",
    "targetPlayerID": 1,
    "timestamp": 13607136,
  },
  {
    "abilityID": 340433,
    "eventType": "RemoveBuff",
    "targetPlayerID": 1,
    "timestamp": 13607136,
  },
  {
    "abilityID": 340433,
    "eventType": "RemoveBuff",
    "targetPlayerID": 1,
    "timestamp": 13607136,
  },
  {
    "abilityID": 340433,
    "eventType": "RemoveBuff",
    "targetPlayerID": 1,
    "timestamp": 13607136,
  },
  {
    "abilityID": 340433,
    "eventType": "RemoveBuff",
    "targetPlayerID": 1,
    "timestamp": 13607136,
  },
]
`;
