// Jest Snapshot v1, https://goo.gl/fbAQLP

exports[`getSDEvents works 1`] = `
[
  {
    "abilityGameID": 340433,
    "pin": "0",
    "sourceID": -1,
    "targetID": 153,
    "timestamp": 11682327,
    "type": "removebuff",
  },
  {
    "abilityGameID": 340433,
    "pin": "0",
    "sourceID": -1,
    "targetID": 150,
    "targetMarker": 2,
    "timestamp": 11682327,
    "type": "removebuff",
  },
  {
    "abilityGameID": 340433,
    "pin": "0",
    "sourceID": -1,
    "targetID": 152,
    "timestamp": 11682327,
    "type": "removebuff",
  },
  {
    "abilityGameID": 340433,
    "pin": "0",
    "sourceID": -1,
    "targetID": 151,
    "timestamp": 11682327,
    "type": "removebuff",
  },
  {
    "abilityGameID": 340433,
    "pin": "0",
    "sourceID": -1,
    "targetID": 4,
    "targetMarker": 7,
    "timestamp": 11682327,
    "type": "removebuff",
  },
  {
    "abilityGameID": 340433,
    "pin": "0",
    "sourceID": -1,
    "targetID": 151,
    "timestamp": 12353696,
    "type": "removebuff",
  },
  {
    "abilityGameID": 340433,
    "pin": "0",
    "sourceID": -1,
    "targetID": 152,
    "timestamp": 12366263,
    "type": "removebuff",
  },
  {
    "abilityGameID": 340433,
    "pin": "0",
    "sourceID": -1,
    "targetID": 4,
    "targetMarker": 7,
    "timestamp": 12366263,
    "type": "removebuff",
  },
  {
    "abilityGameID": 340433,
    "pin": "0",
    "sourceID": -1,
    "targetID": 153,
    "timestamp": 12366263,
    "type": "removebuff",
  },
  {
    "abilityGameID": 340433,
    "pin": "0",
    "sourceID": -1,
    "targetID": 150,
    "targetMarker": 2,
    "timestamp": 12366263,
    "type": "removebuff",
  },
  {
    "abilityGameID": 340433,
    "pin": "0",
    "sourceID": -1,
    "targetID": 152,
    "timestamp": 12730092,
    "type": "removebuff",
  },
  {
    "abilityGameID": 340433,
    "pin": "0",
    "sourceID": -1,
    "targetID": 150,
    "targetMarker": 2,
    "timestamp": 12730092,
    "type": "removebuff",
  },
  {
    "abilityGameID": 340433,
    "pin": "0",
    "sourceID": -1,
    "targetID": 4,
    "targetMarker": 7,
    "timestamp": 12730092,
    "type": "removebuff",
  },
  {
    "abilityGameID": 340433,
    "pin": "0",
    "sourceID": -1,
    "targetID": 151,
    "timestamp": 12730092,
    "type": "removebuff",
  },
  {
    "abilityGameID": 340433,
    "pin": "0",
    "sourceID": -1,
    "targetID": 153,
    "timestamp": 12730092,
    "type": "removebuff",
  },
  {
    "abilityGameID": 340433,
    "pin": "0",
    "sourceID": -1,
    "targetID": 150,
    "targetMarker": 2,
    "timestamp": 13607136,
    "type": "removebuff",
  },
  {
    "abilityGameID": 340433,
    "pin": "0",
    "sourceID": -1,
    "targetID": 151,
    "timestamp": 13607136,
    "type": "removebuff",
  },
  {
    "abilityGameID": 340433,
    "pin": "0",
    "sourceID": -1,
    "targetID": 153,
    "timestamp": 13607136,
    "type": "removebuff",
  },
  {
    "abilityGameID": 340433,
    "pin": "0",
    "sourceID": -1,
    "targetID": 152,
    "timestamp": 13607136,
    "type": "removebuff",
  },
  {
    "abilityGameID": 340433,
    "pin": "0",
    "sourceID": -1,
    "targetID": 4,
    "targetMarker": 7,
    "timestamp": 13607136,
    "type": "removebuff",
  },
  {
    "abilityGameID": 340013,
    "pin": "0",
    "sourceID": 150,
    "sourceMarker": 2,
    "targetID": -1,
    "timestamp": 11555435,
    "type": "begincast",
  },
  {
    "abilityGameID": 340013,
    "pin": "0",
    "sourceID": 150,
    "sourceMarker": 2,
    "targetID": -1,
    "timestamp": 12245987,
    "type": "begincast",
  },
  {
    "abilityGameID": 340013,
    "pin": "0",
    "sourceID": 150,
    "sourceMarker": 2,
    "targetID": -1,
    "timestamp": 12595765,
    "type": "begincast",
  },
  {
    "abilityGameID": 340013,
    "pin": "0",
    "sourceID": 150,
    "sourceMarker": 2,
    "targetID": -1,
    "timestamp": 13469368,
    "type": "begincast",
  },
  {
    "abilityGameID": 340013,
    "pin": "0",
    "sourceID": 150,
    "sourceMarker": 2,
    "targetID": -1,
    "timestamp": 13472946,
    "type": "begincast",
  },
  {
    "abilityGameID": 340433,
    "pin": "0",
    "sourceID": -1,
    "targetID": 4,
    "targetMarker": 7,
    "timestamp": 11577910,
    "type": "applybuff",
  },
  {
    "abilityGameID": 340433,
    "pin": "0",
    "sourceID": -1,
    "targetID": 153,
    "timestamp": 11577910,
    "type": "applybuff",
  },
  {
    "abilityGameID": 340433,
    "pin": "0",
    "sourceID": -1,
    "targetID": 152,
    "timestamp": 11577910,
    "type": "applybuff",
  },
  {
    "abilityGameID": 340433,
    "pin": "0",
    "sourceID": -1,
    "targetID": 150,
    "targetMarker": 2,
    "timestamp": 11577910,
    "type": "applybuff",
  },
  {
    "abilityGameID": 340433,
    "pin": "0",
    "sourceID": -1,
    "targetID": 151,
    "timestamp": 11577910,
    "type": "applybuff",
  },
  {
    "abilityGameID": 340433,
    "pin": "0",
    "sourceID": -1,
    "targetID": 4,
    "targetMarker": 7,
    "timestamp": 12269271,
    "type": "applybuff",
  },
  {
    "abilityGameID": 340433,
    "pin": "0",
    "sourceID": -1,
    "targetID": 153,
    "timestamp": 12269271,
    "type": "applybuff",
  },
  {
    "abilityGameID": 340433,
    "pin": "0",
    "sourceID": -1,
    "targetID": 152,
    "timestamp": 12269271,
    "type": "applybuff",
  },
  {
    "abilityGameID": 340433,
    "pin": "0",
    "sourceID": -1,
    "targetID": 150,
    "targetMarker": 2,
    "timestamp": 12269271,
    "type": "applybuff",
  },
  {
    "abilityGameID": 340433,
    "pin": "0",
    "sourceID": -1,
    "targetID": 151,
    "timestamp": 12269271,
    "type": "applybuff",
  },
  {
    "abilityGameID": 340433,
    "pin": "0",
    "sourceID": -1,
    "targetID": 4,
    "targetMarker": 7,
    "timestamp": 12640578,
    "type": "applybuff",
  },
  {
    "abilityGameID": 340433,
    "pin": "0",
    "sourceID": -1,
    "targetID": 153,
    "timestamp": 12640578,
    "type": "applybuff",
  },
  {
    "abilityGameID": 340433,
    "pin": "0",
    "sourceID": -1,
    "targetID": 152,
    "timestamp": 12640578,
    "type": "applybuff",
  },
  {
    "abilityGameID": 340433,
    "pin": "0",
    "sourceID": -1,
    "targetID": 150,
    "targetMarker": 2,
    "timestamp": 12640578,
    "type": "applybuff",
  },
  {
    "abilityGameID": 340433,
    "pin": "0",
    "sourceID": -1,
    "targetID": 151,
    "timestamp": 12640578,
    "type": "applybuff",
  },
  {
    "abilityGameID": 340433,
    "pin": "0",
    "sourceID": -1,
    "targetID": 4,
    "targetMarker": 7,
    "timestamp": 13482676,
    "type": "applybuff",
  },
  {
    "abilityGameID": 340433,
    "pin": "0",
    "sourceID": -1,
    "targetID": 153,
    "timestamp": 13482678,
    "type": "applybuff",
  },
  {
    "abilityGameID": 340433,
    "pin": "0",
    "sourceID": -1,
    "targetID": 152,
    "timestamp": 13482678,
    "type": "applybuff",
  },
  {
    "abilityGameID": 340433,
    "pin": "0",
    "sourceID": -1,
    "targetID": 150,
    "targetMarker": 2,
    "timestamp": 13482678,
    "type": "applybuff",
  },
  {
    "abilityGameID": 340433,
    "pin": "0",
    "sourceID": -1,
    "targetID": 151,
    "timestamp": 13482678,
    "type": "applybuff",
  },
  {
    "abilityGameID": 340433,
    "pin": "0",
    "sourceID": -1,
    "stack": 2,
    "targetID": 4,
    "targetMarker": 7,
    "timestamp": 11578032,
    "type": "applybuffstack",
  },
  {
    "abilityGameID": 340433,
    "pin": "0",
    "sourceID": -1,
    "stack": 2,
    "targetID": 153,
    "timestamp": 11578032,
    "type": "applybuffstack",
  },
  {
    "abilityGameID": 340433,
    "pin": "0",
    "sourceID": -1,
    "stack": 2,
    "targetID": 152,
    "timestamp": 11578032,
    "type": "applybuffstack",
  },
  {
    "abilityGameID": 340433,
    "pin": "0",
    "sourceID": -1,
    "stack": 2,
    "targetID": 150,
    "targetMarker": 2,
    "timestamp": 11578032,
    "type": "applybuffstack",
  },
  {
    "abilityGameID": 340433,
    "pin": "0",
    "sourceID": -1,
    "stack": 2,
    "targetID": 151,
    "timestamp": 11578032,
    "type": "applybuffstack",
  },
  {
    "abilityGameID": 340433,
    "pin": "0",
    "sourceID": -1,
    "stack": 3,
    "targetID": 4,
    "targetMarker": 7,
    "timestamp": 11578435,
    "type": "applybuffstack",
  },
  {
    "abilityGameID": 340433,
    "pin": "0",
    "sourceID": -1,
    "stack": 3,
    "targetID": 153,
    "timestamp": 11578435,
    "type": "applybuffstack",
  },
  {
    "abilityGameID": 340433,
    "pin": "0",
    "sourceID": -1,
    "stack": 3,
    "targetID": 152,
    "timestamp": 11578435,
    "type": "applybuffstack",
  },
  {
    "abilityGameID": 340433,
    "pin": "0",
    "sourceID": -1,
    "stack": 3,
    "targetID": 150,
    "targetMarker": 2,
    "timestamp": 11578435,
    "type": "applybuffstack",
  },
  {
    "abilityGameID": 340433,
    "pin": "0",
    "sourceID": -1,
    "stack": 3,
    "targetID": 151,
    "timestamp": 11578435,
    "type": "applybuffstack",
  },
  {
    "abilityGameID": 340433,
    "pin": "0",
    "sourceID": -1,
    "stack": 4,
    "targetID": 4,
    "targetMarker": 7,
    "timestamp": 11578528,
    "type": "applybuffstack",
  },
  {
    "abilityGameID": 340433,
    "pin": "0",
    "sourceID": -1,
    "stack": 4,
    "targetID": 153,
    "timestamp": 11578528,
    "type": "applybuffstack",
  },
  {
    "abilityGameID": 340433,
    "pin": "0",
    "sourceID": -1,
    "stack": 4,
    "targetID": 152,
    "timestamp": 11578528,
    "type": "applybuffstack",
  },
  {
    "abilityGameID": 340433,
    "pin": "0",
    "sourceID": -1,
    "stack": 4,
    "targetID": 150,
    "targetMarker": 2,
    "timestamp": 11578528,
    "type": "applybuffstack",
  },
  {
    "abilityGameID": 340433,
    "pin": "0",
    "sourceID": -1,
    "stack": 4,
    "targetID": 151,
    "timestamp": 11578528,
    "type": "applybuffstack",
  },
  {
    "abilityGameID": 340433,
    "pin": "0",
    "sourceID": -1,
    "stack": 5,
    "targetID": 4,
    "targetMarker": 7,
    "timestamp": 11583194,
    "type": "applybuffstack",
  },
  {
    "abilityGameID": 340433,
    "pin": "0",
    "sourceID": -1,
    "stack": 5,
    "targetID": 153,
    "timestamp": 11583194,
    "type": "applybuffstack",
  },
  {
    "abilityGameID": 340433,
    "pin": "0",
    "sourceID": -1,
    "stack": 5,
    "targetID": 152,
    "timestamp": 11583194,
    "type": "applybuffstack",
  },
  {
    "abilityGameID": 340433,
    "pin": "0",
    "sourceID": -1,
    "stack": 5,
    "targetID": 150,
    "targetMarker": 2,
    "timestamp": 11583194,
    "type": "applybuffstack",
  },
  {
    "abilityGameID": 340433,
    "pin": "0",
    "sourceID": -1,
    "stack": 5,
    "targetID": 151,
    "timestamp": 11583194,
    "type": "applybuffstack",
  },
  {
    "abilityGameID": 340433,
    "pin": "0",
    "sourceID": -1,
    "stack": 6,
    "targetID": 4,
    "targetMarker": 7,
    "timestamp": 11585639,
    "type": "applybuffstack",
  },
  {
    "abilityGameID": 340433,
    "pin": "0",
    "sourceID": -1,
    "stack": 6,
    "targetID": 153,
    "timestamp": 11585639,
    "type": "applybuffstack",
  },
  {
    "abilityGameID": 340433,
    "pin": "0",
    "sourceID": -1,
    "stack": 6,
    "targetID": 152,
    "timestamp": 11585639,
    "type": "applybuffstack",
  },
  {
    "abilityGameID": 340433,
    "pin": "0",
    "sourceID": -1,
    "stack": 6,
    "targetID": 150,
    "targetMarker": 2,
    "timestamp": 11585639,
    "type": "applybuffstack",
  },
  {
    "abilityGameID": 340433,
    "pin": "0",
    "sourceID": -1,
    "stack": 6,
    "targetID": 151,
    "timestamp": 11585639,
    "type": "applybuffstack",
  },
  {
    "abilityGameID": 340433,
    "pin": "0",
    "sourceID": -1,
    "stack": 7,
    "targetID": 4,
    "targetMarker": 7,
    "timestamp": 11590332,
    "type": "applybuffstack",
  },
  {
    "abilityGameID": 340433,
    "pin": "0",
    "sourceID": -1,
    "stack": 7,
    "targetID": 153,
    "timestamp": 11590332,
    "type": "applybuffstack",
  },
  {
    "abilityGameID": 340433,
    "pin": "0",
    "sourceID": -1,
    "stack": 7,
    "targetID": 152,
    "timestamp": 11590332,
    "type": "applybuffstack",
  },
  {
    "abilityGameID": 340433,
    "pin": "0",
    "sourceID": -1,
    "stack": 7,
    "targetID": 150,
    "targetMarker": 2,
    "timestamp": 11590332,
    "type": "applybuffstack",
  },
  {
    "abilityGameID": 340433,
    "pin": "0",
    "sourceID": -1,
    "stack": 7,
    "targetID": 151,
    "timestamp": 11590332,
    "type": "applybuffstack",
  },
  {
    "abilityGameID": 340433,
    "pin": "0",
    "sourceID": -1,
    "stack": 8,
    "targetID": 4,
    "targetMarker": 7,
    "timestamp": 11594225,
    "type": "applybuffstack",
  },
  {
    "abilityGameID": 340433,
    "pin": "0",
    "sourceID": -1,
    "stack": 8,
    "targetID": 153,
    "timestamp": 11594225,
    "type": "applybuffstack",
  },
  {
    "abilityGameID": 340433,
    "pin": "0",
    "sourceID": -1,
    "stack": 8,
    "targetID": 152,
    "timestamp": 11594225,
    "type": "applybuffstack",
  },
  {
    "abilityGameID": 340433,
    "pin": "0",
    "sourceID": -1,
    "stack": 8,
    "targetID": 150,
    "targetMarker": 2,
    "timestamp": 11594225,
    "type": "applybuffstack",
  },
  {
    "abilityGameID": 340433,
    "pin": "0",
    "sourceID": -1,
    "stack": 8,
    "targetID": 151,
    "timestamp": 11594225,
    "type": "applybuffstack",
  },
  {
    "abilityGameID": 340433,
    "pin": "0",
    "sourceID": -1,
    "stack": 9,
    "targetID": 4,
    "targetMarker": 7,
    "timestamp": 11594335,
    "type": "applybuffstack",
  },
  {
    "abilityGameID": 340433,
    "pin": "0",
    "sourceID": -1,
    "stack": 9,
    "targetID": 153,
    "timestamp": 11594335,
    "type": "applybuffstack",
  },
  {
    "abilityGameID": 340433,
    "pin": "0",
    "sourceID": -1,
    "stack": 9,
    "targetID": 152,
    "timestamp": 11594335,
    "type": "applybuffstack",
  },
  {
    "abilityGameID": 340433,
    "pin": "0",
    "sourceID": -1,
    "stack": 9,
    "targetID": 150,
    "targetMarker": 2,
    "timestamp": 11594335,
    "type": "applybuffstack",
  },
  {
    "abilityGameID": 340433,
    "pin": "0",
    "sourceID": -1,
    "stack": 9,
    "targetID": 151,
    "timestamp": 11594335,
    "type": "applybuffstack",
  },
  {
    "abilityGameID": 340433,
    "pin": "0",
    "sourceID": -1,
    "stack": 10,
    "targetID": 4,
    "targetMarker": 7,
    "timestamp": 11596689,
    "type": "applybuffstack",
  },
  {
    "abilityGameID": 340433,
    "pin": "0",
    "sourceID": -1,
    "stack": 10,
    "targetID": 153,
    "timestamp": 11596689,
    "type": "applybuffstack",
  },
  {
    "abilityGameID": 340433,
    "pin": "0",
    "sourceID": -1,
    "stack": 10,
    "targetID": 152,
    "timestamp": 11596689,
    "type": "applybuffstack",
  },
  {
    "abilityGameID": 340433,
    "pin": "0",
    "sourceID": -1,
    "stack": 10,
    "targetID": 150,
    "targetMarker": 2,
    "timestamp": 11596689,
    "type": "applybuffstack",
  },
  {
    "abilityGameID": 340433,
    "pin": "0",
    "sourceID": -1,
    "stack": 10,
    "targetID": 151,
    "timestamp": 11596689,
    "type": "applybuffstack",
  },
  {
    "abilityGameID": 340433,
    "pin": "0",
    "sourceID": -1,
    "stack": 2,
    "targetID": 4,
    "targetMarker": 7,
    "timestamp": 12270637,
    "type": "applybuffstack",
  },
  {
    "abilityGameID": 340433,
    "pin": "0",
    "sourceID": -1,
    "stack": 2,
    "targetID": 153,
    "timestamp": 12270637,
    "type": "applybuffstack",
  },
  {
    "abilityGameID": 340433,
    "pin": "0",
    "sourceID": -1,
    "stack": 2,
    "targetID": 152,
    "timestamp": 12270637,
    "type": "applybuffstack",
  },
  {
    "abilityGameID": 340433,
    "pin": "0",
    "sourceID": -1,
    "stack": 2,
    "targetID": 150,
    "targetMarker": 2,
    "timestamp": 12270637,
    "type": "applybuffstack",
  },
  {
    "abilityGameID": 340433,
    "pin": "0",
    "sourceID": -1,
    "stack": 2,
    "targetID": 151,
    "timestamp": 12270637,
    "type": "applybuffstack",
  },
  {
    "abilityGameID": 340433,
    "pin": "0",
    "sourceID": -1,
    "stack": 3,
    "targetID": 4,
    "targetMarker": 7,
    "timestamp": 12270637,
    "type": "applybuffstack",
  },
  {
    "abilityGameID": 340433,
    "pin": "0",
    "sourceID": -1,
    "stack": 3,
    "targetID": 153,
    "timestamp": 12270637,
    "type": "applybuffstack",
  },
  {
    "abilityGameID": 340433,
    "pin": "0",
    "sourceID": -1,
    "stack": 3,
    "targetID": 152,
    "timestamp": 12270637,
    "type": "applybuffstack",
  },
  {
    "abilityGameID": 340433,
    "pin": "0",
    "sourceID": -1,
    "stack": 3,
    "targetID": 150,
    "targetMarker": 2,
    "timestamp": 12270637,
    "type": "applybuffstack",
  },
  {
    "abilityGameID": 340433,
    "pin": "0",
    "sourceID": -1,
    "stack": 3,
    "targetID": 151,
    "timestamp": 12270637,
    "type": "applybuffstack",
  },
  {
    "abilityGameID": 340433,
    "pin": "0",
    "sourceID": -1,
    "stack": 4,
    "targetID": 4,
    "targetMarker": 7,
    "timestamp": 12271043,
    "type": "applybuffstack",
  },
  {
    "abilityGameID": 340433,
    "pin": "0",
    "sourceID": -1,
    "stack": 4,
    "targetID": 153,
    "timestamp": 12271043,
    "type": "applybuffstack",
  },
  {
    "abilityGameID": 340433,
    "pin": "0",
    "sourceID": -1,
    "stack": 4,
    "targetID": 152,
    "timestamp": 12271043,
    "type": "applybuffstack",
  },
  {
    "abilityGameID": 340433,
    "pin": "0",
    "sourceID": -1,
    "stack": 4,
    "targetID": 150,
    "targetMarker": 2,
    "timestamp": 12271043,
    "type": "applybuffstack",
  },
  {
    "abilityGameID": 340433,
    "pin": "0",
    "sourceID": -1,
    "stack": 4,
    "targetID": 151,
    "timestamp": 12271043,
    "type": "applybuffstack",
  },
  {
    "abilityGameID": 340433,
    "pin": "0",
    "sourceID": -1,
    "stack": 5,
    "targetID": 4,
    "targetMarker": 7,
    "timestamp": 12271214,
    "type": "applybuffstack",
  },
  {
    "abilityGameID": 340433,
    "pin": "0",
    "sourceID": -1,
    "stack": 5,
    "targetID": 153,
    "timestamp": 12271214,
    "type": "applybuffstack",
  },
  {
    "abilityGameID": 340433,
    "pin": "0",
    "sourceID": -1,
    "stack": 5,
    "targetID": 152,
    "timestamp": 12271214,
    "type": "applybuffstack",
  },
  {
    "abilityGameID": 340433,
    "pin": "0",
    "sourceID": -1,
    "stack": 5,
    "targetID": 150,
    "targetMarker": 2,
    "timestamp": 12271214,
    "type": "applybuffstack",
  },
  {
    "abilityGameID": 340433,
    "pin": "0",
    "sourceID": -1,
    "stack": 5,
    "targetID": 151,
    "timestamp": 12271214,
    "type": "applybuffstack",
  },
  {
    "abilityGameID": 340433,
    "pin": "0",
    "sourceID": -1,
    "stack": 6,
    "targetID": 4,
    "targetMarker": 7,
    "timestamp": 12277302,
    "type": "applybuffstack",
  },
  {
    "abilityGameID": 340433,
    "pin": "0",
    "sourceID": -1,
    "stack": 6,
    "targetID": 153,
    "timestamp": 12277302,
    "type": "applybuffstack",
  },
  {
    "abilityGameID": 340433,
    "pin": "0",
    "sourceID": -1,
    "stack": 6,
    "targetID": 152,
    "timestamp": 12277302,
    "type": "applybuffstack",
  },
  {
    "abilityGameID": 340433,
    "pin": "0",
    "sourceID": -1,
    "stack": 6,
    "targetID": 150,
    "targetMarker": 2,
    "timestamp": 12277302,
    "type": "applybuffstack",
  },
  {
    "abilityGameID": 340433,
    "pin": "0",
    "sourceID": -1,
    "stack": 6,
    "targetID": 151,
    "timestamp": 12277302,
    "type": "applybuffstack",
  },
  {
    "abilityGameID": 340433,
    "pin": "0",
    "sourceID": -1,
    "stack": 7,
    "targetID": 4,
    "targetMarker": 7,
    "timestamp": 12279309,
    "type": "applybuffstack",
  },
  {
    "abilityGameID": 340433,
    "pin": "0",
    "sourceID": -1,
    "stack": 7,
    "targetID": 153,
    "timestamp": 12279309,
    "type": "applybuffstack",
  },
  {
    "abilityGameID": 340433,
    "pin": "0",
    "sourceID": -1,
    "stack": 7,
    "targetID": 152,
    "timestamp": 12279309,
    "type": "applybuffstack",
  },
  {
    "abilityGameID": 340433,
    "pin": "0",
    "sourceID": -1,
    "stack": 7,
    "targetID": 150,
    "targetMarker": 2,
    "timestamp": 12279309,
    "type": "applybuffstack",
  },
  {
    "abilityGameID": 340433,
    "pin": "0",
    "sourceID": -1,
    "stack": 7,
    "targetID": 151,
    "timestamp": 12279309,
    "type": "applybuffstack",
  },
  {
    "abilityGameID": 340433,
    "pin": "0",
    "sourceID": -1,
    "stack": 8,
    "targetID": 4,
    "targetMarker": 7,
    "timestamp": 12287914,
    "type": "applybuffstack",
  },
  {
    "abilityGameID": 340433,
    "pin": "0",
    "sourceID": -1,
    "stack": 8,
    "targetID": 153,
    "timestamp": 12287914,
    "type": "applybuffstack",
  },
  {
    "abilityGameID": 340433,
    "pin": "0",
    "sourceID": -1,
    "stack": 8,
    "targetID": 152,
    "timestamp": 12287914,
    "type": "applybuffstack",
  },
  {
    "abilityGameID": 340433,
    "pin": "0",
    "sourceID": -1,
    "stack": 8,
    "targetID": 150,
    "targetMarker": 2,
    "timestamp": 12287914,
    "type": "applybuffstack",
  },
  {
    "abilityGameID": 340433,
    "pin": "0",
    "sourceID": -1,
    "stack": 8,
    "targetID": 151,
    "timestamp": 12287914,
    "type": "applybuffstack",
  },
  {
    "abilityGameID": 340433,
    "pin": "0",
    "sourceID": -1,
    "stack": 9,
    "targetID": 4,
    "targetMarker": 7,
    "timestamp": 12291261,
    "type": "applybuffstack",
  },
  {
    "abilityGameID": 340433,
    "pin": "0",
    "sourceID": -1,
    "stack": 9,
    "targetID": 153,
    "timestamp": 12291261,
    "type": "applybuffstack",
  },
  {
    "abilityGameID": 340433,
    "pin": "0",
    "sourceID": -1,
    "stack": 9,
    "targetID": 152,
    "timestamp": 12291261,
    "type": "applybuffstack",
  },
  {
    "abilityGameID": 340433,
    "pin": "0",
    "sourceID": -1,
    "stack": 9,
    "targetID": 150,
    "targetMarker": 2,
    "timestamp": 12291278,
    "type": "applybuffstack",
  },
  {
    "abilityGameID": 340433,
    "pin": "0",
    "sourceID": -1,
    "stack": 9,
    "targetID": 151,
    "timestamp": 12291278,
    "type": "applybuffstack",
  },
  {
    "abilityGameID": 340433,
    "pin": "0",
    "sourceID": -1,
    "stack": 2,
    "targetID": 4,
    "targetMarker": 7,
    "timestamp": 12640578,
    "type": "applybuffstack",
  },
  {
    "abilityGameID": 340433,
    "pin": "0",
    "sourceID": -1,
    "stack": 2,
    "targetID": 153,
    "timestamp": 12640578,
    "type": "applybuffstack",
  },
  {
    "abilityGameID": 340433,
    "pin": "0",
    "sourceID": -1,
    "stack": 2,
    "targetID": 152,
    "timestamp": 12640578,
    "type": "applybuffstack",
  },
  {
    "abilityGameID": 340433,
    "pin": "0",
    "sourceID": -1,
    "stack": 2,
    "targetID": 150,
    "targetMarker": 2,
    "timestamp": 12640578,
    "type": "applybuffstack",
  },
  {
    "abilityGameID": 340433,
    "pin": "0",
    "sourceID": -1,
    "stack": 2,
    "targetID": 151,
    "timestamp": 12640578,
    "type": "applybuffstack",
  },
  {
    "abilityGameID": 340433,
    "pin": "0",
    "sourceID": -1,
    "stack": 3,
    "targetID": 4,
    "targetMarker": 7,
    "timestamp": 12641866,
    "type": "applybuffstack",
  },
  {
    "abilityGameID": 340433,
    "pin": "0",
    "sourceID": -1,
    "stack": 3,
    "targetID": 153,
    "timestamp": 12641866,
    "type": "applybuffstack",
  },
  {
    "abilityGameID": 340433,
    "pin": "0",
    "sourceID": -1,
    "stack": 3,
    "targetID": 152,
    "timestamp": 12641866,
    "type": "applybuffstack",
  },
  {
    "abilityGameID": 340433,
    "pin": "0",
    "sourceID": -1,
    "stack": 3,
    "targetID": 150,
    "targetMarker": 2,
    "timestamp": 12641866,
    "type": "applybuffstack",
  },
  {
    "abilityGameID": 340433,
    "pin": "0",
    "sourceID": -1,
    "stack": 3,
    "targetID": 151,
    "timestamp": 12641866,
    "type": "applybuffstack",
  },
  {
    "abilityGameID": 340433,
    "pin": "0",
    "sourceID": -1,
    "stack": 4,
    "targetID": 4,
    "targetMarker": 7,
    "timestamp": 12653658,
    "type": "applybuffstack",
  },
  {
    "abilityGameID": 340433,
    "pin": "0",
    "sourceID": -1,
    "stack": 4,
    "targetID": 153,
    "timestamp": 12653658,
    "type": "applybuffstack",
  },
  {
    "abilityGameID": 340433,
    "pin": "0",
    "sourceID": -1,
    "stack": 4,
    "targetID": 152,
    "timestamp": 12653658,
    "type": "applybuffstack",
  },
  {
    "abilityGameID": 340433,
    "pin": "0",
    "sourceID": -1,
    "stack": 4,
    "targetID": 150,
    "targetMarker": 2,
    "timestamp": 12653658,
    "type": "applybuffstack",
  },
  {
    "abilityGameID": 340433,
    "pin": "0",
    "sourceID": -1,
    "stack": 4,
    "targetID": 151,
    "timestamp": 12653658,
    "type": "applybuffstack",
  },
  {
    "abilityGameID": 340433,
    "pin": "0",
    "sourceID": -1,
    "stack": 5,
    "targetID": 4,
    "targetMarker": 7,
    "timestamp": 12653658,
    "type": "applybuffstack",
  },
  {
    "abilityGameID": 340433,
    "pin": "0",
    "sourceID": -1,
    "stack": 5,
    "targetID": 153,
    "timestamp": 12653658,
    "type": "applybuffstack",
  },
  {
    "abilityGameID": 340433,
    "pin": "0",
    "sourceID": -1,
    "stack": 5,
    "targetID": 152,
    "timestamp": 12653658,
    "type": "applybuffstack",
  },
  {
    "abilityGameID": 340433,
    "pin": "0",
    "sourceID": -1,
    "stack": 5,
    "targetID": 150,
    "targetMarker": 2,
    "timestamp": 12653658,
    "type": "applybuffstack",
  },
  {
    "abilityGameID": 340433,
    "pin": "0",
    "sourceID": -1,
    "stack": 5,
    "targetID": 151,
    "timestamp": 12653658,
    "type": "applybuffstack",
  },
  {
    "abilityGameID": 340433,
    "pin": "0",
    "sourceID": -1,
    "stack": 6,
    "targetID": 4,
    "targetMarker": 7,
    "timestamp": 12655096,
    "type": "applybuffstack",
  },
  {
    "abilityGameID": 340433,
    "pin": "0",
    "sourceID": -1,
    "stack": 6,
    "targetID": 153,
    "timestamp": 12655096,
    "type": "applybuffstack",
  },
  {
    "abilityGameID": 340433,
    "pin": "0",
    "sourceID": -1,
    "stack": 6,
    "targetID": 152,
    "timestamp": 12655096,
    "type": "applybuffstack",
  },
  {
    "abilityGameID": 340433,
    "pin": "0",
    "sourceID": -1,
    "stack": 6,
    "targetID": 150,
    "targetMarker": 2,
    "timestamp": 12655096,
    "type": "applybuffstack",
  },
  {
    "abilityGameID": 340433,
    "pin": "0",
    "sourceID": -1,
    "stack": 6,
    "targetID": 151,
    "timestamp": 12655096,
    "type": "applybuffstack",
  },
  {
    "abilityGameID": 340433,
    "pin": "0",
    "sourceID": -1,
    "stack": 2,
    "targetID": 4,
    "targetMarker": 7,
    "timestamp": 13483430,
    "type": "applybuffstack",
  },
  {
    "abilityGameID": 340433,
    "pin": "0",
    "sourceID": -1,
    "stack": 2,
    "targetID": 153,
    "timestamp": 13483430,
    "type": "applybuffstack",
  },
  {
    "abilityGameID": 340433,
    "pin": "0",
    "sourceID": -1,
    "stack": 2,
    "targetID": 152,
    "timestamp": 13483430,
    "type": "applybuffstack",
  },
  {
    "abilityGameID": 340433,
    "pin": "0",
    "sourceID": -1,
    "stack": 2,
    "targetID": 150,
    "targetMarker": 2,
    "timestamp": 13483430,
    "type": "applybuffstack",
  },
  {
    "abilityGameID": 340433,
    "pin": "0",
    "sourceID": -1,
    "stack": 2,
    "targetID": 151,
    "timestamp": 13483430,
    "type": "applybuffstack",
  },
  {
    "abilityGameID": 340433,
    "pin": "0",
    "sourceID": -1,
    "stack": 3,
    "targetID": 4,
    "targetMarker": 7,
    "timestamp": 13483981,
    "type": "applybuffstack",
  },
  {
    "abilityGameID": 340433,
    "pin": "0",
    "sourceID": -1,
    "stack": 3,
    "targetID": 153,
    "timestamp": 13483981,
    "type": "applybuffstack",
  },
  {
    "abilityGameID": 340433,
    "pin": "0",
    "sourceID": -1,
    "stack": 3,
    "targetID": 152,
    "timestamp": 13483981,
    "type": "applybuffstack",
  },
  {
    "abilityGameID": 340433,
    "pin": "0",
    "sourceID": -1,
    "stack": 3,
    "targetID": 150,
    "targetMarker": 2,
    "timestamp": 13483981,
    "type": "applybuffstack",
  },
  {
    "abilityGameID": 340433,
    "pin": "0",
    "sourceID": -1,
    "stack": 3,
    "targetID": 151,
    "timestamp": 13483981,
    "type": "applybuffstack",
  },
  {
    "abilityGameID": 340433,
    "pin": "0",
    "sourceID": -1,
    "stack": 4,
    "targetID": 4,
    "targetMarker": 7,
    "timestamp": 13484475,
    "type": "applybuffstack",
  },
  {
    "abilityGameID": 340433,
    "pin": "0",
    "sourceID": -1,
    "stack": 4,
    "targetID": 153,
    "timestamp": 13484475,
    "type": "applybuffstack",
  },
  {
    "abilityGameID": 340433,
    "pin": "0",
    "sourceID": -1,
    "stack": 4,
    "targetID": 152,
    "timestamp": 13484475,
    "type": "applybuffstack",
  },
  {
    "abilityGameID": 340433,
    "pin": "0",
    "sourceID": -1,
    "stack": 4,
    "targetID": 150,
    "targetMarker": 2,
    "timestamp": 13484475,
    "type": "applybuffstack",
  },
  {
    "abilityGameID": 340433,
    "pin": "0",
    "sourceID": -1,
    "stack": 4,
    "targetID": 151,
    "timestamp": 13484475,
    "type": "applybuffstack",
  },
  {
    "abilityGameID": 340433,
    "pin": "0",
    "sourceID": -1,
    "stack": 5,
    "targetID": 4,
    "targetMarker": 7,
    "timestamp": 13484569,
    "type": "applybuffstack",
  },
  {
    "abilityGameID": 340433,
    "pin": "0",
    "sourceID": -1,
    "stack": 5,
    "targetID": 153,
    "timestamp": 13484569,
    "type": "applybuffstack",
  },
  {
    "abilityGameID": 340433,
    "pin": "0",
    "sourceID": -1,
    "stack": 5,
    "targetID": 152,
    "timestamp": 13484569,
    "type": "applybuffstack",
  },
  {
    "abilityGameID": 340433,
    "pin": "0",
    "sourceID": -1,
    "stack": 5,
    "targetID": 150,
    "targetMarker": 2,
    "timestamp": 13484569,
    "type": "applybuffstack",
  },
  {
    "abilityGameID": 340433,
    "pin": "0",
    "sourceID": -1,
    "stack": 5,
    "targetID": 151,
    "timestamp": 13484569,
    "type": "applybuffstack",
  },
  {
    "abilityGameID": 340433,
    "pin": "0",
    "sourceID": -1,
    "stack": 6,
    "targetID": 4,
    "targetMarker": 7,
    "timestamp": 13485163,
    "type": "applybuffstack",
  },
  {
    "abilityGameID": 340433,
    "pin": "0",
    "sourceID": -1,
    "stack": 6,
    "targetID": 153,
    "timestamp": 13485163,
    "type": "applybuffstack",
  },
  {
    "abilityGameID": 340433,
    "pin": "0",
    "sourceID": -1,
    "stack": 6,
    "targetID": 152,
    "timestamp": 13485163,
    "type": "applybuffstack",
  },
  {
    "abilityGameID": 340433,
    "pin": "0",
    "sourceID": -1,
    "stack": 6,
    "targetID": 150,
    "targetMarker": 2,
    "timestamp": 13485163,
    "type": "applybuffstack",
  },
  {
    "abilityGameID": 340433,
    "pin": "0",
    "sourceID": -1,
    "stack": 6,
    "targetID": 151,
    "timestamp": 13485163,
    "type": "applybuffstack",
  },
  {
    "abilityGameID": 340433,
    "pin": "0",
    "sourceID": -1,
    "stack": 7,
    "targetID": 4,
    "targetMarker": 7,
    "timestamp": 13485163,
    "type": "applybuffstack",
  },
  {
    "abilityGameID": 340433,
    "pin": "0",
    "sourceID": -1,
    "stack": 7,
    "targetID": 153,
    "timestamp": 13485163,
    "type": "applybuffstack",
  },
  {
    "abilityGameID": 340433,
    "pin": "0",
    "sourceID": -1,
    "stack": 7,
    "targetID": 152,
    "timestamp": 13485163,
    "type": "applybuffstack",
  },
  {
    "abilityGameID": 340433,
    "pin": "0",
    "sourceID": -1,
    "stack": 7,
    "targetID": 150,
    "targetMarker": 2,
    "timestamp": 13485163,
    "type": "applybuffstack",
  },
  {
    "abilityGameID": 340433,
    "pin": "0",
    "sourceID": -1,
    "stack": 7,
    "targetID": 151,
    "timestamp": 13485163,
    "type": "applybuffstack",
  },
  {
    "abilityGameID": 340433,
    "pin": "0",
    "sourceID": -1,
    "stack": 8,
    "targetID": 4,
    "targetMarker": 7,
    "timestamp": 13485246,
    "type": "applybuffstack",
  },
  {
    "abilityGameID": 340433,
    "pin": "0",
    "sourceID": -1,
    "stack": 8,
    "targetID": 153,
    "timestamp": 13485246,
    "type": "applybuffstack",
  },
  {
    "abilityGameID": 340433,
    "pin": "0",
    "sourceID": -1,
    "stack": 8,
    "targetID": 152,
    "timestamp": 13485246,
    "type": "applybuffstack",
  },
  {
    "abilityGameID": 340433,
    "pin": "0",
    "sourceID": -1,
    "stack": 8,
    "targetID": 150,
    "targetMarker": 2,
    "timestamp": 13485246,
    "type": "applybuffstack",
  },
  {
    "abilityGameID": 340433,
    "pin": "0",
    "sourceID": -1,
    "stack": 8,
    "targetID": 151,
    "timestamp": 13485246,
    "type": "applybuffstack",
  },
  {
    "abilityGameID": 340433,
    "pin": "0",
    "sourceID": -1,
    "stack": 9,
    "targetID": 4,
    "targetMarker": 7,
    "timestamp": 13485565,
    "type": "applybuffstack",
  },
  {
    "abilityGameID": 340433,
    "pin": "0",
    "sourceID": -1,
    "stack": 9,
    "targetID": 153,
    "timestamp": 13485565,
    "type": "applybuffstack",
  },
  {
    "abilityGameID": 340433,
    "pin": "0",
    "sourceID": -1,
    "stack": 9,
    "targetID": 152,
    "timestamp": 13485565,
    "type": "applybuffstack",
  },
  {
    "abilityGameID": 340433,
    "pin": "0",
    "sourceID": -1,
    "stack": 9,
    "targetID": 150,
    "targetMarker": 2,
    "timestamp": 13485565,
    "type": "applybuffstack",
  },
  {
    "abilityGameID": 340433,
    "pin": "0",
    "sourceID": -1,
    "stack": 9,
    "targetID": 151,
    "timestamp": 13485565,
    "type": "applybuffstack",
  },
  {
    "abilityGameID": 340433,
    "pin": "0",
    "sourceID": -1,
    "stack": 10,
    "targetID": 4,
    "targetMarker": 7,
    "timestamp": 13487006,
    "type": "applybuffstack",
  },
  {
    "abilityGameID": 340433,
    "pin": "0",
    "sourceID": -1,
    "stack": 10,
    "targetID": 153,
    "timestamp": 13487006,
    "type": "applybuffstack",
  },
  {
    "abilityGameID": 340433,
    "pin": "0",
    "sourceID": -1,
    "stack": 10,
    "targetID": 152,
    "timestamp": 13487006,
    "type": "applybuffstack",
  },
  {
    "abilityGameID": 340433,
    "pin": "0",
    "sourceID": -1,
    "stack": 10,
    "targetID": 150,
    "targetMarker": 2,
    "timestamp": 13487006,
    "type": "applybuffstack",
  },
  {
    "abilityGameID": 340433,
    "pin": "0",
    "sourceID": -1,
    "stack": 10,
    "targetID": 151,
    "timestamp": 13487029,
    "type": "applybuffstack",
  },
]
`;
