// Jest Snapshot v1, https://goo.gl/fbAQLP

exports[`getStormingEvents works 1`] = `
Array [
  Object {
    "abilityGameID": 343520,
    "amount": 5392,
    "hitType": 1,
    "mitigated": 692,
    "pin": "0",
    "sourceID": -1,
    "sourceMarker": 2,
    "targetID": 7,
    "targetMarker": 2,
    "timestamp": 87380,
    "type": "damage",
    "unmitigatedAmount": 6084,
  },
  Object {
    "abilityGameID": 343520,
    "absorbed": 6504,
    "amount": 0,
    "hitType": 3,
    "mitigated": 243,
    "pin": "0",
    "sourceID": -1,
    "targetID": 2,
    "timestamp": 140258,
    "type": "damage",
    "unmitigatedAmount": 6747,
  },
  Object {
    "abilityGameID": 343520,
    "amount": 6846,
    "hitType": 1,
    "mitigated": 880,
    "pin": "0",
    "sourceID": -1,
    "sourceMarker": 2,
    "targetID": 7,
    "targetMarker": 2,
    "timestamp": 142131,
    "type": "damage",
    "unmitigatedAmount": 7726,
  },
  Object {
    "abilityGameID": 343520,
    "absorbed": 1969,
    "amount": 4535,
    "hitType": 1,
    "mitigated": 243,
    "pin": "0",
    "sourceID": -1,
    "targetID": 2,
    "timestamp": 142989,
    "type": "damage",
    "unmitigatedAmount": 6747,
  },
  Object {
    "abilityGameID": 343520,
    "amount": 10082,
    "hitType": 1,
    "mitigated": 7158,
    "pin": "0",
    "sourceID": -1,
    "sourceMarker": 7,
    "targetID": 6,
    "targetMarker": 7,
    "timestamp": 143953,
    "type": "damage",
    "unmitigatedAmount": 17240,
  },
  Object {
    "abilityGameID": 343520,
    "amount": 6721,
    "hitType": 1,
    "mitigated": 4772,
    "pin": "0",
    "sourceID": -1,
    "sourceMarker": 7,
    "targetID": 6,
    "targetMarker": 7,
    "timestamp": 149825,
    "type": "damage",
    "unmitigatedAmount": 11493,
  },
  Object {
    "abilityGameID": 343520,
    "amount": 6847,
    "hitType": 1,
    "mitigated": 879,
    "pin": "0",
    "sourceID": -1,
    "sourceMarker": 2,
    "targetID": 7,
    "targetMarker": 2,
    "timestamp": 162999,
    "type": "damage",
    "unmitigatedAmount": 7726,
  },
  Object {
    "abilityGameID": 343520,
    "absorbed": 7090,
    "amount": 0,
    "hitType": 3,
    "mitigated": 264,
    "pin": "0",
    "sourceID": -1,
    "targetID": 2,
    "timestamp": 164704,
    "type": "damage",
    "unmitigatedAmount": 7354,
  },
  Object {
    "abilityGameID": 343520,
    "amount": 10082,
    "hitType": 1,
    "mitigated": 7158,
    "pin": "0",
    "sourceID": -1,
    "sourceMarker": 7,
    "targetID": 6,
    "targetMarker": 7,
    "timestamp": 251492,
    "type": "damage",
    "unmitigatedAmount": 17240,
  },
  Object {
    "abilityGameID": 343520,
    "amount": 9165,
    "hitType": 1,
    "mitigated": 6508,
    "pin": "0",
    "sourceID": -1,
    "sourceMarker": 7,
    "targetID": 6,
    "targetMarker": 7,
    "timestamp": 253833,
    "type": "damage",
    "unmitigatedAmount": 15673,
  },
  Object {
    "abilityGameID": 343520,
    "amount": 9074,
    "hitType": 1,
    "mitigated": 8166,
    "pin": "0",
    "sourceID": -1,
    "sourceMarker": 7,
    "targetID": 6,
    "targetMarker": 7,
    "timestamp": 317012,
    "type": "damage",
    "unmitigatedAmount": 17240,
  },
  Object {
    "abilityGameID": 343520,
    "amount": 5337,
    "hitType": 1,
    "mitigated": 1355,
    "pin": "0",
    "sourceID": -1,
    "sourceMarker": 2,
    "targetID": 7,
    "targetMarker": 2,
    "timestamp": 318953,
    "type": "damage",
    "unmitigatedAmount": 6692,
  },
  Object {
    "abilityGameID": 343520,
    "amount": 10082,
    "hitType": 1,
    "mitigated": 7158,
    "pin": "0",
    "sourceID": -1,
    "sourceMarker": 7,
    "targetID": 6,
    "targetMarker": 7,
    "timestamp": 366830,
    "type": "damage",
    "unmitigatedAmount": 17240,
  },
  Object {
    "abilityGameID": 343520,
    "absorbed": 9166,
    "amount": 0,
    "hitType": 3,
    "mitigated": 6507,
    "pin": "0",
    "sourceID": -1,
    "sourceMarker": 7,
    "targetID": 6,
    "targetMarker": 7,
    "timestamp": 385091,
    "type": "damage",
    "unmitigatedAmount": 15673,
  },
  Object {
    "abilityGameID": 343520,
    "amount": 6722,
    "hitType": 1,
    "mitigated": 4771,
    "pin": "0",
    "sourceID": -1,
    "sourceMarker": 7,
    "targetID": 6,
    "targetMarker": 7,
    "timestamp": 407511,
    "type": "damage",
    "unmitigatedAmount": 11493,
  },
  Object {
    "abilityGameID": 343520,
    "amount": 3235,
    "hitType": 1,
    "mitigated": 2849,
    "pin": "0",
    "sourceID": -1,
    "sourceMarker": 2,
    "targetID": 7,
    "targetMarker": 2,
    "timestamp": 432666,
    "type": "damage",
    "unmitigatedAmount": 6084,
  },
  Object {
    "abilityGameID": 343520,
    "amount": 10082,
    "hitType": 1,
    "mitigated": 7158,
    "pin": "0",
    "sourceID": -1,
    "sourceMarker": 7,
    "targetID": 6,
    "targetMarker": 7,
    "timestamp": 486469,
    "type": "damage",
    "unmitigatedAmount": 17240,
  },
  Object {
    "abilityGameID": 343520,
    "amount": 6721,
    "hitType": 1,
    "mitigated": 4772,
    "pin": "0",
    "sourceID": -1,
    "sourceMarker": 7,
    "targetID": 6,
    "targetMarker": 7,
    "timestamp": 505323,
    "type": "damage",
    "unmitigatedAmount": 11493,
  },
  Object {
    "abilityGameID": 343520,
    "amount": 5729,
    "hitType": 1,
    "mitigated": 193,
    "pin": "0",
    "sourceID": -1,
    "targetID": 1,
    "timestamp": 567129,
    "type": "damage",
    "unmitigatedAmount": 5922,
  },
  Object {
    "abilityGameID": 343520,
    "amount": 5369,
    "hitType": 1,
    "mitigated": 625,
    "pin": "0",
    "sourceID": -1,
    "targetID": 9,
    "timestamp": 613649,
    "type": "damage",
    "unmitigatedAmount": 5994,
  },
  Object {
    "abilityGameID": 343520,
    "absorbed": 1452,
    "amount": 5754,
    "hitType": 1,
    "mitigated": 1072,
    "pin": "0",
    "sourceID": -1,
    "targetID": 2,
    "timestamp": 726001,
    "type": "damage",
    "unmitigatedAmount": 8278,
  },
  Object {
    "abilityGameID": 343520,
    "amount": 5955,
    "hitType": 1,
    "mitigated": 737,
    "pin": "0",
    "sourceID": -1,
    "sourceMarker": 2,
    "targetID": 7,
    "targetMarker": 2,
    "timestamp": 729536,
    "type": "damage",
    "unmitigatedAmount": 6692,
  },
  Object {
    "abilityGameID": 343520,
    "amount": 6721,
    "hitType": 1,
    "mitigated": 4772,
    "pin": "0",
    "sourceID": -1,
    "sourceMarker": 7,
    "targetID": 6,
    "targetMarker": 7,
    "timestamp": 822382,
    "type": "damage",
    "unmitigatedAmount": 11493,
  },
  Object {
    "abilityGameID": 343520,
    "absorbed": 9074,
    "amount": 0,
    "hitType": 3,
    "mitigated": 8166,
    "pin": "0",
    "sourceID": -1,
    "sourceMarker": 7,
    "targetID": 6,
    "targetMarker": 7,
    "timestamp": 900121,
    "type": "damage",
    "unmitigatedAmount": 17240,
  },
  Object {
    "abilityGameID": 343520,
    "amount": 9074,
    "hitType": 1,
    "mitigated": 8166,
    "pin": "0",
    "sourceID": -1,
    "sourceMarker": 7,
    "targetID": 6,
    "targetMarker": 7,
    "timestamp": 905219,
    "type": "damage",
    "unmitigatedAmount": 17240,
  },
  Object {
    "abilityGameID": 343520,
    "amount": 5156,
    "hitType": 1,
    "mitigated": 766,
    "pin": "0",
    "sourceID": -1,
    "targetID": 1,
    "timestamp": 922458,
    "type": "damage",
    "unmitigatedAmount": 5922,
  },
  Object {
    "abilityGameID": 343520,
    "absorbed": 7082,
    "amount": 0,
    "hitType": 3,
    "mitigated": 240,
    "pin": "0",
    "sourceID": -1,
    "targetID": 2,
    "timestamp": 931872,
    "type": "damage",
    "unmitigatedAmount": 7322,
  },
  Object {
    "abilityGameID": 343520,
    "amount": 6110,
    "hitType": 1,
    "mitigated": 4339,
    "pin": "0",
    "sourceID": -1,
    "sourceMarker": 7,
    "targetID": 6,
    "targetMarker": 7,
    "timestamp": 1136291,
    "type": "damage",
    "unmitigatedAmount": 10449,
  },
  Object {
    "abilityGameID": 343520,
    "amount": 5499,
    "hitType": 1,
    "mitigated": 4950,
    "pin": "0",
    "sourceID": -1,
    "sourceMarker": 7,
    "targetID": 6,
    "targetMarker": 7,
    "timestamp": 1384017,
    "type": "damage",
    "unmitigatedAmount": 10449,
  },
  Object {
    "abilityGameID": 343520,
    "amount": 5414,
    "hitType": 1,
    "mitigated": 670,
    "pin": "0",
    "sourceID": -1,
    "sourceMarker": 2,
    "targetID": 7,
    "targetMarker": 2,
    "timestamp": 1433947,
    "type": "damage",
    "unmitigatedAmount": 6084,
  },
  Object {
    "abilityGameID": 343520,
    "amount": 4629,
    "hitType": 1,
    "mitigated": 1352,
    "pin": "0",
    "sourceID": -1,
    "targetID": 1,
    "timestamp": 1451839,
    "type": "damage",
    "unmitigatedAmount": 5981,
  },
  Object {
    "abilityGameID": 343520,
    "absorbed": 5368,
    "amount": 0,
    "hitType": 3,
    "mitigated": 626,
    "pin": "0",
    "sourceID": -1,
    "targetID": 9,
    "timestamp": 1488696,
    "type": "damage",
    "unmitigatedAmount": 5994,
  },
  Object {
    "abilityGameID": 343520,
    "amount": 6427,
    "hitType": 1,
    "mitigated": 217,
    "pin": "0",
    "sourceID": -1,
    "targetID": 1,
    "timestamp": 1530313,
    "type": "damage",
    "unmitigatedAmount": 6644,
  },
  Object {
    "abilityGameID": 343520,
    "absorbed": 4281,
    "amount": 3654,
    "hitType": 1,
    "mitigated": 268,
    "pin": "0",
    "sourceID": -1,
    "targetID": 2,
    "timestamp": 1536439,
    "type": "damage",
    "unmitigatedAmount": 8203,
  },
  Object {
    "abilityGameID": 343520,
    "absorbed": 6111,
    "amount": 0,
    "hitType": 3,
    "mitigated": 4338,
    "pin": "0",
    "sourceID": -1,
    "sourceMarker": 7,
    "targetID": 6,
    "targetMarker": 7,
    "timestamp": 1591543,
    "type": "damage",
    "unmitigatedAmount": 10449,
  },
  Object {
    "abilityGameID": 343520,
    "absorbed": 9165,
    "amount": 0,
    "hitType": 3,
    "mitigated": 6508,
    "pin": "0",
    "sourceID": -1,
    "sourceMarker": 7,
    "targetID": 6,
    "targetMarker": 7,
    "timestamp": 1660945,
    "type": "damage",
    "unmitigatedAmount": 15673,
  },
  Object {
    "abilityGameID": 343520,
    "amount": 6050,
    "hitType": 1,
    "mitigated": 5443,
    "pin": "0",
    "sourceID": -1,
    "sourceMarker": 7,
    "targetID": 6,
    "targetMarker": 7,
    "timestamp": 1686234,
    "type": "damage",
    "unmitigatedAmount": 11493,
  },
  Object {
    "abilityGameID": 343520,
    "absorbed": 7149,
    "amount": 0,
    "hitType": 3,
    "mitigated": 241,
    "pin": "0",
    "sourceID": -1,
    "targetID": 2,
    "timestamp": 1687787,
    "type": "damage",
    "unmitigatedAmount": 7390,
  },
  Object {
    "abilityGameID": 343520,
    "amount": 6110,
    "hitType": 1,
    "mitigated": 4339,
    "pin": "0",
    "sourceID": -1,
    "sourceMarker": 7,
    "targetID": 6,
    "targetMarker": 7,
    "timestamp": 1692038,
    "type": "damage",
    "unmitigatedAmount": 10449,
  },
  Object {
    "abilityGameID": 343520,
    "amount": 5403,
    "hitType": 1,
    "mitigated": 1289,
    "pin": "0",
    "sourceID": -1,
    "sourceMarker": 2,
    "targetID": 7,
    "targetMarker": 2,
    "timestamp": 1733173,
    "type": "damage",
    "unmitigatedAmount": 6692,
  },
]
`;
