// Jest Snapshot v1, https://goo.gl/fbAQLP

exports[`processEvents snapshot 1`] = `
[
  {
    "abilityID": 228626,
    "eventType": "ApplyDebuff",
    "sourcePlayerID": null,
    "targetNPCID": null,
    "targetPlayerID": null,
    "timestamp": 647832,
  },
  {
    "abilityID": 228626,
    "eventType": "ApplyDebuff",
    "sourcePlayerID": null,
    "targetNPCID": null,
    "targetPlayerID": null,
    "timestamp": 1286270,
  },
  {
    "abilityID": 228626,
    "eventType": "ApplyDebuff",
    "sourcePlayerID": null,
    "targetNPCID": null,
    "targetPlayerID": null,
    "timestamp": 1286270,
  },
  {
    "abilityID": 228626,
    "eventType": "ApplyDebuff",
    "sourcePlayerID": null,
    "targetNPCID": null,
    "targetPlayerID": null,
    "timestamp": 1286270,
  },
  {
    "abilityID": 228626,
    "eventType": "ApplyDebuff",
    "sourcePlayerID": null,
    "targetNPCID": null,
    "targetPlayerID": null,
    "timestamp": 1286270,
  },
  {
    "abilityID": 228626,
    "eventType": "ApplyDebuff",
    "sourcePlayerID": null,
    "targetNPCID": null,
    "targetPlayerID": null,
    "timestamp": 1286270,
  },
  {
    "abilityID": 228626,
    "eventType": "ApplyDebuff",
    "sourcePlayerID": null,
    "targetNPCID": null,
    "targetPlayerID": null,
    "timestamp": 1286270,
  },
  {
    "abilityID": 340210,
    "eventType": "ApplyBuff",
    "targetPlayerID": null,
    "timestamp": 4006933,
  },
  {
    "abilityID": 340210,
    "eventType": "ApplyBuff",
    "targetPlayerID": null,
    "timestamp": 4018740,
  },
  {
    "abilityID": 340210,
    "eventType": "ApplyBuff",
    "targetPlayerID": null,
    "timestamp": 4076733,
  },
  {
    "abilityID": 340210,
    "eventType": "ApplyBuff",
    "targetPlayerID": null,
    "timestamp": 4078931,
  },
  {
    "abilityID": 340210,
    "eventType": "ApplyBuff",
    "targetPlayerID": null,
    "timestamp": 4563925,
  },
  {
    "abilityID": 340225,
    "eventType": "ApplyBuff",
    "targetPlayerID": null,
    "timestamp": 4563925,
  },
  {
    "abilityID": 340271,
    "eventType": "ApplyBuff",
    "targetPlayerID": null,
    "timestamp": 4622916,
  },
  {
    "abilityID": 340271,
    "eventType": "ApplyBuff",
    "targetPlayerID": null,
    "timestamp": 4978916,
  },
  {
    "abilityID": 340225,
    "eventType": "ApplyBuff",
    "targetPlayerID": null,
    "timestamp": 4979920,
  },
  {
    "abilityID": 340225,
    "eventType": "ApplyBuff",
    "targetPlayerID": null,
    "timestamp": 4986724,
  },
  {
    "abilityID": 340271,
    "eventType": "ApplyBuff",
    "targetPlayerID": null,
    "timestamp": 4986724,
  },
  {
    "abilityID": 340378,
    "eventType": "ApplyBuff",
    "targetPlayerID": null,
    "timestamp": 5032705,
  },
  {
    "abilityID": 340210,
    "eventType": "ApplyBuff",
    "targetPlayerID": null,
    "timestamp": 5260722,
  },
  {
    "abilityID": 340210,
    "eventType": "ApplyBuff",
    "targetPlayerID": null,
    "timestamp": 5262928,
  },
  {
    "abilityID": 340378,
    "eventType": "ApplyBuff",
    "targetPlayerID": null,
    "timestamp": 5549610,
  },
  {
    "abilityID": 340378,
    "eventType": "ApplyBuff",
    "targetPlayerID": null,
    "timestamp": 6031023,
  },
  {
    "abilityID": 340433,
    "eventType": "ApplyBuff",
    "targetPlayerID": null,
    "timestamp": 11577910,
  },
  {
    "abilityID": 340433,
    "eventType": "ApplyBuff",
    "targetPlayerID": null,
    "timestamp": 11577910,
  },
  {
    "abilityID": 340433,
    "eventType": "ApplyBuff",
    "targetPlayerID": null,
    "timestamp": 11577910,
  },
  {
    "abilityID": 340433,
    "eventType": "ApplyBuff",
    "targetPlayerID": null,
    "timestamp": 11577910,
  },
  {
    "abilityID": 340433,
    "eventType": "ApplyBuff",
    "targetPlayerID": null,
    "timestamp": 11577910,
  },
  {
    "abilityID": 339917,
    "eventType": "ApplyDebuff",
    "sourcePlayerID": null,
    "targetNPCID": null,
    "targetPlayerID": null,
    "timestamp": 11913707,
  },
  {
    "abilityID": 339917,
    "eventType": "ApplyDebuff",
    "sourcePlayerID": null,
    "targetNPCID": null,
    "targetPlayerID": null,
    "timestamp": 11913707,
  },
  {
    "abilityID": 339917,
    "eventType": "ApplyDebuff",
    "sourcePlayerID": null,
    "targetNPCID": null,
    "targetPlayerID": null,
    "timestamp": 11913707,
  },
  {
    "abilityID": 339917,
    "eventType": "ApplyDebuff",
    "sourcePlayerID": null,
    "targetNPCID": null,
    "targetPlayerID": null,
    "timestamp": 11913707,
  },
  {
    "abilityID": 339917,
    "eventType": "ApplyDebuff",
    "sourcePlayerID": null,
    "targetNPCID": null,
    "targetPlayerID": null,
    "timestamp": 11913707,
  },
  {
    "abilityID": 339917,
    "eventType": "ApplyDebuff",
    "sourcePlayerID": null,
    "targetNPCID": null,
    "targetPlayerID": null,
    "timestamp": 11913707,
  },
  {
    "abilityID": 339917,
    "eventType": "ApplyDebuff",
    "sourcePlayerID": null,
    "targetNPCID": null,
    "targetPlayerID": null,
    "timestamp": 11913707,
  },
  {
    "abilityID": 339917,
    "eventType": "ApplyDebuff",
    "sourcePlayerID": null,
    "targetNPCID": null,
    "targetPlayerID": null,
    "timestamp": 11913707,
  },
  {
    "abilityID": 339917,
    "eventType": "ApplyDebuff",
    "sourcePlayerID": null,
    "targetNPCID": null,
    "targetPlayerID": null,
    "timestamp": 11913879,
  },
  {
    "abilityID": 340433,
    "eventType": "ApplyBuff",
    "targetPlayerID": null,
    "timestamp": 12269271,
  },
  {
    "abilityID": 340433,
    "eventType": "ApplyBuff",
    "targetPlayerID": null,
    "timestamp": 12269271,
  },
  {
    "abilityID": 340433,
    "eventType": "ApplyBuff",
    "targetPlayerID": null,
    "timestamp": 12269271,
  },
  {
    "abilityID": 340433,
    "eventType": "ApplyBuff",
    "targetPlayerID": null,
    "timestamp": 12269271,
  },
  {
    "abilityID": 340433,
    "eventType": "ApplyBuff",
    "targetPlayerID": null,
    "timestamp": 12269271,
  },
  {
    "abilityID": 340433,
    "eventType": "ApplyBuff",
    "targetPlayerID": null,
    "timestamp": 12640578,
  },
  {
    "abilityID": 340433,
    "eventType": "ApplyBuff",
    "targetPlayerID": null,
    "timestamp": 12640578,
  },
  {
    "abilityID": 340433,
    "eventType": "ApplyBuff",
    "targetPlayerID": null,
    "timestamp": 12640578,
  },
  {
    "abilityID": 340433,
    "eventType": "ApplyBuff",
    "targetPlayerID": null,
    "timestamp": 12640578,
  },
  {
    "abilityID": 340433,
    "eventType": "ApplyBuff",
    "targetPlayerID": null,
    "timestamp": 12640578,
  },
  {
    "abilityID": 339917,
    "eventType": "ApplyDebuff",
    "sourcePlayerID": null,
    "targetNPCID": null,
    "targetPlayerID": null,
    "timestamp": 12840160,
  },
  {
    "abilityID": 340433,
    "eventType": "ApplyBuff",
    "targetPlayerID": null,
    "timestamp": 13482676,
  },
  {
    "abilityID": 340433,
    "eventType": "ApplyBuff",
    "targetPlayerID": null,
    "timestamp": 13482678,
  },
  {
    "abilityID": 340433,
    "eventType": "ApplyBuff",
    "targetPlayerID": null,
    "timestamp": 13482678,
  },
  {
    "abilityID": 340433,
    "eventType": "ApplyBuff",
    "targetPlayerID": null,
    "timestamp": 13482678,
  },
  {
    "abilityID": 340433,
    "eventType": "ApplyBuff",
    "targetPlayerID": null,
    "timestamp": 13482678,
  },
  {
    "abilityID": 323881,
    "eventType": "ApplyDebuff",
    "sourcePlayerID": null,
    "targetNPCID": null,
    "targetPlayerID": null,
    "timestamp": 35495540,
  },
  {
    "abilityID": 323881,
    "eventType": "ApplyDebuff",
    "sourcePlayerID": null,
    "targetNPCID": null,
    "targetPlayerID": null,
    "timestamp": 35495540,
  },
  {
    "abilityID": 323881,
    "eventType": "ApplyDebuff",
    "sourcePlayerID": null,
    "targetNPCID": null,
    "targetPlayerID": null,
    "timestamp": 35495540,
  },
  {
    "abilityID": 323881,
    "eventType": "ApplyDebuff",
    "sourcePlayerID": null,
    "targetNPCID": null,
    "targetPlayerID": null,
    "timestamp": 35495540,
  },
  {
    "abilityID": 323881,
    "eventType": "ApplyDebuff",
    "sourcePlayerID": null,
    "targetNPCID": null,
    "targetPlayerID": null,
    "timestamp": 35495540,
  },
  {
    "abilityID": 357900,
    "eventType": "ApplyBuff",
    "targetPlayerID": null,
    "timestamp": 4094243,
  },
  {
    "abilityID": 357897,
    "eventType": "ApplyBuff",
    "targetPlayerID": null,
    "timestamp": 4095304,
  },
  {
    "abilityID": 357575,
    "eventType": "ApplyBuff",
    "targetPlayerID": null,
    "timestamp": 4096033,
  },
  {
    "abilityID": 357575,
    "eventType": "ApplyBuff",
    "targetPlayerID": null,
    "timestamp": 4096613,
  },
  {
    "abilityID": 357575,
    "eventType": "ApplyBuff",
    "targetPlayerID": null,
    "timestamp": 4098344,
  },
  {
    "abilityID": 357817,
    "eventType": "ApplyBuff",
    "targetPlayerID": null,
    "timestamp": 4498851,
  },
  {
    "abilityID": 357814,
    "eventType": "ApplyBuff",
    "targetPlayerID": null,
    "timestamp": 4500940,
  },
  {
    "abilityID": 357825,
    "eventType": "ApplyBuff",
    "targetPlayerID": null,
    "timestamp": 4504750,
  },
  {
    "abilityID": 357815,
    "eventType": "ApplyBuff",
    "targetPlayerID": null,
    "timestamp": 4506129,
  },
  {
    "abilityID": 357825,
    "eventType": "ApplyBuff",
    "targetPlayerID": null,
    "timestamp": 4510612,
  },
  {
    "abilityID": 357706,
    "eventType": "ApplyBuff",
    "targetPlayerID": null,
    "timestamp": 4741467,
  },
  {
    "abilityID": 357863,
    "eventType": "ApplyBuff",
    "targetPlayerID": null,
    "timestamp": 4741845,
  },
  {
    "abilityID": 357747,
    "eventType": "ApplyBuff",
    "targetPlayerID": null,
    "timestamp": 4749497,
  },
  {
    "abilityID": 357897,
    "eventType": "ApplyBuff",
    "targetPlayerID": null,
    "timestamp": 5090742,
  },
  {
    "abilityID": 356828,
    "eventType": "ApplyBuff",
    "targetPlayerID": null,
    "timestamp": 5461614,
  },
  {
    "abilityID": 357524,
    "eventType": "ApplyBuff",
    "targetPlayerID": null,
    "timestamp": 5463026,
  },
  {
    "abilityID": 357524,
    "eventType": "ApplyBuff",
    "targetPlayerID": null,
    "timestamp": 5463652,
  },
  {
    "abilityID": 357556,
    "eventType": "ApplyBuff",
    "targetPlayerID": null,
    "timestamp": 5465915,
  },
  {
    "abilityID": 356828,
    "eventType": "ApplyBuff",
    "targetPlayerID": null,
    "timestamp": 5466022,
  },
]
`;
